ARM GAS  C:\Users\larco\AppData\Local\Temp\ccVflAi7.s 			page 1


   1              		.syntax unified
   2              		.cpu cortex-m3
   3              		.fpu softvfp
   4              		.eabi_attribute 20, 1
   5              		.eabi_attribute 21, 1
   6              		.eabi_attribute 23, 3
   7              		.eabi_attribute 24, 1
   8              		.eabi_attribute 25, 1
   9              		.eabi_attribute 26, 1
  10              		.eabi_attribute 30, 2
  11              		.eabi_attribute 34, 1
  12              		.eabi_attribute 18, 4
  13              		.thumb
  14              		.syntax unified
  15              		.file	"ADC_DelSig_1_INT.c"
  16              		.text
  17              	.Ltext0:
  18              		.cfi_sections	.debug_frame
  19              		.section	.text.ADC_DelSig_1_ISR1,"ax",%progbits
  20              		.align	2
  21              		.global	ADC_DelSig_1_ISR1
  22              		.thumb
  23              		.thumb_func
  24              		.type	ADC_DelSig_1_ISR1, %function
  25              	ADC_DelSig_1_ISR1:
  26              	.LFB9:
  27              		.cfi_startproc
  28              		@ args = 0, pretend = 0, frame = 0
  29              		@ frame_needed = 0, uses_anonymous_args = 0
  30              		@ link register save eliminated.
  31 0000 7047     		bx	lr
  32              		.cfi_endproc
  33              	.LFE9:
  34              		.size	ADC_DelSig_1_ISR1, .-ADC_DelSig_1_ISR1
  35 0002 00BF     		.section	.text.ADC_DelSig_1_ISR2,"ax",%progbits
  36              		.align	2
  37              		.global	ADC_DelSig_1_ISR2
  38              		.thumb
  39              		.thumb_func
  40              		.type	ADC_DelSig_1_ISR2, %function
  41              	ADC_DelSig_1_ISR2:
  42              	.LFB7:
  43              		.cfi_startproc
  44              		@ args = 0, pretend = 0, frame = 0
  45              		@ frame_needed = 0, uses_anonymous_args = 0
  46              		@ link register save eliminated.
  47 0000 7047     		bx	lr
  48              		.cfi_endproc
  49              	.LFE7:
  50              		.size	ADC_DelSig_1_ISR2, .-ADC_DelSig_1_ISR2
  51 0002 00BF     		.section	.text.ADC_DelSig_1_ISR3,"ax",%progbits
  52              		.align	2
  53              		.global	ADC_DelSig_1_ISR3
  54              		.thumb
  55              		.thumb_func
  56              		.type	ADC_DelSig_1_ISR3, %function
  57              	ADC_DelSig_1_ISR3:
ARM GAS  C:\Users\larco\AppData\Local\Temp\ccVflAi7.s 			page 2


  58              	.LFB5:
  59              		.cfi_startproc
  60              		@ args = 0, pretend = 0, frame = 0
  61              		@ frame_needed = 0, uses_anonymous_args = 0
  62              		@ link register save eliminated.
  63 0000 7047     		bx	lr
  64              		.cfi_endproc
  65              	.LFE5:
  66              		.size	ADC_DelSig_1_ISR3, .-ADC_DelSig_1_ISR3
  67 0002 00BF     		.section	.text.ADC_DelSig_1_ISR4,"ax",%progbits
  68              		.align	2
  69              		.global	ADC_DelSig_1_ISR4
  70              		.thumb
  71              		.thumb_func
  72              		.type	ADC_DelSig_1_ISR4, %function
  73              	ADC_DelSig_1_ISR4:
  74              	.LFB3:
  75              		.file 1 "Generated_Source\\PSoC5\\ADC_DelSig_1_INT.c"
   1:Generated_Source\PSoC5/ADC_DelSig_1_INT.c **** /*******************************************************************************
   2:Generated_Source\PSoC5/ADC_DelSig_1_INT.c **** * File Name: ADC_DelSig_1_INT.c
   3:Generated_Source\PSoC5/ADC_DelSig_1_INT.c **** * Version 3.30
   4:Generated_Source\PSoC5/ADC_DelSig_1_INT.c **** *
   5:Generated_Source\PSoC5/ADC_DelSig_1_INT.c **** * Description:
   6:Generated_Source\PSoC5/ADC_DelSig_1_INT.c **** *  This file contains the code that operates during the ADC_DelSig interrupt
   7:Generated_Source\PSoC5/ADC_DelSig_1_INT.c **** *  service routine.
   8:Generated_Source\PSoC5/ADC_DelSig_1_INT.c **** *
   9:Generated_Source\PSoC5/ADC_DelSig_1_INT.c **** * Note:
  10:Generated_Source\PSoC5/ADC_DelSig_1_INT.c **** *
  11:Generated_Source\PSoC5/ADC_DelSig_1_INT.c **** ********************************************************************************
  12:Generated_Source\PSoC5/ADC_DelSig_1_INT.c **** * Copyright 2008-2017, Cypress Semiconductor Corporation.  All rights reserved.
  13:Generated_Source\PSoC5/ADC_DelSig_1_INT.c **** * You may use this file only in accordance with the license, terms, conditions,
  14:Generated_Source\PSoC5/ADC_DelSig_1_INT.c **** * disclaimers, and limitations in the end user license agreement accompanying
  15:Generated_Source\PSoC5/ADC_DelSig_1_INT.c **** * the software package with which this file was provided.
  16:Generated_Source\PSoC5/ADC_DelSig_1_INT.c **** *******************************************************************************/
  17:Generated_Source\PSoC5/ADC_DelSig_1_INT.c **** 
  18:Generated_Source\PSoC5/ADC_DelSig_1_INT.c **** #include "ADC_DelSig_1.h"
  19:Generated_Source\PSoC5/ADC_DelSig_1_INT.c **** #include "cyapicallbacks.h"
  20:Generated_Source\PSoC5/ADC_DelSig_1_INT.c **** 
  21:Generated_Source\PSoC5/ADC_DelSig_1_INT.c **** 
  22:Generated_Source\PSoC5/ADC_DelSig_1_INT.c **** /*******************************************************************************
  23:Generated_Source\PSoC5/ADC_DelSig_1_INT.c **** * Custom Declarations and Variables
  24:Generated_Source\PSoC5/ADC_DelSig_1_INT.c **** * - add user include files, prototypes and variables between the following
  25:Generated_Source\PSoC5/ADC_DelSig_1_INT.c **** *   #START and #END tags
  26:Generated_Source\PSoC5/ADC_DelSig_1_INT.c **** *******************************************************************************/
  27:Generated_Source\PSoC5/ADC_DelSig_1_INT.c **** /* `#START ADC_SYS_VAR`  */
  28:Generated_Source\PSoC5/ADC_DelSig_1_INT.c **** 
  29:Generated_Source\PSoC5/ADC_DelSig_1_INT.c **** /* `#END`  */
  30:Generated_Source\PSoC5/ADC_DelSig_1_INT.c **** 
  31:Generated_Source\PSoC5/ADC_DelSig_1_INT.c **** #if(ADC_DelSig_1_IRQ_REMOVE == 0u)
  32:Generated_Source\PSoC5/ADC_DelSig_1_INT.c **** 
  33:Generated_Source\PSoC5/ADC_DelSig_1_INT.c **** 
  34:Generated_Source\PSoC5/ADC_DelSig_1_INT.c ****     /*****************************************************************************
  35:Generated_Source\PSoC5/ADC_DelSig_1_INT.c ****     * Function Name: ADC_DelSig_1_ISR1
  36:Generated_Source\PSoC5/ADC_DelSig_1_INT.c ****     ******************************************************************************
  37:Generated_Source\PSoC5/ADC_DelSig_1_INT.c ****     *
  38:Generated_Source\PSoC5/ADC_DelSig_1_INT.c ****     * Summary:
  39:Generated_Source\PSoC5/ADC_DelSig_1_INT.c ****     *  Handle Interrupt Service Routine.
ARM GAS  C:\Users\larco\AppData\Local\Temp\ccVflAi7.s 			page 3


  40:Generated_Source\PSoC5/ADC_DelSig_1_INT.c ****     *
  41:Generated_Source\PSoC5/ADC_DelSig_1_INT.c ****     * Parameters:
  42:Generated_Source\PSoC5/ADC_DelSig_1_INT.c ****     *  None
  43:Generated_Source\PSoC5/ADC_DelSig_1_INT.c ****     *
  44:Generated_Source\PSoC5/ADC_DelSig_1_INT.c ****     * Return:
  45:Generated_Source\PSoC5/ADC_DelSig_1_INT.c ****     *  None
  46:Generated_Source\PSoC5/ADC_DelSig_1_INT.c ****     *
  47:Generated_Source\PSoC5/ADC_DelSig_1_INT.c ****     * Reentrant:
  48:Generated_Source\PSoC5/ADC_DelSig_1_INT.c ****     *  No
  49:Generated_Source\PSoC5/ADC_DelSig_1_INT.c ****     *
  50:Generated_Source\PSoC5/ADC_DelSig_1_INT.c ****     *****************************************************************************/
  51:Generated_Source\PSoC5/ADC_DelSig_1_INT.c ****     CY_ISR( ADC_DelSig_1_ISR1)
  52:Generated_Source\PSoC5/ADC_DelSig_1_INT.c ****     {
  53:Generated_Source\PSoC5/ADC_DelSig_1_INT.c ****         #ifdef ADC_DelSig_1_ISR1_ENTRY_CALLBACK
  54:Generated_Source\PSoC5/ADC_DelSig_1_INT.c ****             ADC_DelSig_1_ISR1_EntryCallback();
  55:Generated_Source\PSoC5/ADC_DelSig_1_INT.c ****         #endif /* ADC_DelSig_1_ISR1_ENTRY_CALLBACK */
  56:Generated_Source\PSoC5/ADC_DelSig_1_INT.c ****         
  57:Generated_Source\PSoC5/ADC_DelSig_1_INT.c **** 
  58:Generated_Source\PSoC5/ADC_DelSig_1_INT.c ****         /**************************************************************************
  59:Generated_Source\PSoC5/ADC_DelSig_1_INT.c ****         *  Custom Code
  60:Generated_Source\PSoC5/ADC_DelSig_1_INT.c ****         *  - add user ISR code between the following #START and #END tags
  61:Generated_Source\PSoC5/ADC_DelSig_1_INT.c ****         **************************************************************************/
  62:Generated_Source\PSoC5/ADC_DelSig_1_INT.c ****         /* `#START MAIN_ADC_ISR1`  */
  63:Generated_Source\PSoC5/ADC_DelSig_1_INT.c **** 
  64:Generated_Source\PSoC5/ADC_DelSig_1_INT.c ****         /* `#END`  */
  65:Generated_Source\PSoC5/ADC_DelSig_1_INT.c ****         
  66:Generated_Source\PSoC5/ADC_DelSig_1_INT.c ****         /* Stop the conversion if conversion mode is single sample and resolution
  67:Generated_Source\PSoC5/ADC_DelSig_1_INT.c ****         *  is above 16 bits.
  68:Generated_Source\PSoC5/ADC_DelSig_1_INT.c ****         */
  69:Generated_Source\PSoC5/ADC_DelSig_1_INT.c ****         #if(ADC_DelSig_1_CFG1_RESOLUTION > 16 && \
  70:Generated_Source\PSoC5/ADC_DelSig_1_INT.c ****             ADC_DelSig_1_CFG1_CONV_MODE == ADC_DelSig_1_MODE_SINGLE_SAMPLE)
  71:Generated_Source\PSoC5/ADC_DelSig_1_INT.c ****             ADC_DelSig_1_StopConvert();
  72:Generated_Source\PSoC5/ADC_DelSig_1_INT.c ****             /* Software flag for checking conversion complete or not. Will be used when
  73:Generated_Source\PSoC5/ADC_DelSig_1_INT.c ****             *  resolution is above 16 bits and conversion mode is single sample 
  74:Generated_Source\PSoC5/ADC_DelSig_1_INT.c **** 			*/
  75:Generated_Source\PSoC5/ADC_DelSig_1_INT.c ****             ADC_DelSig_1_convDone = ADC_DelSig_1_DEC_CONV_DONE;
  76:Generated_Source\PSoC5/ADC_DelSig_1_INT.c ****         #endif /* Single sample conversion mode with resolution above 16 bits */
  77:Generated_Source\PSoC5/ADC_DelSig_1_INT.c **** 
  78:Generated_Source\PSoC5/ADC_DelSig_1_INT.c ****         #ifdef ADC_DelSig_1_ISR1_EXIT_CALLBACK
  79:Generated_Source\PSoC5/ADC_DelSig_1_INT.c ****             ADC_DelSig_1_ISR1_ExitCallback();
  80:Generated_Source\PSoC5/ADC_DelSig_1_INT.c ****         #endif /* ADC_DelSig_1_ISR1_EXIT_CALLBACK */
  81:Generated_Source\PSoC5/ADC_DelSig_1_INT.c ****     }
  82:Generated_Source\PSoC5/ADC_DelSig_1_INT.c **** 
  83:Generated_Source\PSoC5/ADC_DelSig_1_INT.c **** 
  84:Generated_Source\PSoC5/ADC_DelSig_1_INT.c ****     /*****************************************************************************
  85:Generated_Source\PSoC5/ADC_DelSig_1_INT.c ****     * Function Name: ADC_DelSig_1_ISR2
  86:Generated_Source\PSoC5/ADC_DelSig_1_INT.c ****     ******************************************************************************
  87:Generated_Source\PSoC5/ADC_DelSig_1_INT.c ****     *
  88:Generated_Source\PSoC5/ADC_DelSig_1_INT.c ****     * Summary:
  89:Generated_Source\PSoC5/ADC_DelSig_1_INT.c ****     *  Handle Interrupt Service Routine.
  90:Generated_Source\PSoC5/ADC_DelSig_1_INT.c ****     *
  91:Generated_Source\PSoC5/ADC_DelSig_1_INT.c ****     * Parameters:
  92:Generated_Source\PSoC5/ADC_DelSig_1_INT.c ****     *  None
  93:Generated_Source\PSoC5/ADC_DelSig_1_INT.c ****     *
  94:Generated_Source\PSoC5/ADC_DelSig_1_INT.c ****     * Return:
  95:Generated_Source\PSoC5/ADC_DelSig_1_INT.c ****     *  None
  96:Generated_Source\PSoC5/ADC_DelSig_1_INT.c ****     *
ARM GAS  C:\Users\larco\AppData\Local\Temp\ccVflAi7.s 			page 4


  97:Generated_Source\PSoC5/ADC_DelSig_1_INT.c ****     * Reentrant:
  98:Generated_Source\PSoC5/ADC_DelSig_1_INT.c ****     *  No
  99:Generated_Source\PSoC5/ADC_DelSig_1_INT.c ****     *
 100:Generated_Source\PSoC5/ADC_DelSig_1_INT.c ****     *****************************************************************************/
 101:Generated_Source\PSoC5/ADC_DelSig_1_INT.c ****     CY_ISR( ADC_DelSig_1_ISR2)
 102:Generated_Source\PSoC5/ADC_DelSig_1_INT.c ****     {
 103:Generated_Source\PSoC5/ADC_DelSig_1_INT.c ****         #ifdef ADC_DelSig_1_ISR2_ENTRY_CALLBACK
 104:Generated_Source\PSoC5/ADC_DelSig_1_INT.c ****             ADC_DelSig_1_ISR2_EntryCallback();
 105:Generated_Source\PSoC5/ADC_DelSig_1_INT.c ****         #endif /* ADC_DelSig_1_ISR2_ENTRY_CALLBACK */
 106:Generated_Source\PSoC5/ADC_DelSig_1_INT.c ****         
 107:Generated_Source\PSoC5/ADC_DelSig_1_INT.c ****         
 108:Generated_Source\PSoC5/ADC_DelSig_1_INT.c ****         /***************************************************************************
 109:Generated_Source\PSoC5/ADC_DelSig_1_INT.c ****         *  Custom Code
 110:Generated_Source\PSoC5/ADC_DelSig_1_INT.c ****         *  - add user ISR code between the following #START and #END tags
 111:Generated_Source\PSoC5/ADC_DelSig_1_INT.c ****         **************************************************************************/
 112:Generated_Source\PSoC5/ADC_DelSig_1_INT.c ****         /* `#START MAIN_ADC_ISR2`  */
 113:Generated_Source\PSoC5/ADC_DelSig_1_INT.c **** 
 114:Generated_Source\PSoC5/ADC_DelSig_1_INT.c ****         /* `#END`  */
 115:Generated_Source\PSoC5/ADC_DelSig_1_INT.c **** 
 116:Generated_Source\PSoC5/ADC_DelSig_1_INT.c ****         /* Stop the conversion conversion mode is single sample and resolution
 117:Generated_Source\PSoC5/ADC_DelSig_1_INT.c ****         *  is above 16 bits.
 118:Generated_Source\PSoC5/ADC_DelSig_1_INT.c ****         */
 119:Generated_Source\PSoC5/ADC_DelSig_1_INT.c ****         #if(ADC_DelSig_1_CFG2_RESOLUTION > 16 && \
 120:Generated_Source\PSoC5/ADC_DelSig_1_INT.c ****             ADC_DelSig_1_CFG2_CONVMODE == ADC_DelSig_1_MODE_SINGLE_SAMPLE)
 121:Generated_Source\PSoC5/ADC_DelSig_1_INT.c ****             ADC_DelSig_1_StopConvert();
 122:Generated_Source\PSoC5/ADC_DelSig_1_INT.c ****             /* Software flag for checking conversion complete or not. Will be used when
 123:Generated_Source\PSoC5/ADC_DelSig_1_INT.c ****             *   resolution is above 16 bits and conversion mode is single sample 
 124:Generated_Source\PSoC5/ADC_DelSig_1_INT.c **** 			*/
 125:Generated_Source\PSoC5/ADC_DelSig_1_INT.c ****             ADC_DelSig_1_convDone = ADC_DelSig_1_DEC_CONV_DONE;
 126:Generated_Source\PSoC5/ADC_DelSig_1_INT.c ****         #endif /* Single sample conversion mode with resolution above 16 bits */
 127:Generated_Source\PSoC5/ADC_DelSig_1_INT.c **** 
 128:Generated_Source\PSoC5/ADC_DelSig_1_INT.c ****         #ifdef ADC_DelSig_1_ISR2_EXIT_CALLBACK
 129:Generated_Source\PSoC5/ADC_DelSig_1_INT.c ****             ADC_DelSig_1_ISR2_ExitCallback();
 130:Generated_Source\PSoC5/ADC_DelSig_1_INT.c ****         #endif /* ADC_DelSig_1_ISR2_EXIT_CALLBACK */
 131:Generated_Source\PSoC5/ADC_DelSig_1_INT.c ****     }
 132:Generated_Source\PSoC5/ADC_DelSig_1_INT.c **** 
 133:Generated_Source\PSoC5/ADC_DelSig_1_INT.c **** 
 134:Generated_Source\PSoC5/ADC_DelSig_1_INT.c ****     /*****************************************************************************
 135:Generated_Source\PSoC5/ADC_DelSig_1_INT.c ****     * Function Name: ADC_DelSig_1_ISR3
 136:Generated_Source\PSoC5/ADC_DelSig_1_INT.c ****     ******************************************************************************
 137:Generated_Source\PSoC5/ADC_DelSig_1_INT.c ****     *
 138:Generated_Source\PSoC5/ADC_DelSig_1_INT.c ****     * Summary:
 139:Generated_Source\PSoC5/ADC_DelSig_1_INT.c ****     *  Handle Interrupt Service Routine.
 140:Generated_Source\PSoC5/ADC_DelSig_1_INT.c ****     *
 141:Generated_Source\PSoC5/ADC_DelSig_1_INT.c ****     * Parameters:
 142:Generated_Source\PSoC5/ADC_DelSig_1_INT.c ****     *  None
 143:Generated_Source\PSoC5/ADC_DelSig_1_INT.c ****     *
 144:Generated_Source\PSoC5/ADC_DelSig_1_INT.c ****     * Return:
 145:Generated_Source\PSoC5/ADC_DelSig_1_INT.c ****     *  None
 146:Generated_Source\PSoC5/ADC_DelSig_1_INT.c ****     *
 147:Generated_Source\PSoC5/ADC_DelSig_1_INT.c ****     * Reentrant:
 148:Generated_Source\PSoC5/ADC_DelSig_1_INT.c ****     *  No
 149:Generated_Source\PSoC5/ADC_DelSig_1_INT.c ****     *
 150:Generated_Source\PSoC5/ADC_DelSig_1_INT.c ****     *****************************************************************************/
 151:Generated_Source\PSoC5/ADC_DelSig_1_INT.c ****     CY_ISR( ADC_DelSig_1_ISR3)
 152:Generated_Source\PSoC5/ADC_DelSig_1_INT.c ****     {
 153:Generated_Source\PSoC5/ADC_DelSig_1_INT.c ****         #ifdef ADC_DelSig_1_ISR3_ENTRY_CALLBACK
ARM GAS  C:\Users\larco\AppData\Local\Temp\ccVflAi7.s 			page 5


 154:Generated_Source\PSoC5/ADC_DelSig_1_INT.c ****             ADC_DelSig_1_ISR3_EntryCallback();
 155:Generated_Source\PSoC5/ADC_DelSig_1_INT.c ****         #endif /* ADC_DelSig_1_ISR3_ENTRY_CALLBACK */        
 156:Generated_Source\PSoC5/ADC_DelSig_1_INT.c **** 
 157:Generated_Source\PSoC5/ADC_DelSig_1_INT.c ****         
 158:Generated_Source\PSoC5/ADC_DelSig_1_INT.c ****         /***************************************************************************
 159:Generated_Source\PSoC5/ADC_DelSig_1_INT.c ****         *  Custom Code
 160:Generated_Source\PSoC5/ADC_DelSig_1_INT.c ****         *  - add user ISR code between the following #START and #END tags
 161:Generated_Source\PSoC5/ADC_DelSig_1_INT.c ****         **************************************************************************/
 162:Generated_Source\PSoC5/ADC_DelSig_1_INT.c ****         /* `#START MAIN_ADC_ISR3`  */
 163:Generated_Source\PSoC5/ADC_DelSig_1_INT.c **** 
 164:Generated_Source\PSoC5/ADC_DelSig_1_INT.c ****         /* `#END`  */
 165:Generated_Source\PSoC5/ADC_DelSig_1_INT.c ****         
 166:Generated_Source\PSoC5/ADC_DelSig_1_INT.c ****         /* Stop the conversion if conversion mode is set to single sample and
 167:Generated_Source\PSoC5/ADC_DelSig_1_INT.c ****         *  resolution is above 16 bits.
 168:Generated_Source\PSoC5/ADC_DelSig_1_INT.c ****         */
 169:Generated_Source\PSoC5/ADC_DelSig_1_INT.c ****         #if(ADC_DelSig_1_CFG3_RESOLUTION > 16 && \
 170:Generated_Source\PSoC5/ADC_DelSig_1_INT.c ****             ADC_DelSig_1_CFG3_CONVMODE == ADC_DelSig_1_MODE_SINGLE_SAMPLE)
 171:Generated_Source\PSoC5/ADC_DelSig_1_INT.c ****             ADC_DelSig_1_StopConvert();
 172:Generated_Source\PSoC5/ADC_DelSig_1_INT.c ****             /* Software flag for checking conversion complete or not. Will be used when
 173:Generated_Source\PSoC5/ADC_DelSig_1_INT.c ****             *  resolution is above 16 bits and conversion mode is single sample 
 174:Generated_Source\PSoC5/ADC_DelSig_1_INT.c **** 			*/
 175:Generated_Source\PSoC5/ADC_DelSig_1_INT.c ****             ADC_DelSig_1_convDone = ADC_DelSig_1_DEC_CONV_DONE;
 176:Generated_Source\PSoC5/ADC_DelSig_1_INT.c ****         #endif /* Single sample conversion mode with resolution above 16 bits */
 177:Generated_Source\PSoC5/ADC_DelSig_1_INT.c **** 
 178:Generated_Source\PSoC5/ADC_DelSig_1_INT.c ****         #ifdef ADC_DelSig_1_ISR3_EXIT_CALLBACK
 179:Generated_Source\PSoC5/ADC_DelSig_1_INT.c ****             ADC_DelSig_1_ISR3_ExitCallback();
 180:Generated_Source\PSoC5/ADC_DelSig_1_INT.c ****         #endif /* ADC_DelSig_1_ISR3_EXIT_CALLBACK */        
 181:Generated_Source\PSoC5/ADC_DelSig_1_INT.c ****     }
 182:Generated_Source\PSoC5/ADC_DelSig_1_INT.c **** 
 183:Generated_Source\PSoC5/ADC_DelSig_1_INT.c **** 
 184:Generated_Source\PSoC5/ADC_DelSig_1_INT.c ****     /*****************************************************************************
 185:Generated_Source\PSoC5/ADC_DelSig_1_INT.c ****     * Function Name: ADC_DelSig_1_ISR4
 186:Generated_Source\PSoC5/ADC_DelSig_1_INT.c ****     ******************************************************************************
 187:Generated_Source\PSoC5/ADC_DelSig_1_INT.c ****     *
 188:Generated_Source\PSoC5/ADC_DelSig_1_INT.c ****     * Summary:
 189:Generated_Source\PSoC5/ADC_DelSig_1_INT.c ****     *  Handle Interrupt Service Routine.
 190:Generated_Source\PSoC5/ADC_DelSig_1_INT.c ****     *
 191:Generated_Source\PSoC5/ADC_DelSig_1_INT.c ****     * Parameters:
 192:Generated_Source\PSoC5/ADC_DelSig_1_INT.c ****     *  None
 193:Generated_Source\PSoC5/ADC_DelSig_1_INT.c ****     *
 194:Generated_Source\PSoC5/ADC_DelSig_1_INT.c ****     * Return:
 195:Generated_Source\PSoC5/ADC_DelSig_1_INT.c ****     *  None
 196:Generated_Source\PSoC5/ADC_DelSig_1_INT.c ****     *
 197:Generated_Source\PSoC5/ADC_DelSig_1_INT.c ****     * Reentrant:
 198:Generated_Source\PSoC5/ADC_DelSig_1_INT.c ****     *  No
 199:Generated_Source\PSoC5/ADC_DelSig_1_INT.c ****     *
 200:Generated_Source\PSoC5/ADC_DelSig_1_INT.c ****     *****************************************************************************/
 201:Generated_Source\PSoC5/ADC_DelSig_1_INT.c ****     CY_ISR( ADC_DelSig_1_ISR4)
 202:Generated_Source\PSoC5/ADC_DelSig_1_INT.c ****     {
  76              		.loc 1 202 0
  77              		.cfi_startproc
  78              		@ args = 0, pretend = 0, frame = 0
  79              		@ frame_needed = 0, uses_anonymous_args = 0
  80              		@ link register save eliminated.
  81 0000 7047     		bx	lr
  82              		.cfi_endproc
  83              	.LFE3:
ARM GAS  C:\Users\larco\AppData\Local\Temp\ccVflAi7.s 			page 6


  84              		.size	ADC_DelSig_1_ISR4, .-ADC_DelSig_1_ISR4
  85 0002 00BF     		.text
  86              	.Letext0:
  87              		.section	.debug_info,"",%progbits
  88              	.Ldebug_info0:
  89 0000 A2000000 		.4byte	0xa2
  90 0004 0400     		.2byte	0x4
  91 0006 00000000 		.4byte	.Ldebug_abbrev0
  92 000a 04       		.byte	0x4
  93 000b 01       		.uleb128 0x1
  94 000c 32010000 		.4byte	.LASF14
  95 0010 0C       		.byte	0xc
  96 0011 1B000000 		.4byte	.LASF15
  97 0015 45000000 		.4byte	.LASF16
  98 0019 00000000 		.4byte	.Ldebug_ranges0+0
  99 001d 00000000 		.4byte	0
 100 0021 00000000 		.4byte	.Ldebug_line0
 101 0025 02       		.uleb128 0x2
 102 0026 01       		.byte	0x1
 103 0027 06       		.byte	0x6
 104 0028 E6010000 		.4byte	.LASF0
 105 002c 02       		.uleb128 0x2
 106 002d 01       		.byte	0x1
 107 002e 08       		.byte	0x8
 108 002f 0F010000 		.4byte	.LASF1
 109 0033 02       		.uleb128 0x2
 110 0034 02       		.byte	0x2
 111 0035 05       		.byte	0x5
 112 0036 FE010000 		.4byte	.LASF2
 113 003a 02       		.uleb128 0x2
 114 003b 02       		.byte	0x2
 115 003c 07       		.byte	0x7
 116 003d D3010000 		.4byte	.LASF3
 117 0041 02       		.uleb128 0x2
 118 0042 04       		.byte	0x4
 119 0043 05       		.byte	0x5
 120 0044 22010000 		.4byte	.LASF4
 121 0048 02       		.uleb128 0x2
 122 0049 04       		.byte	0x4
 123 004a 07       		.byte	0x7
 124 004b CE000000 		.4byte	.LASF5
 125 004f 02       		.uleb128 0x2
 126 0050 08       		.byte	0x8
 127 0051 05       		.byte	0x5
 128 0052 00000000 		.4byte	.LASF6
 129 0056 02       		.uleb128 0x2
 130 0057 08       		.byte	0x8
 131 0058 07       		.byte	0x7
 132 0059 E0000000 		.4byte	.LASF7
 133 005d 03       		.uleb128 0x3
 134 005e 04       		.byte	0x4
 135 005f 05       		.byte	0x5
 136 0060 696E7400 		.ascii	"int\000"
 137 0064 02       		.uleb128 0x2
 138 0065 04       		.byte	0x4
 139 0066 07       		.byte	0x7
 140 0067 0E000000 		.4byte	.LASF8
ARM GAS  C:\Users\larco\AppData\Local\Temp\ccVflAi7.s 			page 7


 141 006b 02       		.uleb128 0x2
 142 006c 04       		.byte	0x4
 143 006d 04       		.byte	0x4
 144 006e 09010000 		.4byte	.LASF9
 145 0072 02       		.uleb128 0x2
 146 0073 08       		.byte	0x8
 147 0074 04       		.byte	0x4
 148 0075 2B010000 		.4byte	.LASF10
 149 0079 02       		.uleb128 0x2
 150 007a 01       		.byte	0x1
 151 007b 08       		.byte	0x8
 152 007c 1D010000 		.4byte	.LASF11
 153 0080 02       		.uleb128 0x2
 154 0081 08       		.byte	0x8
 155 0082 04       		.byte	0x4
 156 0083 F2010000 		.4byte	.LASF12
 157 0087 02       		.uleb128 0x2
 158 0088 04       		.byte	0x4
 159 0089 07       		.byte	0x7
 160 008a 08020000 		.4byte	.LASF13
 161 008e 04       		.uleb128 0x4
 162 008f F7000000 		.4byte	.LASF17
 163 0093 01       		.byte	0x1
 164 0094 C9       		.byte	0xc9
 165 0095 01       		.byte	0x1
 166 0096 05       		.uleb128 0x5
 167 0097 8E000000 		.4byte	0x8e
 168 009b 00000000 		.4byte	.LFB3
 169 009f 02000000 		.4byte	.LFE3-.LFB3
 170 00a3 01       		.uleb128 0x1
 171 00a4 9C       		.byte	0x9c
 172 00a5 00       		.byte	0
 173              		.section	.debug_abbrev,"",%progbits
 174              	.Ldebug_abbrev0:
 175 0000 01       		.uleb128 0x1
 176 0001 11       		.uleb128 0x11
 177 0002 01       		.byte	0x1
 178 0003 25       		.uleb128 0x25
 179 0004 0E       		.uleb128 0xe
 180 0005 13       		.uleb128 0x13
 181 0006 0B       		.uleb128 0xb
 182 0007 03       		.uleb128 0x3
 183 0008 0E       		.uleb128 0xe
 184 0009 1B       		.uleb128 0x1b
 185 000a 0E       		.uleb128 0xe
 186 000b 55       		.uleb128 0x55
 187 000c 17       		.uleb128 0x17
 188 000d 11       		.uleb128 0x11
 189 000e 01       		.uleb128 0x1
 190 000f 10       		.uleb128 0x10
 191 0010 17       		.uleb128 0x17
 192 0011 00       		.byte	0
 193 0012 00       		.byte	0
 194 0013 02       		.uleb128 0x2
 195 0014 24       		.uleb128 0x24
 196 0015 00       		.byte	0
 197 0016 0B       		.uleb128 0xb
ARM GAS  C:\Users\larco\AppData\Local\Temp\ccVflAi7.s 			page 8


 198 0017 0B       		.uleb128 0xb
 199 0018 3E       		.uleb128 0x3e
 200 0019 0B       		.uleb128 0xb
 201 001a 03       		.uleb128 0x3
 202 001b 0E       		.uleb128 0xe
 203 001c 00       		.byte	0
 204 001d 00       		.byte	0
 205 001e 03       		.uleb128 0x3
 206 001f 24       		.uleb128 0x24
 207 0020 00       		.byte	0
 208 0021 0B       		.uleb128 0xb
 209 0022 0B       		.uleb128 0xb
 210 0023 3E       		.uleb128 0x3e
 211 0024 0B       		.uleb128 0xb
 212 0025 03       		.uleb128 0x3
 213 0026 08       		.uleb128 0x8
 214 0027 00       		.byte	0
 215 0028 00       		.byte	0
 216 0029 04       		.uleb128 0x4
 217 002a 2E       		.uleb128 0x2e
 218 002b 00       		.byte	0
 219 002c 3F       		.uleb128 0x3f
 220 002d 19       		.uleb128 0x19
 221 002e 03       		.uleb128 0x3
 222 002f 0E       		.uleb128 0xe
 223 0030 3A       		.uleb128 0x3a
 224 0031 0B       		.uleb128 0xb
 225 0032 3B       		.uleb128 0x3b
 226 0033 0B       		.uleb128 0xb
 227 0034 27       		.uleb128 0x27
 228 0035 19       		.uleb128 0x19
 229 0036 20       		.uleb128 0x20
 230 0037 0B       		.uleb128 0xb
 231 0038 00       		.byte	0
 232 0039 00       		.byte	0
 233 003a 05       		.uleb128 0x5
 234 003b 2E       		.uleb128 0x2e
 235 003c 00       		.byte	0
 236 003d 31       		.uleb128 0x31
 237 003e 13       		.uleb128 0x13
 238 003f 11       		.uleb128 0x11
 239 0040 01       		.uleb128 0x1
 240 0041 12       		.uleb128 0x12
 241 0042 06       		.uleb128 0x6
 242 0043 40       		.uleb128 0x40
 243 0044 18       		.uleb128 0x18
 244 0045 9742     		.uleb128 0x2117
 245 0047 19       		.uleb128 0x19
 246 0048 00       		.byte	0
 247 0049 00       		.byte	0
 248 004a 00       		.byte	0
 249              		.section	.debug_aranges,"",%progbits
 250 0000 1C000000 		.4byte	0x1c
 251 0004 0200     		.2byte	0x2
 252 0006 00000000 		.4byte	.Ldebug_info0
 253 000a 04       		.byte	0x4
 254 000b 00       		.byte	0
ARM GAS  C:\Users\larco\AppData\Local\Temp\ccVflAi7.s 			page 9


 255 000c 0000     		.2byte	0
 256 000e 0000     		.2byte	0
 257 0010 00000000 		.4byte	.LFB3
 258 0014 02000000 		.4byte	.LFE3-.LFB3
 259 0018 00000000 		.4byte	0
 260 001c 00000000 		.4byte	0
 261              		.section	.debug_ranges,"",%progbits
 262              	.Ldebug_ranges0:
 263 0000 00000000 		.4byte	.LFB3
 264 0004 02000000 		.4byte	.LFE3
 265 0008 00000000 		.4byte	0
 266 000c 00000000 		.4byte	0
 267              		.section	.debug_line,"",%progbits
 268              	.Ldebug_line0:
 269 0000 56000000 		.section	.debug_str,"MS",%progbits,1
 269      02004000 
 269      00000201 
 269      FB0E0D00 
 269      01010101 
 270              	.LASF6:
 271 0000 6C6F6E67 		.ascii	"long long int\000"
 271      206C6F6E 
 271      6720696E 
 271      7400
 272              	.LASF8:
 273 000e 756E7369 		.ascii	"unsigned int\000"
 273      676E6564 
 273      20696E74 
 273      00
 274              	.LASF15:
 275 001b 47656E65 		.ascii	"Generated_Source\\PSoC5\\ADC_DelSig_1_INT.c\000"
 275      72617465 
 275      645F536F 
 275      75726365 
 275      5C50536F 
 276              	.LASF16:
 277 0045 443A5C44 		.ascii	"D:\\Dropbox\\DEVELOPMENT\\Audio visualizations\\Aud"
 277      726F7062 
 277      6F785C44 
 277      4556454C 
 277      4F504D45 
 278 0074 696F2073 		.ascii	"io spectrum analyzer zebrawood\\Firmware\\audioSpec"
 278      70656374 
 278      72756D20 
 278      616E616C 
 278      797A6572 
 279 00a5 7472756D 		.ascii	"trumAnalyzer\\audioSpectrumAnalyzer.cydsn\000"
 279      416E616C 
 279      797A6572 
 279      5C617564 
 279      696F5370 
 280              	.LASF5:
 281 00ce 6C6F6E67 		.ascii	"long unsigned int\000"
 281      20756E73 
 281      69676E65 
 281      6420696E 
 281      7400
ARM GAS  C:\Users\larco\AppData\Local\Temp\ccVflAi7.s 			page 10


 282              	.LASF7:
 283 00e0 6C6F6E67 		.ascii	"long long unsigned int\000"
 283      206C6F6E 
 283      6720756E 
 283      7369676E 
 283      65642069 
 284              	.LASF17:
 285 00f7 4144435F 		.ascii	"ADC_DelSig_1_ISR4\000"
 285      44656C53 
 285      69675F31 
 285      5F495352 
 285      3400
 286              	.LASF9:
 287 0109 666C6F61 		.ascii	"float\000"
 287      7400
 288              	.LASF1:
 289 010f 756E7369 		.ascii	"unsigned char\000"
 289      676E6564 
 289      20636861 
 289      7200
 290              	.LASF11:
 291 011d 63686172 		.ascii	"char\000"
 291      00
 292              	.LASF4:
 293 0122 6C6F6E67 		.ascii	"long int\000"
 293      20696E74 
 293      00
 294              	.LASF10:
 295 012b 646F7562 		.ascii	"double\000"
 295      6C6500
 296              	.LASF14:
 297 0132 474E5520 		.ascii	"GNU C11 5.4.1 20160609 (release) [ARM/embedded-5-br"
 297      43313120 
 297      352E342E 
 297      31203230 
 297      31363036 
 298 0165 616E6368 		.ascii	"anch revision 237715] -mcpu=cortex-m3 -mthumb -g -O"
 298      20726576 
 298      6973696F 
 298      6E203233 
 298      37373135 
 299 0198 33202D66 		.ascii	"3 -ffunction-sections -ffat-lto-objects -finline-fu"
 299      66756E63 
 299      74696F6E 
 299      2D736563 
 299      74696F6E 
 300 01cb 6E637469 		.ascii	"nctions\000"
 300      6F6E7300 
 301              	.LASF3:
 302 01d3 73686F72 		.ascii	"short unsigned int\000"
 302      7420756E 
 302      7369676E 
 302      65642069 
 302      6E7400
 303              	.LASF0:
 304 01e6 7369676E 		.ascii	"signed char\000"
 304      65642063 
ARM GAS  C:\Users\larco\AppData\Local\Temp\ccVflAi7.s 			page 11


 304      68617200 
 305              	.LASF12:
 306 01f2 6C6F6E67 		.ascii	"long double\000"
 306      20646F75 
 306      626C6500 
 307              	.LASF2:
 308 01fe 73686F72 		.ascii	"short int\000"
 308      7420696E 
 308      7400
 309              	.LASF13:
 310 0208 73697A65 		.ascii	"sizetype\000"
 310      74797065 
 310      00
 311              		.ident	"GCC: (GNU Tools for ARM Embedded Processors) 5.4.1 20160609 (release) [ARM/embedded-5-bran
