Archive member included to satisfy reference by file (symbol)

.\CortexM3\ARM_GCC_541\Debug\audioSpectrumAnalyzer.a(PGA_1.o)
                              .\CortexM3\ARM_GCC_541\Debug\main.o (PGA_1_Start)
.\CortexM3\ARM_GCC_541\Debug\audioSpectrumAnalyzer.a(CyDmac.o)
                              .\CortexM3\ARM_GCC_541\Debug\Cm3Start.o (CyDmacConfigure)
.\CortexM3\ARM_GCC_541\Debug\audioSpectrumAnalyzer.a(CyLib.o)
                              .\CortexM3\ARM_GCC_541\Debug\Cm3Start.o (CyHalt)
.\CortexM3\ARM_GCC_541\Debug\audioSpectrumAnalyzer.a(cyPm.o)
                              .\CortexM3\ARM_GCC_541\Debug\audioSpectrumAnalyzer.a(CyLib.o) (CyPmReadStatus)
.\CortexM3\ARM_GCC_541\Debug\audioSpectrumAnalyzer.a(ADC_DelSig_1.o)
                              .\CortexM3\ARM_GCC_541\Debug\main.o (ADC_DelSig_1_Start)
.\CortexM3\ARM_GCC_541\Debug\audioSpectrumAnalyzer.a(ADC_DelSig_1_INT.o)
                              .\CortexM3\ARM_GCC_541\Debug\audioSpectrumAnalyzer.a(ADC_DelSig_1.o) (ADC_DelSig_1_ISR1)
.\CortexM3\ARM_GCC_541\Debug\audioSpectrumAnalyzer.a(ADC_DelSig_1_Ext_CP_Clk.o)
                              .\CortexM3\ARM_GCC_541\Debug\audioSpectrumAnalyzer.a(ADC_DelSig_1.o) (ADC_DelSig_1_Ext_CP_Clk_SetDividerRegister)
.\CortexM3\ARM_GCC_541\Debug\audioSpectrumAnalyzer.a(ADC_DelSig_1_theACLK.o)
                              .\CortexM3\ARM_GCC_541\Debug\audioSpectrumAnalyzer.a(ADC_DelSig_1.o) (ADC_DelSig_1_theACLK_SetDividerRegister)
.\CortexM3\ARM_GCC_541\Debug\audioSpectrumAnalyzer.a(isr_adc_eoc.o)
                              .\CortexM3\ARM_GCC_541\Debug\main.o (isr_adc_eoc_Start)
.\CortexM3\ARM_GCC_541\Debug\audioSpectrumAnalyzer.a(Pin_debug1.o)
                              .\CortexM3\ARM_GCC_541\Debug\main.o (Pin_debug1_Write)
.\CortexM3\ARM_GCC_541\Debug\audioSpectrumAnalyzer.a(UART_1.o)
                              .\CortexM3\ARM_GCC_541\Debug\main.o (UART_1_Start)
.\CortexM3\ARM_GCC_541\Debug\audioSpectrumAnalyzer.a(UART_1_IntClock.o)
                              .\CortexM3\ARM_GCC_541\Debug\audioSpectrumAnalyzer.a(UART_1.o) (UART_1_IntClock_Start)
.\CortexM3\ARM_GCC_541\Debug\audioSpectrumAnalyzer.a(SPI_led.o)
                              .\CortexM3\ARM_GCC_541\Debug\main.o (SPI_led_Start)
.\CortexM3\ARM_GCC_541\Debug\audioSpectrumAnalyzer.a(Pin_LE.o)
                              .\CortexM3\ARM_GCC_541\Debug\main.o (Pin_LE_Write)
.\CortexM3\ARM_GCC_541\Debug\audioSpectrumAnalyzer.a(Pin_OE.o)
                              .\CortexM3\ARM_GCC_541\Debug\main.o (Pin_OE_Write)
.\CortexM3\ARM_GCC_541\Debug\audioSpectrumAnalyzer.a(isr_Pin_buttUp.o)
                              .\CortexM3\ARM_GCC_541\Debug\main.o (isr_Pin_buttUp_Start)
.\CortexM3\ARM_GCC_541\Debug\audioSpectrumAnalyzer.a(isr_Pin_buttDown.o)
                              .\CortexM3\ARM_GCC_541\Debug\main.o (isr_Pin_buttDown_Start)
.\CortexM3\ARM_GCC_541\Debug\audioSpectrumAnalyzer.a(CyBootAsmGnu.o)
                              .\CortexM3\ARM_GCC_541\Debug\cyfitter_cfg.o (CyDelayCycles)
.\CortexM3\ARM_GCC_541\Debug\audioSpectrumAnalyzer.a(CyFlash.o)
                              .\CortexM3\ARM_GCC_541\Debug\audioSpectrumAnalyzer.a(cyPm.o) (CyFlash_SetWaitCycles)
.\CortexM3\ARM_GCC_541\Debug\audioSpectrumAnalyzer.a(CySpc.o)
                              .\CortexM3\ARM_GCC_541\Debug\audioSpectrumAnalyzer.a(CyFlash.o) (CySpcStart)
c:/program files (x86)/cypress/psoc creator/4.4/psoc creator/import/gnu/arm/5.4.1/bin/../lib/gcc/arm-none-eabi/5.4.1/../../../../arm-none-eabi/lib/armv7-m\libm.a(lib_a-w_sqrt.o)
                              .\CortexM3\ARM_GCC_541\Debug\main.o (sqrt)
c:/program files (x86)/cypress/psoc creator/4.4/psoc creator/import/gnu/arm/5.4.1/bin/../lib/gcc/arm-none-eabi/5.4.1/../../../../arm-none-eabi/lib/armv7-m\libm.a(lib_a-e_sqrt.o)
                              c:/program files (x86)/cypress/psoc creator/4.4/psoc creator/import/gnu/arm/5.4.1/bin/../lib/gcc/arm-none-eabi/5.4.1/../../../../arm-none-eabi/lib/armv7-m\libm.a(lib_a-w_sqrt.o) (__ieee754_sqrt)
c:/program files (x86)/cypress/psoc creator/4.4/psoc creator/import/gnu/arm/5.4.1/bin/../lib/gcc/arm-none-eabi/5.4.1/../../../../arm-none-eabi/lib/armv7-m\libm.a(lib_a-s_lib_ver.o)
                              c:/program files (x86)/cypress/psoc creator/4.4/psoc creator/import/gnu/arm/5.4.1/bin/../lib/gcc/arm-none-eabi/5.4.1/../../../../arm-none-eabi/lib/armv7-m\libm.a(lib_a-w_sqrt.o) (__fdlib_version)
c:/program files (x86)/cypress/psoc creator/4.4/psoc creator/import/gnu/arm/5.4.1/bin/../lib/gcc/arm-none-eabi/5.4.1/../../../../arm-none-eabi/lib/armv7-m\libm.a(lib_a-s_matherr.o)
                              c:/program files (x86)/cypress/psoc creator/4.4/psoc creator/import/gnu/arm/5.4.1/bin/../lib/gcc/arm-none-eabi/5.4.1/../../../../arm-none-eabi/lib/armv7-m\libm.a(lib_a-w_sqrt.o) (matherr)
c:/program files (x86)/cypress/psoc creator/4.4/psoc creator/import/gnu/arm/5.4.1/bin/../lib/gcc/arm-none-eabi/5.4.1/armv7-m\libgcc.a(_arm_addsubdf3.o)
[...]
Memory Configuration

Name             Origin             Length             Attributes
rom              0x00000000         0x00040000         xr
ram              0x1fff8000         0x00010000         xrw
*default*        0x00000000         0xffffffff

Linker script and memory map

LOAD c:/program files (x86)/cypress/psoc creator/4.4/psoc creator/import/gnu/arm/5.4.1/bin/../lib/gcc/arm-none-eabi/5.4.1/armv7-m/crti.o
LOAD c:/program files (x86)/cypress/psoc creator/4.4/psoc creator/import/gnu/arm/5.4.1/bin/../lib/gcc/arm-none-eabi/5.4.1/armv7-m/crtbegin.o
LOAD c:/program files (x86)/cypress/psoc creator/4.4/psoc creator/import/gnu/arm/5.4.1/bin/../lib/gcc/arm-none-eabi/5.4.1/../../../../arm-none-eabi/lib/armv7-m/crt0.o
START GROUP
LOAD .\CortexM3\ARM_GCC_541\Debug\main.o
LOAD .\CortexM3\ARM_GCC_541\Debug\filters.o
LOAD .\CortexM3\ARM_GCC_541\Debug\FFT_Q.o
LOAD .\CortexM3\ARM_GCC_541\Debug\display.o
LOAD .\CortexM3\ARM_GCC_541\Debug\led_object.o
LOAD .\CortexM3\ARM_GCC_541\Debug\cyfitter_cfg.o
LOAD .\CortexM3\ARM_GCC_541\Debug\cymetadata.o
LOAD .\CortexM3\ARM_GCC_541\Debug\Cm3Start.o
LOAD .\CortexM3\ARM_GCC_541\Debug\audioSpectrumAnalyzer.a
LOAD C:\Program Files (x86)\Cypress\PSoC Creator\4.4\PSoC Creator\psoc\content\cycomponentlibrary\CyComponentLibrary.cylib\CortexM3\ARM_GCC_541\Debug\CyComponentLibrary.a
LOAD c:/program files (x86)/cypress/psoc creator/4.4/psoc creator/import/gnu/arm/5.4.1/bin/../lib/gcc/arm-none-eabi/5.4.1/../../../../arm-none-eabi/lib/armv7-m\libm.a
END GROUP
START GROUP
LOAD c:/program files (x86)/cypress/psoc creator/4.4/psoc creator/import/gnu/arm/5.4.1/bin/../lib/gcc/arm-none-eabi/5.4.1/armv7-m\libgcc.a
LOAD c:/program files (x86)/cypress/psoc creator/4.4/psoc creator/import/gnu/arm/5.4.1/bin/../lib/gcc/arm-none-eabi/5.4.1/../../../../arm-none-eabi/lib/armv7-m\libg_nano.a
LOAD c:/program files (x86)/cypress/psoc creator/4.4/psoc creator/import/gnu/arm/5.4.1/bin/../lib/gcc/arm-none-eabi/5.4.1/../../../../arm-none-eabi/lib/armv7-m\libc_nano.a
END GROUP
START GROUP
LOAD c:/program files (x86)/cypress/psoc creator/4.4/psoc creator/import/gnu/arm/5.4.1/bin/../lib/gcc/arm-none-eabi/5.4.1/armv7-m\libgcc.a
LOAD c:/program files (x86)/cypress/psoc creator/4.4/psoc creator/import/gnu/arm/5.4.1/bin/../lib/gcc/arm-none-eabi/5.4.1/../../../../arm-none-eabi/lib/armv7-m\libc_nano.a
END GROUP
LOAD c:/program files (x86)/cypress/psoc creator/4.4/psoc creator/import/gnu/arm/5.4.1/bin/../lib/gcc/arm-none-eabi/5.4.1/armv7-m/crtend.o
LOAD c:/program files (x86)/cypress/psoc creator/4.4/psoc creator/import/gnu/arm/5.4.1/bin/../lib/gcc/arm-none-eabi/5.4.1/armv7-m/crtn.o
START GROUP
LOAD c:/program files (x86)/cypress/psoc creator/4.4/psoc creator/import/gnu/arm/5.4.1/bin/../lib/gcc/arm-none-eabi/5.4.1/armv7-m\libgcc.a
LOAD c:/program files (x86)/cypress/psoc creator/4.4/psoc creator/import/gnu/arm/5.4.1/bin/../lib/gcc/arm-none-eabi/5.4.1/../../../../arm-none-eabi/lib/armv7-m\libc.a
LOAD c:/program files (x86)/cypress/psoc creator/4.4/psoc creator/import/gnu/arm/5.4.1/bin/../lib/gcc/arm-none-eabi/5.4.1/../../../../arm-none-eabi/lib/armv7-m\libnosys.a
END GROUP
                0x00000000                CY_APPL_ORIGIN = 0x0
                0x00000100                CY_FLASH_ROW_SIZE = 0x100
                0x00000020                CY_ECC_ROW_SIZE = 0x20
                0x00000000                CY_EE_IN_BTLDR = 0x0
                0x00000000                CY_APPL_LOADABLE = 0x0
                0x00000800                CY_EE_SIZE = 0x800
                0x00000001                CY_APPL_NUM = 0x1
                0x00000001                CY_APPL_MAX = 0x1
                0x00000040                CY_METADATA_SIZE = 0x40
                0x00000000                CY_APPL_LOADABLE = 0x0
                0x00000000                CY_CHECKSUM_EXCLUDE_SIZE = ALIGN (0x0, CY_FLASH_ROW_SIZE)
                [!provide]                PROVIDE (__cy_heap_start, _end)
                0x00000001                PROVIDE (__cy_region_num, ((__cy_regions_end - __cy_regions) / 0x10))
                0x20008000                PROVIDE (__cy_stack, (ORIGIN (ram) + LENGTH (ram)))
                [!provide]                PROVIDE (__cy_heap_end, (__cy_stack - 0x4000))

.cybootloader   0x00000000        0x0
 *(.cybootloader)
                0x00000000                appl1_start = CY_APPL_ORIGIN?CY_APPL_ORIGIN:ALIGN (CY_FLASH_ROW_SIZE)
                0x0001ff00                appl2_start = (appl1_start + ALIGN ((((LENGTH (rom) - appl1_start) - (0x2 * CY_FLASH_ROW_SIZE)) / 0x2), CY_FLASH_ROW_SIZE))
                0x00000000                appl_start = (CY_APPL_NUM == 0x1)?appl1_start:appl2_start
                0x00000000                ecc_offset = ((appl_start / CY_FLASH_ROW_SIZE) * CY_ECC_ROW_SIZE)
                0x00000000                ee_offset = (CY_APPL_LOADABLE && ! (CY_EE_IN_BTLDR))?((CY_EE_SIZE / CY_APPL_MAX) * (CY_APPL_NUM - 0x1)):0x0
                0x00000800                ee_size = (CY_APPL_LOADABLE && ! (CY_EE_IN_BTLDR))?(CY_EE_SIZE / CY_APPL_MAX):CY_EE_SIZE
                [!provide]                PROVIDE (CY_ECC_OFFSET, ecc_offset)

.text           0x00000000     0x2a24
 CREATE_OBJECT_SYMBOLS
                0x00000000                PROVIDE (__cy_interrupt_vector, RomVectors)
 *(.romvectors)
 .romvectors    0x00000000       0x10 .\CortexM3\ARM_GCC_541\Debug\Cm3Start.o
                0x00000000                RomVectors
                0x00000001                ASSERT ((. != __cy_interrupt_vector), No interrupt vector)
                0x00000001                ASSERT (CY_APPL_ORIGIN?(SIZEOF (.cybootloader) <= CY_APPL_ORIGIN):0x1, Wrong image location)
                0x00000010                PROVIDE (__cy_reset, Reset)
 *(.text.Reset)
 .text.Reset    0x00000010       0x18 .\CortexM3\ARM_GCC_541\Debug\Cm3Start.o
                0x00000010                Reset
                0x00000001                ASSERT ((. != __cy_reset), No reset code)
 *(.dma_init)
                0x00000001                ASSERT ((((appl_start + .) <= 0x10000) || 0x1), DMA Init must be within the first 64k of flash)
 *(.text .text.* .gnu.linkonce.t.*)
 .text          0x00000028       0x5c c:/program files (x86)/cypress/psoc creator/4.4/psoc creator/import/gnu/arm/5.4.1/bin/../lib/gcc/arm-none-eabi/5.4.1/armv7-m/crtbegin.o
 .text.startup.main
                0x00000084      0x37c .\CortexM3\ARM_GCC_541\Debug\main.o
                0x00000084                main
 .text.fftRMS   0x00000400       0x44 .\CortexM3\ARM_GCC_541\Debug\FFT_Q.o
                0x00000400                fftRMS
 .text.fft      0x00000444      0x318 .\CortexM3\ARM_GCC_541\Debug\FFT_Q.o
                0x00000444                fft
 .text.update_buffer
                0x0000075c       0xb4 .\CortexM3\ARM_GCC_541\Debug\display.o
                0x0000075c                update_buffer
 .text.led_init
                0x00000810       0x18 .\CortexM3\ARM_GCC_541\Debug\led_object.o
                0x00000810                led_init
 .text.led_brightness_read
                0x00000828        0x8 .\CortexM3\ARM_GCC_541\Debug\led_object.o
                0x00000828                led_brightness_read
 .text.led_brightness_write
                0x00000830        0x8 .\CortexM3\ARM_GCC_541\Debug\led_object.o
                0x00000830                led_brightness_write
 .text.cyfitter_cfg
                0x00000838      0x338 .\CortexM3\ARM_GCC_541\Debug\cyfitter_cfg.o
                0x00000838                cyfitter_cfg
 .text.IntDefaultHandler
                0x00000b70       0x10 .\CortexM3\ARM_GCC_541\Debug\Cm3Start.o
                0x00000b70                IntDefaultHandler
 .text._sbrk    0x00000b80       0x30 .\CortexM3\ARM_GCC_541\Debug\Cm3Start.o
                0x00000b80                _sbrk
 .text.Start_c  0x00000bb0       0x58 .\CortexM3\ARM_GCC_541\Debug\Cm3Start.o
                0x00000bb0                Start_c
 .text.startup.initialize_psoc
                0x00000c08       0x70 .\CortexM3\ARM_GCC_541\Debug\Cm3Start.o
                0x00000c08                initialize_psoc
 .text.PGA_1_Start
                0x00000c78       0x80 .\CortexM3\ARM_GCC_541\Debug\audioSpectrumAnalyzer.a(PGA_1.o)
                0x00000c78                PGA_1_Start
 .text.CyDmacConfigure
                0x00000cf8       0x30 .\CortexM3\ARM_GCC_541\Debug\audioSpectrumAnalyzer.a(CyDmac.o)
                0x00000cf8                CyDmacConfigure
 .text.CyDelay  0x00000d28       0x48 .\CortexM3\ARM_GCC_541\Debug\audioSpectrumAnalyzer.a(CyLib.o)
                0x00000d28                CyDelay
 .text.CyDelayUs
                0x00000d70       0x10 .\CortexM3\ARM_GCC_541\Debug\audioSpectrumAnalyzer.a(CyLib.o)
                0x00000d70                CyDelayUs
 .text.CyIntSetVector
                0x00000d80       0x20 .\CortexM3\ARM_GCC_541\Debug\audioSpectrumAnalyzer.a(CyLib.o)
                0x00000d80                CyIntSetVector
 .text.CyIntSetPriority
                0x00000da0       0x20 .\CortexM3\ARM_GCC_541\Debug\audioSpectrumAnalyzer.a(CyLib.o)
                0x00000da0                CyIntSetPriority
 .text.ADC_DelSig_1_InitConfig.part.0
                0x00000dc0      0x154 .\CortexM3\ARM_GCC_541\Debug\audioSpectrumAnalyzer.a(ADC_DelSig_1.o)
 .text.ADC_DelSig_1_Start
                0x00000f14      0x1b0 .\CortexM3\ARM_GCC_541\Debug\audioSpectrumAnalyzer.a(ADC_DelSig_1.o)
                0x00000f14                ADC_DelSig_1_Start
 .text.ADC_DelSig_1_StartConvert
                0x000010c4       0x10 .\CortexM3\ARM_GCC_541\Debug\audioSpectrumAnalyzer.a(ADC_DelSig_1.o)
                0x000010c4                ADC_DelSig_1_StartConvert
 .text.ADC_DelSig_1_GetResult16
                0x000010d4       0x4c .\CortexM3\ARM_GCC_541\Debug\audioSpectrumAnalyzer.a(ADC_DelSig_1.o)
                0x000010d4                ADC_DelSig_1_GetResult16
 .text.ADC_DelSig_1_ISR1
                0x00001120        0x4 .\CortexM3\ARM_GCC_541\Debug\audioSpectrumAnalyzer.a(ADC_DelSig_1_INT.o)
                0x00001120                ADC_DelSig_1_ISR1
 .text.ADC_DelSig_1_Ext_CP_Clk_SetDividerRegister
                0x00001124       0xe4 .\CortexM3\ARM_GCC_541\Debug\audioSpectrumAnalyzer.a(ADC_DelSig_1_Ext_CP_Clk.o)
                0x00001124                ADC_DelSig_1_Ext_CP_Clk_SetDividerRegister
 .text.ADC_DelSig_1_Ext_CP_Clk_SetModeRegister
                0x00001208       0x14 .\CortexM3\ARM_GCC_541\Debug\audioSpectrumAnalyzer.a(ADC_DelSig_1_Ext_CP_Clk.o)
                0x00001208                ADC_DelSig_1_Ext_CP_Clk_SetModeRegister
 .text.ADC_DelSig_1_theACLK_SetDividerRegister
                0x0000121c       0xe0 .\CortexM3\ARM_GCC_541\Debug\audioSpectrumAnalyzer.a(ADC_DelSig_1_theACLK.o)
                0x0000121c                ADC_DelSig_1_theACLK_SetDividerRegister
 .text.ADC_DelSig_1_theACLK_SetModeRegister
                0x000012fc       0x14 .\CortexM3\ARM_GCC_541\Debug\audioSpectrumAnalyzer.a(ADC_DelSig_1_theACLK.o)
                0x000012fc                ADC_DelSig_1_theACLK_SetModeRegister
 .text.isr_adc_eoc_Interrupt
                0x00001310       0x5c .\CortexM3\ARM_GCC_541\Debug\audioSpectrumAnalyzer.a(isr_adc_eoc.o)
                0x00001310                isr_adc_eoc_Interrupt
 .text.isr_adc_eoc_Start
                0x0000136c       0x34 .\CortexM3\ARM_GCC_541\Debug\audioSpectrumAnalyzer.a(isr_adc_eoc.o)
                0x0000136c                isr_adc_eoc_Start
 .text.Pin_debug1_Write
                0x000013a0       0x18 .\CortexM3\ARM_GCC_541\Debug\audioSpectrumAnalyzer.a(Pin_debug1.o)
                0x000013a0                Pin_debug1_Write
 .text.UART_1_Start
                0x000013b8       0x50 .\CortexM3\ARM_GCC_541\Debug\audioSpectrumAnalyzer.a(UART_1.o)
                0x000013b8                UART_1_Start
 .text.UART_1_PutString
                0x00001408       0x34 .\CortexM3\ARM_GCC_541\Debug\audioSpectrumAnalyzer.a(UART_1.o)
                0x00001408                UART_1_PutString
 .text.UART_1_IntClock_Start
                0x0000143c       0x20 .\CortexM3\ARM_GCC_541\Debug\audioSpectrumAnalyzer.a(UART_1_IntClock.o)
                0x0000143c                UART_1_IntClock_Start
 .text.SPI_led_Start
                0x0000145c       0xa4 .\CortexM3\ARM_GCC_541\Debug\audioSpectrumAnalyzer.a(SPI_led.o)
                0x0000145c                SPI_led_Start
 .text.SPI_led_PutArray
                0x00001500       0x28 .\CortexM3\ARM_GCC_541\Debug\audioSpectrumAnalyzer.a(SPI_led.o)
                0x00001500                SPI_led_PutArray
 .text.Pin_LE_Write
                0x00001528       0x18 .\CortexM3\ARM_GCC_541\Debug\audioSpectrumAnalyzer.a(Pin_LE.o)
                0x00001528                Pin_LE_Write
 .text.Pin_OE_Write
                0x00001540       0x18 .\CortexM3\ARM_GCC_541\Debug\audioSpectrumAnalyzer.a(Pin_OE.o)
                0x00001540                Pin_OE_Write
 .text.isr_Pin_buttUp_Interrupt
                0x00001558        0xc .\CortexM3\ARM_GCC_541\Debug\audioSpectrumAnalyzer.a(isr_Pin_buttUp.o)
                0x00001558                isr_Pin_buttUp_Interrupt
 .text.isr_Pin_buttUp_Start
                0x00001564       0x34 .\CortexM3\ARM_GCC_541\Debug\audioSpectrumAnalyzer.a(isr_Pin_buttUp.o)
                0x00001564                isr_Pin_buttUp_Start
 .text.isr_Pin_buttDown_Interrupt
                0x00001598        0xc .\CortexM3\ARM_GCC_541\Debug\audioSpectrumAnalyzer.a(isr_Pin_buttDown.o)
                0x00001598                isr_Pin_buttDown_Interrupt
 .text.isr_Pin_buttDown_Start
                0x000015a4       0x34 .\CortexM3\ARM_GCC_541\Debug\audioSpectrumAnalyzer.a(isr_Pin_buttDown.o)
                0x000015a4                isr_Pin_buttDown_Start
 .text          0x000015d8       0x20 .\CortexM3\ARM_GCC_541\Debug\audioSpectrumAnalyzer.a(CyBootAsmGnu.o)
                0x000015d8                CyDelayCycles
                0x000015e8                CyEnterCriticalSection
                0x000015f0                CyExitCriticalSection
 .text.sqrt     0x000015f8       0xb8 c:/program files (x86)/cypress/psoc creator/4.4/psoc creator/import/gnu/arm/5.4.1/bin/../lib/gcc/arm-none-eabi/5.4.1/../../../../arm-none-eabi/lib/armv7-m\libm.a(lib_a-w_sqrt.o)
                0x000015f8                sqrt
 .text.__ieee754_sqrt
                0x000016b0      0x188 c:/program files (x86)/cypress/psoc creator/4.4/psoc creator/import/gnu/arm/5.4.1/bin/../lib/gcc/arm-none-eabi/5.4.1/../../../../arm-none-eabi/lib/armv7-m\libm.a(lib_a-e_sqrt.o)
                0x000016b0                __ieee754_sqrt
 .text.matherr  0x00001838        0x4 c:/program files (x86)/cypress/psoc creator/4.4/psoc creator/import/gnu/arm/5.4.1/bin/../lib/gcc/arm-none-eabi/5.4.1/../../../../arm-none-eabi/lib/armv7-m\libm.a(lib_a-s_matherr.o)
                0x00001838                matherr
 .text          0x0000183c      0x370 c:/program files (x86)/cypress/psoc creator/4.4/psoc creator/import/gnu/arm/5.4.1/bin/../lib/gcc/arm-none-eabi/5.4.1/armv7-m\libgcc.a(_arm_addsubdf3.o)
                0x0000183c                __aeabi_drsub
                0x00001844                __aeabi_dsub
                0x00001844                __subdf3
                0x00001848                __aeabi_dadd
                0x00001848                __adddf3
                0x00001ac0                __floatunsidf
                0x00001ac0                __aeabi_ui2d
                0x00001ae0                __floatsidf
                0x00001ae0                __aeabi_i2d
                0x00001b04                __aeabi_f2d
                0x00001b04                __extendsfdf2
                0x00001b40                __floatundidf
                0x00001b40                __aeabi_ul2d
                0x00001b50                __floatdidf
                0x00001b50                __aeabi_l2d
 .text          0x00001bac      0x424 c:/program files (x86)/cypress/psoc creator/4.4/psoc creator/import/gnu/arm/5.4.1/bin/../lib/gcc/arm-none-eabi/5.4.1/armv7-m\libgcc.a(_arm_muldivdf3.o)
                0x00001bac                __aeabi_dmul
                0x00001bac                __muldf3
                0x00001e00                __divdf3
                0x00001e00                __aeabi_ddiv
 .text          0x00001fd0      0x110 c:/program files (x86)/cypress/psoc creator/4.4/psoc creator/import/gnu/arm/5.4.1/bin/../lib/gcc/arm-none-eabi/5.4.1/armv7-m\libgcc.a(_arm_cmpdf2.o)
                0x00001fd0                __gtdf2
                0x00001fd0                __gedf2
                0x00001fd8                __ltdf2
                0x00001fd8                __ledf2
                0x00001fe0                __nedf2
                0x00001fe0                __eqdf2
                0x00001fe0                __cmpdf2
                0x0000205c                __aeabi_cdrcmple
                0x0000206c                __aeabi_cdcmpeq
                0x0000206c                __aeabi_cdcmple
                0x0000207c                __aeabi_dcmpeq
                0x00002090                __aeabi_dcmplt
                0x000020a4                __aeabi_dcmple
                0x000020b8                __aeabi_dcmpge
                0x000020cc                __aeabi_dcmpgt
 .text          0x000020e0       0x2c c:/program files (x86)/cypress/psoc creator/4.4/psoc creator/import/gnu/arm/5.4.1/bin/../lib/gcc/arm-none-eabi/5.4.1/armv7-m\libgcc.a(_arm_unorddf2.o)
                0x000020e0                __unorddf2
                0x000020e0                __aeabi_dcmpun
 .text          0x0000210c       0x50 c:/program files (x86)/cypress/psoc creator/4.4/psoc creator/import/gnu/arm/5.4.1/bin/../lib/gcc/arm-none-eabi/5.4.1/armv7-m\libgcc.a(_arm_fixdfsi.o)
                0x0000210c                __aeabi_d2iz
                0x0000210c                __fixdfsi
 .text.__errno  0x0000215c        0xc c:/program files (x86)/cypress/psoc creator/4.4/psoc creator/import/gnu/arm/5.4.1/bin/../lib/gcc/arm-none-eabi/5.4.1/../../../../arm-none-eabi/lib/armv7-m\libg_nano.a(lib_a-errno.o)
                0x0000215c                __errno
 .text.__libc_init_array
                0x00002168       0x4c c:/program files (x86)/cypress/psoc creator/4.4/psoc creator/import/gnu/arm/5.4.1/bin/../lib/gcc/arm-none-eabi/5.4.1/../../../../arm-none-eabi/lib/armv7-m\libg_nano.a(lib_a-init.o)
                0x00002168                __libc_init_array
 .text.memcpy   0x000021b4       0x16 c:/program files (x86)/cypress/psoc creator/4.4/psoc creator/import/gnu/arm/5.4.1/bin/../lib/gcc/arm-none-eabi/5.4.1/../../../../arm-none-eabi/lib/armv7-m\libg_nano.a(lib_a-memcpy-stub.o)
                0x000021b4                memcpy
 .text.memset   0x000021ca       0x10 c:/program files (x86)/cypress/psoc creator/4.4/psoc creator/import/gnu/arm/5.4.1/bin/../lib/gcc/arm-none-eabi/5.4.1/../../../../arm-none-eabi/lib/armv7-m\libg_nano.a(lib_a-memset.o)
                0x000021ca                memset
 *fill*         0x000021da        0x2 
 .text.sprintf  0x000021dc       0x48 c:/program files (x86)/cypress/psoc creator/4.4/psoc creator/import/gnu/arm/5.4.1/bin/../lib/gcc/arm-none-eabi/5.4.1/../../../../arm-none-eabi/lib/armv7-m\libg_nano.a(lib_a-sprintf.o)
                0x000021dc                siprintf
                0x000021dc                sprintf
 .text.__ssputs_r
                0x00002224       0xb2 c:/program files (x86)/cypress/psoc creator/4.4/psoc creator/import/gnu/arm/5.4.1/bin/../lib/gcc/arm-none-eabi/5.4.1/../../../../arm-none-eabi/lib/armv7-m\libg_nano.a(lib_a-nano-svfprintf.o)
                0x00002224                __ssputs_r
 *fill*         0x000022d6        0x2 
 .text._svfprintf_r
                0x000022d8      0x1e8 c:/program files (x86)/cypress/psoc creator/4.4/psoc creator/import/gnu/arm/5.4.1/bin/../lib/gcc/arm-none-eabi/5.4.1/../../../../arm-none-eabi/lib/armv7-m\libg_nano.a(lib_a-nano-svfprintf.o)
                0x000022d8                _svfiprintf_r
                0x000022d8                _svfprintf_r
 .text._printf_common
                0x000024c0       0xec c:/program files (x86)/cypress/psoc creator/4.4/psoc creator/import/gnu/arm/5.4.1/bin/../lib/gcc/arm-none-eabi/5.4.1/../../../../arm-none-eabi/lib/armv7-m\libg_nano.a(lib_a-nano-vfprintf_i.o)
                0x000024c0                _printf_common
 .text._printf_i
                0x000025ac      0x24c c:/program files (x86)/cypress/psoc creator/4.4/psoc creator/import/gnu/arm/5.4.1/bin/../lib/gcc/arm-none-eabi/5.4.1/../../../../arm-none-eabi/lib/armv7-m\libg_nano.a(lib_a-nano-vfprintf_i.o)
                0x000025ac                _printf_i
 .text.memchr   0x000027f8       0x1c c:/program files (x86)/cypress/psoc creator/4.4/psoc creator/import/gnu/arm/5.4.1/bin/../lib/gcc/arm-none-eabi/5.4.1/../../../../arm-none-eabi/lib/armv7-m\libg_nano.a(lib_a-memchr-stub.o)
                0x000027f8                memchr
 .text.memmove  0x00002814       0x36 c:/program files (x86)/cypress/psoc creator/4.4/psoc creator/import/gnu/arm/5.4.1/bin/../lib/gcc/arm-none-eabi/5.4.1/../../../../arm-none-eabi/lib/armv7-m\libg_nano.a(lib_a-memmove.o)
                0x00002814                memmove
 *fill*         0x0000284a        0x2 
 .text._free_r  0x0000284c       0x98 c:/program files (x86)/cypress/psoc creator/4.4/psoc creator/import/gnu/arm/5.4.1/bin/../lib/gcc/arm-none-eabi/5.4.1/../../../../arm-none-eabi/lib/armv7-m\libg_nano.a(lib_a-nano-freer.o)
                0x0000284c                _free_r
 .text._malloc_r
                0x000028e4       0xbc c:/program files (x86)/cypress/psoc creator/4.4/psoc creator/import/gnu/arm/5.4.1/bin/../lib/gcc/arm-none-eabi/5.4.1/../../../../arm-none-eabi/lib/armv7-m\libg_nano.a(lib_a-nano-mallocr.o)
                0x000028e4                _malloc_r
 .text._realloc_r
                0x000029a0       0x4c c:/program files (x86)/cypress/psoc creator/4.4/psoc creator/import/gnu/arm/5.4.1/bin/../lib/gcc/arm-none-eabi/5.4.1/../../../../arm-none-eabi/lib/armv7-m\libg_nano.a(lib_a-nano-reallocr.o)
                0x000029a0                _realloc_r
 .text._sbrk_r  0x000029ec       0x20 c:/program files (x86)/cypress/psoc creator/4.4/psoc creator/import/gnu/arm/5.4.1/bin/../lib/gcc/arm-none-eabi/5.4.1/../../../../arm-none-eabi/lib/armv7-m\libg_nano.a(lib_a-sbrkr.o)
                0x000029ec                _sbrk_r
 .text.__malloc_lock
                0x00002a0c        0x2 c:/program files (x86)/cypress/psoc creator/4.4/psoc creator/import/gnu/arm/5.4.1/bin/../lib/gcc/arm-none-eabi/5.4.1/../../../../arm-none-eabi/lib/armv7-m\libg_nano.a(lib_a-mlock.o)
                0x00002a0c                __malloc_lock
 .text.__malloc_unlock
                0x00002a0e        0x2 c:/program files (x86)/cypress/psoc creator/4.4/psoc creator/import/gnu/arm/5.4.1/bin/../lib/gcc/arm-none-eabi/5.4.1/../../../../arm-none-eabi/lib/armv7-m\libg_nano.a(lib_a-mlock.o)
                0x00002a0e                __malloc_unlock
 .text._malloc_usable_size_r
                0x00002a10       0x14 c:/program files (x86)/cypress/psoc creator/4.4/psoc creator/import/gnu/arm/5.4.1/bin/../lib/gcc/arm-none-eabi/5.4.1/../../../../arm-none-eabi/lib/armv7-m\libg_nano.a(lib_a-nano-msizer.o)
                0x00002a10                _malloc_usable_size_r
 *(.plt)
 *(.gnu.warning)
 *(.glue_7t)
 .glue_7t       0x00002a24        0x0 linker stubs
 *(.glue_7)
 .glue_7        0x00002a24        0x0 linker stubs
 *(.vfp11_veneer)
 .vfp11_veneer  0x00002a24        0x0 linker stubs
 *(.bootloader)
 *(.ARM.extab* .gnu.linkonce.armextab.*)
 *(.gcc_except_table)

.v4_bx          0x00002a24        0x0
 .v4_bx         0x00002a24        0x0 linker stubs

.iplt           0x00002a24        0x0
 .iplt          0x00002a24        0x0 c:/program files (x86)/cypress/psoc creator/4.4/psoc creator/import/gnu/arm/5.4.1/bin/../lib/gcc/arm-none-eabi/5.4.1/armv7-m/crtbegin.o

.eh_frame_hdr
 *(.eh_frame_hdr)

.eh_frame       0x00002a24        0x4
 *(.eh_frame)
 .eh_frame      0x00002a24        0x0 c:/program files (x86)/cypress/psoc creator/4.4/psoc creator/import/gnu/arm/5.4.1/bin/../lib/gcc/arm-none-eabi/5.4.1/armv7-m/crtbegin.o
 .eh_frame      0x00002a24        0x4 c:/program files (x86)/cypress/psoc creator/4.4/psoc creator/import/gnu/arm/5.4.1/bin/../lib/gcc/arm-none-eabi/5.4.1/armv7-m/crtend.o
                [!provide]                PROVIDE (__exidx_start, .)

.ARM.exidx
 *(.ARM.exidx* .gnu.linkonce.armexidx.*)
                0x00002a28                __exidx_end = .

.rodata         0x00002a28      0x138
 *(.rodata .rodata.* .gnu.linkonce.r.*)
 .rodata        0x00002a28       0x7a .\CortexM3\ARM_GCC_541\Debug\main.o
 *fill*         0x00002aa2        0x2 
 .rodata.str1.4
                0x00002aa4       0x16 .\CortexM3\ARM_GCC_541\Debug\main.o
 *fill*         0x00002aba        0x2 
 .rodata        0x00002abc       0x2a .\CortexM3\ARM_GCC_541\Debug\cyfitter_cfg.o
 *fill*         0x00002ae6        0x2 
 .rodata.str1.4
                0x00002ae8        0x8 c:/program files (x86)/cypress/psoc creator/4.4/psoc creator/import/gnu/arm/5.4.1/bin/../lib/gcc/arm-none-eabi/5.4.1/../../../../arm-none-eabi/lib/armv7-m\libm.a(lib_a-w_sqrt.o)
                                  0x5 (size before relaxing)
 .rodata.str1.1
                0x00002af0        0x2 c:/program files (x86)/cypress/psoc creator/4.4/psoc creator/import/gnu/arm/5.4.1/bin/../lib/gcc/arm-none-eabi/5.4.1/../../../../arm-none-eabi/lib/armv7-m\libg_nano.a(lib_a-impure.o)
 .rodata.str1.1
                0x00002af2       0x11 c:/program files (x86)/cypress/psoc creator/4.4/psoc creator/import/gnu/arm/5.4.1/bin/../lib/gcc/arm-none-eabi/5.4.1/../../../../arm-none-eabi/lib/armv7-m\libg_nano.a(lib_a-nano-svfprintf.o)
 .rodata.str1.1
                0x00002b03       0x22 c:/program files (x86)/cypress/psoc creator/4.4/psoc creator/import/gnu/arm/5.4.1/bin/../lib/gcc/arm-none-eabi/5.4.1/../../../../arm-none-eabi/lib/armv7-m\libg_nano.a(lib_a-nano-vfprintf_i.o)
                0x00002b28                . = ALIGN (0x4)
 *fill*         0x00002b25        0x3 
 *(.init)
 .init          0x00002b28        0x4 c:/program files (x86)/cypress/psoc creator/4.4/psoc creator/import/gnu/arm/5.4.1/bin/../lib/gcc/arm-none-eabi/5.4.1/armv7-m/crti.o
                0x00002b28                _init
 .init          0x00002b2c        0x8 c:/program files (x86)/cypress/psoc creator/4.4/psoc creator/import/gnu/arm/5.4.1/bin/../lib/gcc/arm-none-eabi/5.4.1/armv7-m/crtn.o
                0x00002b34                . = ALIGN (0x4)
                0x00002b34                __preinit_array_start = .
 *(.preinit_array)
                0x00002b34                __preinit_array_end = .
                0x00002b34                . = ALIGN (0x4)
                0x00002b34                __init_array_start = .
 *(SORT(.init_array.*))
 *(.init_array)
 .init_array    0x00002b34        0x4 c:/program files (x86)/cypress/psoc creator/4.4/psoc creator/import/gnu/arm/5.4.1/bin/../lib/gcc/arm-none-eabi/5.4.1/armv7-m/crtbegin.o
 .init_array    0x00002b38        0x4 .\CortexM3\ARM_GCC_541\Debug\Cm3Start.o
                0x00002b3c                __init_array_end = .
                0x00002b3c                . = ALIGN (0x4)
 *(.fini)
 .fini          0x00002b3c        0x4 c:/program files (x86)/cypress/psoc creator/4.4/psoc creator/import/gnu/arm/5.4.1/bin/../lib/gcc/arm-none-eabi/5.4.1/armv7-m/crti.o
                0x00002b3c                _fini
 .fini          0x00002b40        0x8 c:/program files (x86)/cypress/psoc creator/4.4/psoc creator/import/gnu/arm/5.4.1/bin/../lib/gcc/arm-none-eabi/5.4.1/armv7-m/crtn.o
                0x00002b48                . = ALIGN (0x4)
                0x00002b48                __fini_array_start = .
 *(.fini_array)
 .fini_array    0x00002b48        0x4 c:/program files (x86)/cypress/psoc creator/4.4/psoc creator/import/gnu/arm/5.4.1/bin/../lib/gcc/arm-none-eabi/5.4.1/armv7-m/crtbegin.o
 *(SORT(.fini_array.*))
                0x00002b4c                __fini_array_end = .
                0x00002b4c                . = ALIGN (0x4)
 *crtbegin.o(.ctors)
 *(EXCLUDE_FILE(*crtend.o) .ctors)
 *(SORT(.ctors.*))
 *crtend.o(.ctors)
                0x00002b4c                . = ALIGN (0x4)
 *crtbegin.o(.dtors)
 *(EXCLUDE_FILE(*crtend.o) .dtors)
 *(SORT(.dtors.*))
 *crtend.o(.dtors)
                0x00002b4c                . = ALIGN (0x4)
                0x00002b4c                __cy_regions = .
                0x00002b4c        0x4 LONG 0x2b60 __cy_region_init_ram
                0x00002b50        0x4 LONG 0x1fff80c8 __cy_region_start_data
                0x00002b54        0x4 LONG 0x32b0 __cy_region_init_size_ram
                0x00002b58        0x4 LONG 0x2050 __cy_region_zero_size_ram
                0x00002b5c                __cy_regions_end = .
                0x00002b60                . = ALIGN (0x8)
 *fill*         0x00002b5c        0x4 
                0x00002b60                _etext = .

.cy_checksum_exclude
                0x00002b60        0x0
 *(.cy_checksum_exclude)

.ramvectors     0x1fff8000       0xc0
                0x1fff8000                __cy_region_start_ram = .
 *(.ramvectors)
 .ramvectors    0x1fff8000       0xc0 .\CortexM3\ARM_GCC_541\Debug\Cm3Start.o
                0x1fff8000                CyRamVectors

.noinit         0x1fff80c0        0x1
 *(.noinit)
 .noinit        0x1fff80c0        0x1 .\CortexM3\ARM_GCC_541\Debug\audioSpectrumAnalyzer.a(CyLib.o)
                0x1fff80c0                CyResetStatus

.data           0x1fff80c8     0x32b0 load address 0x00002b60
                0x1fff80c8                __cy_region_start_data = .
 *(.jcr)
 .jcr           0x1fff80c8        0x0 c:/program files (x86)/cypress/psoc creator/4.4/psoc creator/import/gnu/arm/5.4.1/bin/../lib/gcc/arm-none-eabi/5.4.1/armv7-m/crtbegin.o
 .jcr           0x1fff80c8        0x4 c:/program files (x86)/cypress/psoc creator/4.4/psoc creator/import/gnu/arm/5.4.1/bin/../lib/gcc/arm-none-eabi/5.4.1/armv7-m/crtend.o
 *(.got.plt)
 *(.got)
 *(.shdata)
 *(.data .data.* .gnu.linkonce.d.*)
 .data          0x1fff80cc     0x1222 .\CortexM3\ARM_GCC_541\Debug\main.o
                0x1fff80cc                blackmanWin
                0x1fff90cc                buffOutput
                0x1fff90d0                thrshldDOWN
                0x1fff91e0                thrshldUP
 *fill*         0x1fff92ee        0x2 
 .data          0x1fff92f0     0x2000 .\CortexM3\ARM_GCC_541\Debug\FFT_Q.o
                0x1fff92f0                twiddleFactors
 .data          0x1fffb2f0        0x4 .\CortexM3\ARM_GCC_541\Debug\Cm3Start.o
 .data          0x1fffb2f4        0x8 .\CortexM3\ARM_GCC_541\Debug\audioSpectrumAnalyzer.a(CyDmac.o)
 .data          0x1fffb2fc       0x10 .\CortexM3\ARM_GCC_541\Debug\audioSpectrumAnalyzer.a(CyLib.o)
                0x1fffb2fc                cydelay_freq_mhz
                0x1fffb300                cydelay_32k_ms
                0x1fffb304                cydelay_freq_khz
                0x1fffb308                cydelay_freq_hz
 .data          0x1fffb30c        0x1 .\CortexM3\ARM_GCC_541\Debug\audioSpectrumAnalyzer.a(ADC_DelSig_1.o)
                0x1fffb30c                ADC_DelSig_1_Config
 .data.__fdlib_version
                0x1fffb30d        0x1 c:/program files (x86)/cypress/psoc creator/4.4/psoc creator/import/gnu/arm/5.4.1/bin/../lib/gcc/arm-none-eabi/5.4.1/../../../../arm-none-eabi/lib/armv7-m\libm.a(lib_a-s_lib_ver.o)
                0x1fffb30d                __fdlib_version
 *fill*         0x1fffb30e        0x2 
 .data.impure_data
                0x1fffb310       0x60 c:/program files (x86)/cypress/psoc creator/4.4/psoc creator/import/gnu/arm/5.4.1/bin/../lib/gcc/arm-none-eabi/5.4.1/../../../../arm-none-eabi/lib/armv7-m\libg_nano.a(lib_a-impure.o)
 .data._impure_ptr
                0x1fffb370        0x4 c:/program files (x86)/cypress/psoc creator/4.4/psoc creator/import/gnu/arm/5.4.1/bin/../lib/gcc/arm-none-eabi/5.4.1/../../../../arm-none-eabi/lib/armv7-m\libg_nano.a(lib_a-impure.o)
                0x1fffb370                _impure_ptr
                0x1fffb378                . = ALIGN (0x8)
 *fill*         0x1fffb374        0x4 
 *(.ram)
                0x1fffb378                _edata = .

.igot.plt       0x1fffb378        0x0 load address 0x00005e10
 .igot.plt      0x1fffb378        0x0 c:/program files (x86)/cypress/psoc creator/4.4/psoc creator/import/gnu/arm/5.4.1/bin/../lib/gcc/arm-none-eabi/5.4.1/armv7-m/crtbegin.o

.bss            0x1fffb378     0x2050 load address 0x00005e10
                0x1fffb378                PROVIDE (__bss_start__, .)
 *(.shbss)
 *(.bss .bss.* .gnu.linkonce.b.*)
 .bss           0x1fffb378       0x1c c:/program files (x86)/cypress/psoc creator/4.4/psoc creator/import/gnu/arm/5.4.1/bin/../lib/gcc/arm-none-eabi/5.4.1/armv7-m/crtbegin.o
 .bss           0x1fffb394     0x200b .\CortexM3\ARM_GCC_541\Debug\main.o
                0x1fffb394                buffFull
                0x1fffb398                audioBuff
                0x1fffd398                buttonUp
                0x1fffd399                buttonDown
                0x1fffd39a                buttonPress
                0x1fffd39c                buffIndex
                0x1fffd39e                buffInput
 .bss           0x1fffd39f        0x1 .\CortexM3\ARM_GCC_541\Debug\audioSpectrumAnalyzer.a(PGA_1.o)
                0x1fffd39f                PGA_1_initVar
 .bss           0x1fffd3a0       0x10 .\CortexM3\ARM_GCC_541\Debug\audioSpectrumAnalyzer.a(ADC_DelSig_1.o)
                0x1fffd3a0                ADC_DelSig_1_convDone
                0x1fffd3a8                ADC_DelSig_1_stopConversion
                0x1fffd3a9                ADC_DelSig_1_initVar
                0x1fffd3aa                ADC_DelSig_1_started
                0x1fffd3ac                ADC_DelSig_1_Offset
 .bss           0x1fffd3b0        0x2 .\CortexM3\ARM_GCC_541\Debug\audioSpectrumAnalyzer.a(UART_1.o)
                0x1fffd3b0                UART_1_initVar
 .bss           0x1fffd3b2        0x1 .\CortexM3\ARM_GCC_541\Debug\audioSpectrumAnalyzer.a(SPI_led.o)
                0x1fffd3b2                SPI_led_initVar
 *fill*         0x1fffd3b3        0x1 
 .bss.__malloc_sbrk_start
                0x1fffd3b4        0x4 c:/program files (x86)/cypress/psoc creator/4.4/psoc creator/import/gnu/arm/5.4.1/bin/../lib/gcc/arm-none-eabi/5.4.1/../../../../arm-none-eabi/lib/armv7-m\libg_nano.a(lib_a-nano-mallocr.o)
                0x1fffd3b4                __malloc_sbrk_start
 .bss.__malloc_free_list
                0x1fffd3b8        0x4 c:/program files (x86)/cypress/psoc creator/4.4/psoc creator/import/gnu/arm/5.4.1/bin/../lib/gcc/arm-none-eabi/5.4.1/../../../../arm-none-eabi/lib/armv7-m\libg_nano.a(lib_a-nano-mallocr.o)
                0x1fffd3b8                __malloc_free_list
 *(COMMON)
 COMMON         0x1fffd3bc        0x4 .\CortexM3\ARM_GCC_541\Debug\audioSpectrumAnalyzer.a(ADC_DelSig_1.o)
                0x1fffd3bc                ADC_DelSig_1_CountsPerVolt
 COMMON         0x1fffd3c0        0x4 c:/program files (x86)/cypress/psoc creator/4.4/psoc creator/import/gnu/arm/5.4.1/bin/../lib/gcc/arm-none-eabi/5.4.1/../../../../arm-none-eabi/lib/armv7-m\libg_nano.a(lib_a-reent.o)
                0x1fffd3c0                errno
                0x1fffd3c8                . = ALIGN (0x8)
 *fill*         0x1fffd3c4        0x4 
 *(.ram.b)
                0x1fffd3c8                _end = .
                0x1fffd3c8                __end = .
                0x1fffd3c8                PROVIDE (end, .)
                0x1fffd3c8                PROVIDE (__bss_end__, .)
                0x00002b60                __cy_region_init_ram = LOADADDR (.data)
                0x000032b0                __cy_region_init_size_ram = (_edata - ADDR (.data))
                0x00002050                __cy_region_zero_size_ram = (_end - _edata)

.heap           0x1fffd3c8       0x80 load address 0x00005e10
                0x1fffd3c8                . = _end
                0x1fffd448                . = (. + 0x80)
 *fill*         0x1fffd3c8       0x80 
                0x1fffd448                __cy_heap_limit = .

.stack          0x20004000     0x4000
                0x20004000                __cy_stack_limit = .
                0x20008000                . = (. + 0x4000)
 *fill*         0x20004000     0x4000 
                0x00000001                ASSERT ((__cy_stack_limit >= __cy_heap_limit), region RAM overflowed with stack)
                0x00000000                cy_checksum_exclude_size = (CY_APPL_LOADABLE == 0x1)?SIZEOF (.cy_checksum_exclude):0x0
                0x00000001                ASSERT ((cy_checksum_exclude_size <= CY_CHECKSUM_EXCLUDE_SIZE), CY_BOOT: Section .cy_checksum_exclude size exceedes specified limit.)

.cyloadermeta
 *(.cyloadermeta)

.cyloadablemeta
 *(.cyloadablemeta)

.cyconfigecc    0x80000000      0x720
 *(.cyconfigecc)
 .cyconfigecc   0x80000000      0x720 .\CortexM3\ARM_GCC_541\Debug\cymetadata.o
                0x80000000                cy_meta_configecc

.cycustnvl      0x90000000        0x4
 *(.cycustnvl)
 .cycustnvl     0x90000000        0x4 .\CortexM3\ARM_GCC_541\Debug\cymetadata.o
                0x90000000                cy_meta_custnvl

.cywolatch      0x90100000        0x4
 *(.cywolatch)
 .cywolatch     0x90100000        0x4 .\CortexM3\ARM_GCC_541\Debug\cymetadata.o
                0x90100000                cy_meta_wonvl

.cyeeprom       0x90200000        0x0
 *(.cyeeprom)
                0x00000001                ASSERT ((. <= ((0x90200000 + ee_offset) + ee_size)), .cyeeprom data will not fit in EEPROM)

.cyflashprotect
                0x90400000      0x100
 *(.cyflashprotect)
 .cyflashprotect
                0x90400000      0x100 .\CortexM3\ARM_GCC_541\Debug\cymetadata.o
                0x90400000                cy_meta_flashprotect

.cymeta         0x90500000        0xc
 *(.cymeta)
 .cymeta        0x90500000        0xc .\CortexM3\ARM_GCC_541\Debug\cymetadata.o
                0x90500000                cy_metadata

.rel.dyn        0x00005e10        0x0 load address 0x9050000c
 .rel.iplt      0x00005e10        0x0 c:/program files (x86)/cypress/psoc creator/4.4/psoc creator/import/gnu/arm/5.4.1/bin/../lib/gcc/arm-none-eabi/5.4.1/armv7-m/crtbegin.o

.stab
 *(.stab)

.stabstr
 *(.stabstr)

.debug
 *(.debug)

.line
 *(.line)

.debug_srcinfo
 *(.debug_srcinfo)

.debug_sfnames
 *(.debug_sfnames)

.debug_aranges  0x00000000      0xcd0
 *(.debug_aranges)
 .debug_aranges
                0x00000000       0x38 .\CortexM3\ARM_GCC_541\Debug\main.o
 .debug_aranges
                0x00000038       0x28 .\CortexM3\ARM_GCC_541\Debug\filters.o
 .debug_aranges
                0x00000060       0x50 .\CortexM3\ARM_GCC_541\Debug\FFT_Q.o
 .debug_aranges
                0x000000b0       0x20 .\CortexM3\ARM_GCC_541\Debug\display.o
 .debug_aranges
                0x000000d0       0x70 .\CortexM3\ARM_GCC_541\Debug\led_object.o
 .debug_aranges
                0x00000140       0x28 .\CortexM3\ARM_GCC_541\Debug\cyfitter_cfg.o
 .debug_aranges
                0x00000168       0x18 .\CortexM3\ARM_GCC_541\Debug\cymetadata.o
 .debug_aranges
                0x00000180       0x48 .\CortexM3\ARM_GCC_541\Debug\Cm3Start.o
 .debug_aranges
                0x000001c8       0x48 .\CortexM3\ARM_GCC_541\Debug\audioSpectrumAnalyzer.a(PGA_1.o)
 .debug_aranges
                0x00000210       0xd8 .\CortexM3\ARM_GCC_541\Debug\audioSpectrumAnalyzer.a(CyDmac.o)
 .debug_aranges
                0x000002e8      0x288 .\CortexM3\ARM_GCC_541\Debug\audioSpectrumAnalyzer.a(CyLib.o)
 .debug_aranges
                0x00000570       0x78 .\CortexM3\ARM_GCC_541\Debug\audioSpectrumAnalyzer.a(cyPm.o)
 .debug_aranges
                0x000005e8       0xd8 .\CortexM3\ARM_GCC_541\Debug\audioSpectrumAnalyzer.a(ADC_DelSig_1.o)
 .debug_aranges
                0x000006c0       0x20 .\CortexM3\ARM_GCC_541\Debug\audioSpectrumAnalyzer.a(ADC_DelSig_1_INT.o)
 .debug_aranges
                0x000006e0       0x70 .\CortexM3\ARM_GCC_541\Debug\audioSpectrumAnalyzer.a(ADC_DelSig_1_Ext_CP_Clk.o)
 .debug_aranges
                0x00000750       0x80 .\CortexM3\ARM_GCC_541\Debug\audioSpectrumAnalyzer.a(ADC_DelSig_1_theACLK.o)
 .debug_aranges
                0x000007d0       0x80 .\CortexM3\ARM_GCC_541\Debug\audioSpectrumAnalyzer.a(isr_adc_eoc.o)
 .debug_aranges
                0x00000850       0x38 .\CortexM3\ARM_GCC_541\Debug\audioSpectrumAnalyzer.a(Pin_debug1.o)
 .debug_aranges
                0x00000888       0x98 .\CortexM3\ARM_GCC_541\Debug\audioSpectrumAnalyzer.a(UART_1.o)
 .debug_aranges
                0x00000920       0x70 .\CortexM3\ARM_GCC_541\Debug\audioSpectrumAnalyzer.a(UART_1_IntClock.o)
 .debug_aranges
                0x00000990       0xb0 .\CortexM3\ARM_GCC_541\Debug\audioSpectrumAnalyzer.a(SPI_led.o)
 .debug_aranges
                0x00000a40       0x38 .\CortexM3\ARM_GCC_541\Debug\audioSpectrumAnalyzer.a(Pin_LE.o)
 .debug_aranges
                0x00000a78       0x38 .\CortexM3\ARM_GCC_541\Debug\audioSpectrumAnalyzer.a(Pin_OE.o)
 .debug_aranges
                0x00000ab0       0x80 .\CortexM3\ARM_GCC_541\Debug\audioSpectrumAnalyzer.a(isr_Pin_buttUp.o)
 .debug_aranges
                0x00000b30       0x80 .\CortexM3\ARM_GCC_541\Debug\audioSpectrumAnalyzer.a(isr_Pin_buttDown.o)
 .debug_aranges
                0x00000bb0       0x20 .\CortexM3\ARM_GCC_541\Debug\audioSpectrumAnalyzer.a(CyBootAsmGnu.o)
 .debug_aranges
                0x00000bd0       0x80 .\CortexM3\ARM_GCC_541\Debug\audioSpectrumAnalyzer.a(CyFlash.o)
 .debug_aranges
                0x00000c50       0x80 .\CortexM3\ARM_GCC_541\Debug\audioSpectrumAnalyzer.a(CySpc.o)

.debug_pubnames
 *(.debug_pubnames)

.debug_info     0x00000000     0x8fde
 *(.debug_info .gnu.linkonce.wi.*)
 .debug_info    0x00000000      0xb03 .\CortexM3\ARM_GCC_541\Debug\main.o
 .debug_info    0x00000b03      0x152 .\CortexM3\ARM_GCC_541\Debug\filters.o
 .debug_info    0x00000c55      0x64a .\CortexM3\ARM_GCC_541\Debug\FFT_Q.o
 .debug_info    0x0000129f      0x140 .\CortexM3\ARM_GCC_541\Debug\display.o
 .debug_info    0x000013df      0x297 .\CortexM3\ARM_GCC_541\Debug\led_object.o
 .debug_info    0x00001676      0x6b7 .\CortexM3\ARM_GCC_541\Debug\cyfitter_cfg.o
 .debug_info    0x00001d2d      0x139 .\CortexM3\ARM_GCC_541\Debug\cymetadata.o
 .debug_info    0x00001e66      0x3cf .\CortexM3\ARM_GCC_541\Debug\Cm3Start.o
 .debug_info    0x00002235      0x2c3 .\CortexM3\ARM_GCC_541\Debug\audioSpectrumAnalyzer.a(PGA_1.o)
 .debug_info    0x000024f8      0x95e .\CortexM3\ARM_GCC_541\Debug\audioSpectrumAnalyzer.a(CyDmac.o)
 .debug_info    0x00002e56     0x1964 .\CortexM3\ARM_GCC_541\Debug\audioSpectrumAnalyzer.a(CyLib.o)
 .debug_info    0x000047ba      0x9e2 .\CortexM3\ARM_GCC_541\Debug\audioSpectrumAnalyzer.a(cyPm.o)
 .debug_info    0x0000519c      0xdcf .\CortexM3\ARM_GCC_541\Debug\audioSpectrumAnalyzer.a(ADC_DelSig_1.o)
 .debug_info    0x00005f6b       0xa6 .\CortexM3\ARM_GCC_541\Debug\audioSpectrumAnalyzer.a(ADC_DelSig_1_INT.o)
 .debug_info    0x00006011      0x29b .\CortexM3\ARM_GCC_541\Debug\audioSpectrumAnalyzer.a(ADC_DelSig_1_Ext_CP_Clk.o)
 .debug_info    0x000062ac      0x2d8 .\CortexM3\ARM_GCC_541\Debug\audioSpectrumAnalyzer.a(ADC_DelSig_1_theACLK.o)
 .debug_info    0x00006584      0x415 .\CortexM3\ARM_GCC_541\Debug\audioSpectrumAnalyzer.a(isr_adc_eoc.o)
 .debug_info    0x00006999      0x121 .\CortexM3\ARM_GCC_541\Debug\audioSpectrumAnalyzer.a(Pin_debug1.o)
 .debug_info    0x00006aba      0x4cb .\CortexM3\ARM_GCC_541\Debug\audioSpectrumAnalyzer.a(UART_1.o)
 .debug_info    0x00006f85      0x29b .\CortexM3\ARM_GCC_541\Debug\audioSpectrumAnalyzer.a(UART_1_IntClock.o)
 .debug_info    0x00007220      0x5c0 .\CortexM3\ARM_GCC_541\Debug\audioSpectrumAnalyzer.a(SPI_led.o)
 .debug_info    0x000077e0      0x121 .\CortexM3\ARM_GCC_541\Debug\audioSpectrumAnalyzer.a(Pin_LE.o)
 .debug_info    0x00007901      0x121 .\CortexM3\ARM_GCC_541\Debug\audioSpectrumAnalyzer.a(Pin_OE.o)
 .debug_info    0x00007a22      0x3a7 .\CortexM3\ARM_GCC_541\Debug\audioSpectrumAnalyzer.a(isr_Pin_buttUp.o)
 .debug_info    0x00007dc9      0x3a7 .\CortexM3\ARM_GCC_541\Debug\audioSpectrumAnalyzer.a(isr_Pin_buttDown.o)
 .debug_info    0x00008170       0xd7 .\CortexM3\ARM_GCC_541\Debug\audioSpectrumAnalyzer.a(CyBootAsmGnu.o)
 .debug_info    0x00008247      0x836 .\CortexM3\ARM_GCC_541\Debug\audioSpectrumAnalyzer.a(CyFlash.o)
 .debug_info    0x00008a7d      0x561 .\CortexM3\ARM_GCC_541\Debug\audioSpectrumAnalyzer.a(CySpc.o)

.debug_abbrev   0x00000000     0x2b84
 *(.debug_abbrev)
 .debug_abbrev  0x00000000      0x246 .\CortexM3\ARM_GCC_541\Debug\main.o
 .debug_abbrev  0x00000246       0xdd .\CortexM3\ARM_GCC_541\Debug\filters.o
 .debug_abbrev  0x00000323      0x224 .\CortexM3\ARM_GCC_541\Debug\FFT_Q.o
 .debug_abbrev  0x00000547       0xc6 .\CortexM3\ARM_GCC_541\Debug\display.o
 .debug_abbrev  0x0000060d       0xea .\CortexM3\ARM_GCC_541\Debug\led_object.o
 .debug_abbrev  0x000006f7      0x271 .\CortexM3\ARM_GCC_541\Debug\cyfitter_cfg.o
 .debug_abbrev  0x00000968       0x77 .\CortexM3\ARM_GCC_541\Debug\cymetadata.o
 .debug_abbrev  0x000009df      0x1f6 .\CortexM3\ARM_GCC_541\Debug\Cm3Start.o
 .debug_abbrev  0x00000bd5      0x165 .\CortexM3\ARM_GCC_541\Debug\audioSpectrumAnalyzer.a(PGA_1.o)
 .debug_abbrev  0x00000d3a      0x1c7 .\CortexM3\ARM_GCC_541\Debug\audioSpectrumAnalyzer.a(CyDmac.o)
 .debug_abbrev  0x00000f01      0x3bb .\CortexM3\ARM_GCC_541\Debug\audioSpectrumAnalyzer.a(CyLib.o)
 .debug_abbrev  0x000012bc      0x1cf .\CortexM3\ARM_GCC_541\Debug\audioSpectrumAnalyzer.a(cyPm.o)
 .debug_abbrev  0x0000148b      0x30b .\CortexM3\ARM_GCC_541\Debug\audioSpectrumAnalyzer.a(ADC_DelSig_1.o)
 .debug_abbrev  0x00001796       0x4b .\CortexM3\ARM_GCC_541\Debug\audioSpectrumAnalyzer.a(ADC_DelSig_1_INT.o)
 .debug_abbrev  0x000017e1      0x142 .\CortexM3\ARM_GCC_541\Debug\audioSpectrumAnalyzer.a(ADC_DelSig_1_Ext_CP_Clk.o)
 .debug_abbrev  0x00001923      0x142 .\CortexM3\ARM_GCC_541\Debug\audioSpectrumAnalyzer.a(ADC_DelSig_1_theACLK.o)
 .debug_abbrev  0x00001a65      0x22a .\CortexM3\ARM_GCC_541\Debug\audioSpectrumAnalyzer.a(isr_adc_eoc.o)
 .debug_abbrev  0x00001c8f       0x90 .\CortexM3\ARM_GCC_541\Debug\audioSpectrumAnalyzer.a(Pin_debug1.o)
 .debug_abbrev  0x00001d1f      0x218 .\CortexM3\ARM_GCC_541\Debug\audioSpectrumAnalyzer.a(UART_1.o)
 .debug_abbrev  0x00001f37      0x142 .\CortexM3\ARM_GCC_541\Debug\audioSpectrumAnalyzer.a(UART_1_IntClock.o)
 .debug_abbrev  0x00002079      0x243 .\CortexM3\ARM_GCC_541\Debug\audioSpectrumAnalyzer.a(SPI_led.o)
 .debug_abbrev  0x000022bc       0x90 .\CortexM3\ARM_GCC_541\Debug\audioSpectrumAnalyzer.a(Pin_LE.o)
 .debug_abbrev  0x0000234c       0x90 .\CortexM3\ARM_GCC_541\Debug\audioSpectrumAnalyzer.a(Pin_OE.o)
 .debug_abbrev  0x000023dc      0x1e2 .\CortexM3\ARM_GCC_541\Debug\audioSpectrumAnalyzer.a(isr_Pin_buttUp.o)
 .debug_abbrev  0x000025be      0x1e2 .\CortexM3\ARM_GCC_541\Debug\audioSpectrumAnalyzer.a(isr_Pin_buttDown.o)
 .debug_abbrev  0x000027a0       0x14 .\CortexM3\ARM_GCC_541\Debug\audioSpectrumAnalyzer.a(CyBootAsmGnu.o)
 .debug_abbrev  0x000027b4      0x23d .\CortexM3\ARM_GCC_541\Debug\audioSpectrumAnalyzer.a(CyFlash.o)
 .debug_abbrev  0x000029f1      0x193 .\CortexM3\ARM_GCC_541\Debug\audioSpectrumAnalyzer.a(CySpc.o)

.debug_line     0x00000000     0x4218
 *(.debug_line)
 .debug_line    0x00000000      0x43f .\CortexM3\ARM_GCC_541\Debug\main.o
 .debug_line    0x0000043f       0xdd .\CortexM3\ARM_GCC_541\Debug\filters.o
 .debug_line    0x0000051c      0x319 .\CortexM3\ARM_GCC_541\Debug\FFT_Q.o
 .debug_line    0x00000835       0x91 .\CortexM3\ARM_GCC_541\Debug\display.o
 .debug_line    0x000008c6       0xf8 .\CortexM3\ARM_GCC_541\Debug\led_object.o
 .debug_line    0x000009be      0x24c .\CortexM3\ARM_GCC_541\Debug\cyfitter_cfg.o
 .debug_line    0x00000c0a      0x141 .\CortexM3\ARM_GCC_541\Debug\cymetadata.o
 .debug_line    0x00000d4b      0x22b .\CortexM3\ARM_GCC_541\Debug\Cm3Start.o
 .debug_line    0x00000f76      0x12e .\CortexM3\ARM_GCC_541\Debug\audioSpectrumAnalyzer.a(PGA_1.o)
 .debug_line    0x000010a4      0x31c .\CortexM3\ARM_GCC_541\Debug\audioSpectrumAnalyzer.a(CyDmac.o)
 .debug_line    0x000013c0      0xb0c .\CortexM3\ARM_GCC_541\Debug\audioSpectrumAnalyzer.a(CyLib.o)
 .debug_line    0x00001ecc      0x52a .\CortexM3\ARM_GCC_541\Debug\audioSpectrumAnalyzer.a(cyPm.o)
 .debug_line    0x000023f6      0x62d .\CortexM3\ARM_GCC_541\Debug\audioSpectrumAnalyzer.a(ADC_DelSig_1.o)
 .debug_line    0x00002a23       0x5a .\CortexM3\ARM_GCC_541\Debug\audioSpectrumAnalyzer.a(ADC_DelSig_1_INT.o)
 .debug_line    0x00002a7d      0x1e8 .\CortexM3\ARM_GCC_541\Debug\audioSpectrumAnalyzer.a(ADC_DelSig_1_Ext_CP_Clk.o)
 .debug_line    0x00002c65      0x206 .\CortexM3\ARM_GCC_541\Debug\audioSpectrumAnalyzer.a(ADC_DelSig_1_theACLK.o)
 .debug_line    0x00002e6b      0x1d1 .\CortexM3\ARM_GCC_541\Debug\audioSpectrumAnalyzer.a(isr_adc_eoc.o)
 .debug_line    0x0000303c       0x97 .\CortexM3\ARM_GCC_541\Debug\audioSpectrumAnalyzer.a(Pin_debug1.o)
 .debug_line    0x000030d3      0x274 .\CortexM3\ARM_GCC_541\Debug\audioSpectrumAnalyzer.a(UART_1.o)
 .debug_line    0x00003347      0x1e1 .\CortexM3\ARM_GCC_541\Debug\audioSpectrumAnalyzer.a(UART_1_IntClock.o)
 .debug_line    0x00003528      0x28a .\CortexM3\ARM_GCC_541\Debug\audioSpectrumAnalyzer.a(SPI_led.o)
 .debug_line    0x000037b2       0x93 .\CortexM3\ARM_GCC_541\Debug\audioSpectrumAnalyzer.a(Pin_LE.o)
 .debug_line    0x00003845       0x95 .\CortexM3\ARM_GCC_541\Debug\audioSpectrumAnalyzer.a(Pin_OE.o)
 .debug_line    0x000038da      0x1ab .\CortexM3\ARM_GCC_541\Debug\audioSpectrumAnalyzer.a(isr_Pin_buttUp.o)
 .debug_line    0x00003a85      0x1ad .\CortexM3\ARM_GCC_541\Debug\audioSpectrumAnalyzer.a(isr_Pin_buttDown.o)
 .debug_line    0x00003c32       0x66 .\CortexM3\ARM_GCC_541\Debug\audioSpectrumAnalyzer.a(CyBootAsmGnu.o)
 .debug_line    0x00003c98      0x2c7 .\CortexM3\ARM_GCC_541\Debug\audioSpectrumAnalyzer.a(CyFlash.o)
 .debug_line    0x00003f5f      0x2b9 .\CortexM3\ARM_GCC_541\Debug\audioSpectrumAnalyzer.a(CySpc.o)

.debug_frame    0x00000000     0x281c
 *(.debug_frame)
 .debug_frame   0x00000000       0x84 .\CortexM3\ARM_GCC_541\Debug\main.o
 .debug_frame   0x00000084       0x74 .\CortexM3\ARM_GCC_541\Debug\filters.o
 .debug_frame   0x000000f8       0xec .\CortexM3\ARM_GCC_541\Debug\FFT_Q.o
 .debug_frame   0x000001e4       0x40 .\CortexM3\ARM_GCC_541\Debug\display.o
 .debug_frame   0x00000224       0xcc .\CortexM3\ARM_GCC_541\Debug\led_object.o
 .debug_frame   0x000002f0       0x48 .\CortexM3\ARM_GCC_541\Debug\cyfitter_cfg.o
 .debug_frame   0x00000338       0xbc .\CortexM3\ARM_GCC_541\Debug\Cm3Start.o
 .debug_frame   0x000003f4       0x98 .\CortexM3\ARM_GCC_541\Debug\audioSpectrumAnalyzer.a(PGA_1.o)
 .debug_frame   0x0000048c      0x260 .\CortexM3\ARM_GCC_541\Debug\audioSpectrumAnalyzer.a(CyDmac.o)
 .debug_frame   0x000006ec      0x740 .\CortexM3\ARM_GCC_541\Debug\audioSpectrumAnalyzer.a(CyLib.o)
 .debug_frame   0x00000e2c      0x1f4 .\CortexM3\ARM_GCC_541\Debug\audioSpectrumAnalyzer.a(cyPm.o)
 .debug_frame   0x00001020      0x2ec .\CortexM3\ARM_GCC_541\Debug\audioSpectrumAnalyzer.a(ADC_DelSig_1.o)
 .debug_frame   0x0000130c       0x50 .\CortexM3\ARM_GCC_541\Debug\audioSpectrumAnalyzer.a(ADC_DelSig_1_INT.o)
 .debug_frame   0x0000135c      0x120 .\CortexM3\ARM_GCC_541\Debug\audioSpectrumAnalyzer.a(ADC_DelSig_1_Ext_CP_Clk.o)
 .debug_frame   0x0000147c      0x140 .\CortexM3\ARM_GCC_541\Debug\audioSpectrumAnalyzer.a(ADC_DelSig_1_theACLK.o)
 .debug_frame   0x000015bc      0x128 .\CortexM3\ARM_GCC_541\Debug\audioSpectrumAnalyzer.a(isr_adc_eoc.o)
 .debug_frame   0x000016e4       0x50 .\CortexM3\ARM_GCC_541\Debug\audioSpectrumAnalyzer.a(Pin_debug1.o)
 .debug_frame   0x00001734      0x1d0 .\CortexM3\ARM_GCC_541\Debug\audioSpectrumAnalyzer.a(UART_1.o)
 .debug_frame   0x00001904      0x120 .\CortexM3\ARM_GCC_541\Debug\audioSpectrumAnalyzer.a(UART_1_IntClock.o)
 .debug_frame   0x00001a24      0x214 .\CortexM3\ARM_GCC_541\Debug\audioSpectrumAnalyzer.a(SPI_led.o)
 .debug_frame   0x00001c38       0x50 .\CortexM3\ARM_GCC_541\Debug\audioSpectrumAnalyzer.a(Pin_LE.o)
 .debug_frame   0x00001c88       0x50 .\CortexM3\ARM_GCC_541\Debug\audioSpectrumAnalyzer.a(Pin_OE.o)
 .debug_frame   0x00001cd8      0x110 .\CortexM3\ARM_GCC_541\Debug\audioSpectrumAnalyzer.a(isr_Pin_buttUp.o)
 .debug_frame   0x00001de8      0x110 .\CortexM3\ARM_GCC_541\Debug\audioSpectrumAnalyzer.a(isr_Pin_buttDown.o)
 .debug_frame   0x00001ef8      0x214 .\CortexM3\ARM_GCC_541\Debug\audioSpectrumAnalyzer.a(CyFlash.o)
 .debug_frame   0x0000210c      0x298 .\CortexM3\ARM_GCC_541\Debug\audioSpectrumAnalyzer.a(CySpc.o)
 .debug_frame   0x000023a4       0x44 c:/program files (x86)/cypress/psoc creator/4.4/psoc creator/import/gnu/arm/5.4.1/bin/../lib/gcc/arm-none-eabi/5.4.1/../../../../arm-none-eabi/lib/armv7-m\libm.a(lib_a-w_sqrt.o)
 .debug_frame   0x000023e8       0x30 c:/program files (x86)/cypress/psoc creator/4.4/psoc creator/import/gnu/arm/5.4.1/bin/../lib/gcc/arm-none-eabi/5.4.1/../../../../arm-none-eabi/lib/armv7-m\libm.a(lib_a-e_sqrt.o)
 .debug_frame   0x00002418       0x20 c:/program files (x86)/cypress/psoc creator/4.4/psoc creator/import/gnu/arm/5.4.1/bin/../lib/gcc/arm-none-eabi/5.4.1/../../../../arm-none-eabi/lib/armv7-m\libm.a(lib_a-s_matherr.o)
 .debug_frame   0x00002438       0x20 c:/program files (x86)/cypress/psoc creator/4.4/psoc creator/import/gnu/arm/5.4.1/bin/../lib/gcc/arm-none-eabi/5.4.1/../../../../arm-none-eabi/lib/armv7-m\libg_nano.a(lib_a-errno.o)
 .debug_frame   0x00002458       0x28 c:/program files (x86)/cypress/psoc creator/4.4/psoc creator/import/gnu/arm/5.4.1/bin/../lib/gcc/arm-none-eabi/5.4.1/../../../../arm-none-eabi/lib/armv7-m\libg_nano.a(lib_a-exit.o)
 .debug_frame   0x00002480       0x2c c:/program files (x86)/cypress/psoc creator/4.4/psoc creator/import/gnu/arm/5.4.1/bin/../lib/gcc/arm-none-eabi/5.4.1/../../../../arm-none-eabi/lib/armv7-m\libg_nano.a(lib_a-init.o)
 .debug_frame   0x000024ac       0x28 c:/program files (x86)/cypress/psoc creator/4.4/psoc creator/import/gnu/arm/5.4.1/bin/../lib/gcc/arm-none-eabi/5.4.1/../../../../arm-none-eabi/lib/armv7-m\libg_nano.a(lib_a-memcpy-stub.o)
 .debug_frame   0x000024d4       0x20 c:/program files (x86)/cypress/psoc creator/4.4/psoc creator/import/gnu/arm/5.4.1/bin/../lib/gcc/arm-none-eabi/5.4.1/../../../../arm-none-eabi/lib/armv7-m\libg_nano.a(lib_a-memset.o)
 .debug_frame   0x000024f4       0x70 c:/program files (x86)/cypress/psoc creator/4.4/psoc creator/import/gnu/arm/5.4.1/bin/../lib/gcc/arm-none-eabi/5.4.1/../../../../arm-none-eabi/lib/armv7-m\libg_nano.a(lib_a-sprintf.o)
 .debug_frame   0x00002564       0x90 c:/program files (x86)/cypress/psoc creator/4.4/psoc creator/import/gnu/arm/5.4.1/bin/../lib/gcc/arm-none-eabi/5.4.1/../../../../arm-none-eabi/lib/armv7-m\libg_nano.a(lib_a-nano-svfprintf.o)
 .debug_frame   0x000025f4       0x60 c:/program files (x86)/cypress/psoc creator/4.4/psoc creator/import/gnu/arm/5.4.1/bin/../lib/gcc/arm-none-eabi/5.4.1/../../../../arm-none-eabi/lib/armv7-m\libg_nano.a(lib_a-nano-vfprintf_i.o)
 .debug_frame   0x00002654       0x28 c:/program files (x86)/cypress/psoc creator/4.4/psoc creator/import/gnu/arm/5.4.1/bin/../lib/gcc/arm-none-eabi/5.4.1/../../../../arm-none-eabi/lib/armv7-m\libg_nano.a(lib_a-memchr-stub.o)
 .debug_frame   0x0000267c       0x28 c:/program files (x86)/cypress/psoc creator/4.4/psoc creator/import/gnu/arm/5.4.1/bin/../lib/gcc/arm-none-eabi/5.4.1/../../../../arm-none-eabi/lib/armv7-m\libg_nano.a(lib_a-memmove.o)
 .debug_frame   0x000026a4       0x38 c:/program files (x86)/cypress/psoc creator/4.4/psoc creator/import/gnu/arm/5.4.1/bin/../lib/gcc/arm-none-eabi/5.4.1/../../../../arm-none-eabi/lib/armv7-m\libg_nano.a(lib_a-nano-freer.o)
 .debug_frame   0x000026dc       0x2c c:/program files (x86)/cypress/psoc creator/4.4/psoc creator/import/gnu/arm/5.4.1/bin/../lib/gcc/arm-none-eabi/5.4.1/../../../../arm-none-eabi/lib/armv7-m\libg_nano.a(lib_a-nano-mallocr.o)
 .debug_frame   0x00002708       0x3c c:/program files (x86)/cypress/psoc creator/4.4/psoc creator/import/gnu/arm/5.4.1/bin/../lib/gcc/arm-none-eabi/5.4.1/../../../../arm-none-eabi/lib/armv7-m\libg_nano.a(lib_a-nano-reallocr.o)
 .debug_frame   0x00002744       0x2c c:/program files (x86)/cypress/psoc creator/4.4/psoc creator/import/gnu/arm/5.4.1/bin/../lib/gcc/arm-none-eabi/5.4.1/../../../../arm-none-eabi/lib/armv7-m\libg_nano.a(lib_a-sbrkr.o)
 .debug_frame   0x00002770       0x30 c:/program files (x86)/cypress/psoc creator/4.4/psoc creator/import/gnu/arm/5.4.1/bin/../lib/gcc/arm-none-eabi/5.4.1/../../../../arm-none-eabi/lib/armv7-m\libg_nano.a(lib_a-mlock.o)
 .debug_frame   0x000027a0       0x20 c:/program files (x86)/cypress/psoc creator/4.4/psoc creator/import/gnu/arm/5.4.1/bin/../lib/gcc/arm-none-eabi/5.4.1/../../../../arm-none-eabi/lib/armv7-m\libg_nano.a(lib_a-nano-msizer.o)
 .debug_frame   0x000027c0       0x5c c:/program files (x86)/cypress/psoc creator/4.4/psoc creator/import/gnu/arm/5.4.1/bin/../lib/gcc/arm-none-eabi/5.4.1/../../../../arm-none-eabi/lib/armv7-m\libg_nano.a(lib_a-reent.o)

.debug_str      0x00000000     0x2f9c
 *(.debug_str)
 .debug_str     0x00000000      0x48d .\CortexM3\ARM_GCC_541\Debug\main.o
                                0x4ec (size before relaxing)
 .debug_str     0x0000048d       0xd4 .\CortexM3\ARM_GCC_541\Debug\filters.o
                                0x17f (size before relaxing)
 .debug_str     0x00000561      0x19a .\CortexM3\ARM_GCC_541\Debug\FFT_Q.o
                                0x392 (size before relaxing)
 .debug_str     0x000006fb        0xf .\CortexM3\ARM_GCC_541\Debug\display.o
                                0x205 (size before relaxing)
 .debug_str     0x0000070a       0xed .\CortexM3\ARM_GCC_541\Debug\led_object.o
                                0x1e0 (size before relaxing)
 .debug_str     0x000007f7      0x195 .\CortexM3\ARM_GCC_541\Debug\cyfitter_cfg.o
                                0x39e (size before relaxing)
 .debug_str     0x0000098c       0x7f .\CortexM3\ARM_GCC_541\Debug\cymetadata.o
                                0x23e (size before relaxing)
 .debug_str     0x00000a0b      0x14f .\CortexM3\ARM_GCC_541\Debug\Cm3Start.o
                                0x374 (size before relaxing)
 .debug_str     0x00000b5a       0x98 .\CortexM3\ARM_GCC_541\Debug\audioSpectrumAnalyzer.a(PGA_1.o)
                                0x289 (size before relaxing)
 .debug_str     0x00000bf2      0x392 .\CortexM3\ARM_GCC_541\Debug\audioSpectrumAnalyzer.a(CyDmac.o)
                                0x5a4 (size before relaxing)
 .debug_str     0x00000f84      0x7e7 .\CortexM3\ARM_GCC_541\Debug\audioSpectrumAnalyzer.a(CyLib.o)
                                0xaa1 (size before relaxing)
 .debug_str     0x0000176b      0x365 .\CortexM3\ARM_GCC_541\Debug\audioSpectrumAnalyzer.a(cyPm.o)
                                0x78d (size before relaxing)
 .debug_str     0x00001ad0      0x4ac .\CortexM3\ARM_GCC_541\Debug\audioSpectrumAnalyzer.a(ADC_DelSig_1.o)
                                0x77b (size before relaxing)
 .debug_str     0x00001f7c       0x3c .\CortexM3\ARM_GCC_541\Debug\audioSpectrumAnalyzer.a(ADC_DelSig_1_INT.o)
                                0x211 (size before relaxing)
 .debug_str     0x00001fb8      0x1c7 .\CortexM3\ARM_GCC_541\Debug\audioSpectrumAnalyzer.a(ADC_DelSig_1_Ext_CP_Clk.o)
                                0x408 (size before relaxing)
 .debug_str     0x0000217f      0x1bb .\CortexM3\ARM_GCC_541\Debug\audioSpectrumAnalyzer.a(ADC_DelSig_1_theACLK.o)
                                0x439 (size before relaxing)
 .debug_str     0x0000233a      0x128 .\CortexM3\ARM_GCC_541\Debug\audioSpectrumAnalyzer.a(isr_adc_eoc.o)
                                0x3ac (size before relaxing)
 .debug_str     0x00002462       0x6e .\CortexM3\ARM_GCC_541\Debug\audioSpectrumAnalyzer.a(Pin_debug1.o)
                                0x255 (size before relaxing)
 .debug_str     0x000024d0      0x1ae .\CortexM3\ARM_GCC_541\Debug\audioSpectrumAnalyzer.a(UART_1.o)
                                0x3fe (size before relaxing)
 .debug_str     0x0000267e      0x14c .\CortexM3\ARM_GCC_541\Debug\audioSpectrumAnalyzer.a(UART_1_IntClock.o)
                                0x3a8 (size before relaxing)
 .debug_str     0x000027ca      0x214 .\CortexM3\ARM_GCC_541\Debug\audioSpectrumAnalyzer.a(SPI_led.o)
                                0x481 (size before relaxing)
 .debug_str     0x000029de       0x53 .\CortexM3\ARM_GCC_541\Debug\audioSpectrumAnalyzer.a(Pin_LE.o)
                                0x241 (size before relaxing)
 .debug_str     0x00002a31       0x53 .\CortexM3\ARM_GCC_541\Debug\audioSpectrumAnalyzer.a(Pin_OE.o)
                                0x241 (size before relaxing)
 .debug_str     0x00002a84      0x14f .\CortexM3\ARM_GCC_541\Debug\audioSpectrumAnalyzer.a(isr_Pin_buttUp.o)
                                0x393 (size before relaxing)
 .debug_str     0x00002bd3      0x169 .\CortexM3\ARM_GCC_541\Debug\audioSpectrumAnalyzer.a(isr_Pin_buttDown.o)
                                0x3b1 (size before relaxing)
 .debug_str     0x00002d3c      0x1b4 .\CortexM3\ARM_GCC_541\Debug\audioSpectrumAnalyzer.a(CyFlash.o)
                                0x41a (size before relaxing)
 .debug_str     0x00002ef0       0xac .\CortexM3\ARM_GCC_541\Debug\audioSpectrumAnalyzer.a(CySpc.o)
                                0x392 (size before relaxing)

.debug_loc      0x00000000     0x59a2
 *(.debug_loc)
 .debug_loc     0x00000000      0x1fc .\CortexM3\ARM_GCC_541\Debug\main.o
 .debug_loc     0x000001fc      0x6ad .\CortexM3\ARM_GCC_541\Debug\filters.o
 .debug_loc     0x000008a9      0x6ea .\CortexM3\ARM_GCC_541\Debug\FFT_Q.o
 .debug_loc     0x00000f93      0x1b8 .\CortexM3\ARM_GCC_541\Debug\display.o
 .debug_loc     0x0000114b      0x107 .\CortexM3\ARM_GCC_541\Debug\led_object.o
 .debug_loc     0x00001252      0x3fd .\CortexM3\ARM_GCC_541\Debug\cyfitter_cfg.o
 .debug_loc     0x0000164f      0x19b .\CortexM3\ARM_GCC_541\Debug\Cm3Start.o
 .debug_loc     0x000017ea      0x136 .\CortexM3\ARM_GCC_541\Debug\audioSpectrumAnalyzer.a(PGA_1.o)
 .debug_loc     0x00001920      0xc55 .\CortexM3\ARM_GCC_541\Debug\audioSpectrumAnalyzer.a(CyDmac.o)
 .debug_loc     0x00002575      0xf17 .\CortexM3\ARM_GCC_541\Debug\audioSpectrumAnalyzer.a(CyLib.o)
 .debug_loc     0x0000348c      0x1a3 .\CortexM3\ARM_GCC_541\Debug\audioSpectrumAnalyzer.a(cyPm.o)
 .debug_loc     0x0000362f      0x88a .\CortexM3\ARM_GCC_541\Debug\audioSpectrumAnalyzer.a(ADC_DelSig_1.o)
 .debug_loc     0x00003eb9       0xfb .\CortexM3\ARM_GCC_541\Debug\audioSpectrumAnalyzer.a(ADC_DelSig_1_Ext_CP_Clk.o)
 .debug_loc     0x00003fb4      0x11c .\CortexM3\ARM_GCC_541\Debug\audioSpectrumAnalyzer.a(ADC_DelSig_1_theACLK.o)
 .debug_loc     0x000040d0       0xf3 .\CortexM3\ARM_GCC_541\Debug\audioSpectrumAnalyzer.a(isr_adc_eoc.o)
 .debug_loc     0x000041c3       0x5a .\CortexM3\ARM_GCC_541\Debug\audioSpectrumAnalyzer.a(Pin_debug1.o)
 .debug_loc     0x0000421d      0x162 .\CortexM3\ARM_GCC_541\Debug\audioSpectrumAnalyzer.a(UART_1.o)
 .debug_loc     0x0000437f       0xfb .\CortexM3\ARM_GCC_541\Debug\audioSpectrumAnalyzer.a(UART_1_IntClock.o)
 .debug_loc     0x0000447a      0x142 .\CortexM3\ARM_GCC_541\Debug\audioSpectrumAnalyzer.a(SPI_led.o)
 .debug_loc     0x000045bc       0x5a .\CortexM3\ARM_GCC_541\Debug\audioSpectrumAnalyzer.a(Pin_LE.o)
 .debug_loc     0x00004616       0x5a .\CortexM3\ARM_GCC_541\Debug\audioSpectrumAnalyzer.a(Pin_OE.o)
 .debug_loc     0x00004670       0xf3 .\CortexM3\ARM_GCC_541\Debug\audioSpectrumAnalyzer.a(isr_Pin_buttUp.o)
 .debug_loc     0x00004763       0xf3 .\CortexM3\ARM_GCC_541\Debug\audioSpectrumAnalyzer.a(isr_Pin_buttDown.o)
 .debug_loc     0x00004856      0x851 .\CortexM3\ARM_GCC_541\Debug\audioSpectrumAnalyzer.a(CyFlash.o)
 .debug_loc     0x000050a7      0x8fb .\CortexM3\ARM_GCC_541\Debug\audioSpectrumAnalyzer.a(CySpc.o)

.debug_macinfo
 *(.debug_macinfo)

.debug_ranges   0x00000000     0x1b70
 *(.debug_ranges)
 .debug_ranges  0x00000000       0x28 .\CortexM3\ARM_GCC_541\Debug\main.o
 .debug_ranges  0x00000028       0x18 .\CortexM3\ARM_GCC_541\Debug\filters.o
 .debug_ranges  0x00000040       0xb0 .\CortexM3\ARM_GCC_541\Debug\FFT_Q.o
 .debug_ranges  0x000000f0       0x28 .\CortexM3\ARM_GCC_541\Debug\display.o
 .debug_ranges  0x00000118       0x60 .\CortexM3\ARM_GCC_541\Debug\led_object.o
 .debug_ranges  0x00000178      0x1d0 .\CortexM3\ARM_GCC_541\Debug\cyfitter_cfg.o
 .debug_ranges  0x00000348       0x38 .\CortexM3\ARM_GCC_541\Debug\Cm3Start.o
 .debug_ranges  0x00000380       0x68 .\CortexM3\ARM_GCC_541\Debug\audioSpectrumAnalyzer.a(PGA_1.o)
 .debug_ranges  0x000003e8       0xe0 .\CortexM3\ARM_GCC_541\Debug\audioSpectrumAnalyzer.a(CyDmac.o)
 .debug_ranges  0x000004c8      0x620 .\CortexM3\ARM_GCC_541\Debug\audioSpectrumAnalyzer.a(CyLib.o)
 .debug_ranges  0x00000ae8      0x130 .\CortexM3\ARM_GCC_541\Debug\audioSpectrumAnalyzer.a(cyPm.o)
 .debug_ranges  0x00000c18      0x2e8 .\CortexM3\ARM_GCC_541\Debug\audioSpectrumAnalyzer.a(ADC_DelSig_1.o)
 .debug_ranges  0x00000f00       0x10 .\CortexM3\ARM_GCC_541\Debug\audioSpectrumAnalyzer.a(ADC_DelSig_1_INT.o)
 .debug_ranges  0x00000f10       0xe0 .\CortexM3\ARM_GCC_541\Debug\audioSpectrumAnalyzer.a(ADC_DelSig_1_Ext_CP_Clk.o)
 .debug_ranges  0x00000ff0       0xf0 .\CortexM3\ARM_GCC_541\Debug\audioSpectrumAnalyzer.a(ADC_DelSig_1_theACLK.o)
 .debug_ranges  0x000010e0      0x198 .\CortexM3\ARM_GCC_541\Debug\audioSpectrumAnalyzer.a(isr_adc_eoc.o)
 .debug_ranges  0x00001278       0x28 .\CortexM3\ARM_GCC_541\Debug\audioSpectrumAnalyzer.a(Pin_debug1.o)
 .debug_ranges  0x000012a0      0x160 .\CortexM3\ARM_GCC_541\Debug\audioSpectrumAnalyzer.a(UART_1.o)
 .debug_ranges  0x00001400       0xe0 .\CortexM3\ARM_GCC_541\Debug\audioSpectrumAnalyzer.a(UART_1_IntClock.o)
 .debug_ranges  0x000014e0      0x198 .\CortexM3\ARM_GCC_541\Debug\audioSpectrumAnalyzer.a(SPI_led.o)
 .debug_ranges  0x00001678       0x28 .\CortexM3\ARM_GCC_541\Debug\audioSpectrumAnalyzer.a(Pin_LE.o)
 .debug_ranges  0x000016a0       0x28 .\CortexM3\ARM_GCC_541\Debug\audioSpectrumAnalyzer.a(Pin_OE.o)
 .debug_ranges  0x000016c8      0x198 .\CortexM3\ARM_GCC_541\Debug\audioSpectrumAnalyzer.a(isr_Pin_buttUp.o)
 .debug_ranges  0x00001860      0x198 .\CortexM3\ARM_GCC_541\Debug\audioSpectrumAnalyzer.a(isr_Pin_buttDown.o)
 .debug_ranges  0x000019f8      0x108 .\CortexM3\ARM_GCC_541\Debug\audioSpectrumAnalyzer.a(CyFlash.o)
 .debug_ranges  0x00001b00       0x70 .\CortexM3\ARM_GCC_541\Debug\audioSpectrumAnalyzer.a(CySpc.o)

.comment        0x00000000       0x6e
 .comment       0x00000000       0x6e .\CortexM3\ARM_GCC_541\Debug\main.o
                                 0x6f (size before relaxing)
 .comment       0x0000006e       0x6f .\CortexM3\ARM_GCC_541\Debug\filters.o
 .comment       0x0000006e       0x6f .\CortexM3\ARM_GCC_541\Debug\FFT_Q.o
 .comment       0x0000006e       0x6f .\CortexM3\ARM_GCC_541\Debug\display.o
 .comment       0x0000006e       0x6f .\CortexM3\ARM_GCC_541\Debug\led_object.o
 .comment       0x0000006e       0x6f .\CortexM3\ARM_GCC_541\Debug\cyfitter_cfg.o
 .comment       0x0000006e       0x6f .\CortexM3\ARM_GCC_541\Debug\cymetadata.o
 .comment       0x0000006e       0x6f .\CortexM3\ARM_GCC_541\Debug\Cm3Start.o
 .comment       0x0000006e       0x6f .\CortexM3\ARM_GCC_541\Debug\audioSpectrumAnalyzer.a(PGA_1.o)
 .comment       0x0000006e       0x6f .\CortexM3\ARM_GCC_541\Debug\audioSpectrumAnalyzer.a(CyDmac.o)
 .comment       0x0000006e       0x6f .\CortexM3\ARM_GCC_541\Debug\audioSpectrumAnalyzer.a(CyLib.o)
 .comment       0x0000006e       0x6f .\CortexM3\ARM_GCC_541\Debug\audioSpectrumAnalyzer.a(cyPm.o)
 .comment       0x0000006e       0x6f .\CortexM3\ARM_GCC_541\Debug\audioSpectrumAnalyzer.a(ADC_DelSig_1.o)
 .comment       0x0000006e       0x6f .\CortexM3\ARM_GCC_541\Debug\audioSpectrumAnalyzer.a(ADC_DelSig_1_INT.o)
 .comment       0x0000006e       0x6f .\CortexM3\ARM_GCC_541\Debug\audioSpectrumAnalyzer.a(ADC_DelSig_1_Ext_CP_Clk.o)
 .comment       0x0000006e       0x6f .\CortexM3\ARM_GCC_541\Debug\audioSpectrumAnalyzer.a(ADC_DelSig_1_theACLK.o)
 .comment       0x0000006e       0x6f .\CortexM3\ARM_GCC_541\Debug\audioSpectrumAnalyzer.a(isr_adc_eoc.o)
 .comment       0x0000006e       0x6f .\CortexM3\ARM_GCC_541\Debug\audioSpectrumAnalyzer.a(Pin_debug1.o)
 .comment       0x0000006e       0x6f .\CortexM3\ARM_GCC_541\Debug\audioSpectrumAnalyzer.a(UART_1.o)
 .comment       0x0000006e       0x6f .\CortexM3\ARM_GCC_541\Debug\audioSpectrumAnalyzer.a(UART_1_IntClock.o)
 .comment       0x0000006e       0x6f .\CortexM3\ARM_GCC_541\Debug\audioSpectrumAnalyzer.a(SPI_led.o)
 .comment       0x0000006e       0x6f .\CortexM3\ARM_GCC_541\Debug\audioSpectrumAnalyzer.a(Pin_LE.o)
 .comment       0x0000006e       0x6f .\CortexM3\ARM_GCC_541\Debug\audioSpectrumAnalyzer.a(Pin_OE.o)
 .comment       0x0000006e       0x6f .\CortexM3\ARM_GCC_541\Debug\audioSpectrumAnalyzer.a(isr_Pin_buttUp.o)
 .comment       0x0000006e       0x6f .\CortexM3\ARM_GCC_541\Debug\audioSpectrumAnalyzer.a(isr_Pin_buttDown.o)
 .comment       0x0000006e       0x6f .\CortexM3\ARM_GCC_541\Debug\audioSpectrumAnalyzer.a(CyFlash.o)
 .comment       0x0000006e       0x6f .\CortexM3\ARM_GCC_541\Debug\audioSpectrumAnalyzer.a(CySpc.o)

.debug_weaknames
 *(.debug_weaknames)

.debug_funcnames
 *(.debug_funcnames)

.debug_typenames
 *(.debug_typenames)

.debug_varnames
 *(.debug_varnames)

.note.gnu.arm.ident
 *(.note.gnu.arm.ident)

.ARM.attributes
                0x00000000       0x29
 *(.ARM.attributes)
 .ARM.attributes
                0x00000000       0x1d c:/program files (x86)/cypress/psoc creator/4.4/psoc creator/import/gnu/arm/5.4.1/bin/../lib/gcc/arm-none-eabi/5.4.1/armv7-m/crti.o
 .ARM.attributes
                0x0000001d       0x2d c:/program files (x86)/cypress/psoc creator/4.4/psoc creator/import/gnu/arm/5.4.1/bin/../lib/gcc/arm-none-eabi/5.4.1/armv7-m/crtbegin.o
 .ARM.attributes
                0x0000004a       0x1b c:/program files (x86)/cypress/psoc creator/4.4/psoc creator/import/gnu/arm/5.4.1/bin/../lib/gcc/arm-none-eabi/5.4.1/../../../../arm-none-eabi/lib/armv7-m/crt0.o
 .ARM.attributes
                0x00000065       0x33 .\CortexM3\ARM_GCC_541\Debug\main.o
 .ARM.attributes
                0x00000098       0x33 .\CortexM3\ARM_GCC_541\Debug\filters.o
 .ARM.attributes
                0x000000cb       0x33 .\CortexM3\ARM_GCC_541\Debug\FFT_Q.o
 .ARM.attributes
                0x000000fe       0x33 .\CortexM3\ARM_GCC_541\Debug\display.o
 .ARM.attributes
                0x00000131       0x33 .\CortexM3\ARM_GCC_541\Debug\led_object.o
 .ARM.attributes
                0x00000164       0x33 .\CortexM3\ARM_GCC_541\Debug\cyfitter_cfg.o
 .ARM.attributes
                0x00000197       0x33 .\CortexM3\ARM_GCC_541\Debug\cymetadata.o
 .ARM.attributes
                0x000001ca       0x33 .\CortexM3\ARM_GCC_541\Debug\Cm3Start.o
 .ARM.attributes
                0x000001fd       0x33 .\CortexM3\ARM_GCC_541\Debug\audioSpectrumAnalyzer.a(PGA_1.o)
 .ARM.attributes
                0x00000230       0x33 .\CortexM3\ARM_GCC_541\Debug\audioSpectrumAnalyzer.a(CyDmac.o)
 .ARM.attributes
                0x00000263       0x33 .\CortexM3\ARM_GCC_541\Debug\audioSpectrumAnalyzer.a(CyLib.o)
 .ARM.attributes
                0x00000296       0x33 .\CortexM3\ARM_GCC_541\Debug\audioSpectrumAnalyzer.a(cyPm.o)
 .ARM.attributes
                0x000002c9       0x33 .\CortexM3\ARM_GCC_541\Debug\audioSpectrumAnalyzer.a(ADC_DelSig_1.o)
 .ARM.attributes
                0x000002fc       0x33 .\CortexM3\ARM_GCC_541\Debug\audioSpectrumAnalyzer.a(ADC_DelSig_1_INT.o)
 .ARM.attributes
                0x0000032f       0x33 .\CortexM3\ARM_GCC_541\Debug\audioSpectrumAnalyzer.a(ADC_DelSig_1_Ext_CP_Clk.o)
 .ARM.attributes
                0x00000362       0x33 .\CortexM3\ARM_GCC_541\Debug\audioSpectrumAnalyzer.a(ADC_DelSig_1_theACLK.o)
 .ARM.attributes
                0x00000395       0x33 .\CortexM3\ARM_GCC_541\Debug\audioSpectrumAnalyzer.a(isr_adc_eoc.o)
 .ARM.attributes
                0x000003c8       0x33 .\CortexM3\ARM_GCC_541\Debug\audioSpectrumAnalyzer.a(Pin_debug1.o)
 .ARM.attributes
                0x000003fb       0x33 .\CortexM3\ARM_GCC_541\Debug\audioSpectrumAnalyzer.a(UART_1.o)
 .ARM.attributes
                0x0000042e       0x33 .\CortexM3\ARM_GCC_541\Debug\audioSpectrumAnalyzer.a(UART_1_IntClock.o)
 .ARM.attributes
                0x00000461       0x33 .\CortexM3\ARM_GCC_541\Debug\audioSpectrumAnalyzer.a(SPI_led.o)
 .ARM.attributes
                0x00000494       0x33 .\CortexM3\ARM_GCC_541\Debug\audioSpectrumAnalyzer.a(Pin_LE.o)
 .ARM.attributes
                0x000004c7       0x33 .\CortexM3\ARM_GCC_541\Debug\audioSpectrumAnalyzer.a(Pin_OE.o)
 .ARM.attributes
                0x000004fa       0x33 .\CortexM3\ARM_GCC_541\Debug\audioSpectrumAnalyzer.a(isr_Pin_buttUp.o)
 .ARM.attributes
                0x0000052d       0x33 .\CortexM3\ARM_GCC_541\Debug\audioSpectrumAnalyzer.a(isr_Pin_buttDown.o)
 .ARM.attributes
                0x00000560       0x21 .\CortexM3\ARM_GCC_541\Debug\audioSpectrumAnalyzer.a(CyBootAsmGnu.o)
 .ARM.attributes
                0x00000581       0x33 .\CortexM3\ARM_GCC_541\Debug\audioSpectrumAnalyzer.a(CyFlash.o)
 .ARM.attributes
                0x000005b4       0x33 .\CortexM3\ARM_GCC_541\Debug\audioSpectrumAnalyzer.a(CySpc.o)
 .ARM.attributes
                0x000005e7       0x2d c:/program files (x86)/cypress/psoc creator/4.4/psoc creator/import/gnu/arm/5.4.1/bin/../lib/gcc/arm-none-eabi/5.4.1/../../../../arm-none-eabi/lib/armv7-m\libm.a(lib_a-w_sqrt.o)
 .ARM.attributes
                0x00000614       0x2d c:/program files (x86)/cypress/psoc creator/4.4/psoc creator/import/gnu/arm/5.4.1/bin/../lib/gcc/arm-none-eabi/5.4.1/../../../../arm-none-eabi/lib/armv7-m\libm.a(lib_a-e_sqrt.o)
 .ARM.attributes
                0x00000641       0x2d c:/program files (x86)/cypress/psoc creator/4.4/psoc creator/import/gnu/arm/5.4.1/bin/../lib/gcc/arm-none-eabi/5.4.1/../../../../arm-none-eabi/lib/armv7-m\libm.a(lib_a-s_lib_ver.o)
 .ARM.attributes
                0x0000066e       0x2d c:/program files (x86)/cypress/psoc creator/4.4/psoc creator/import/gnu/arm/5.4.1/bin/../lib/gcc/arm-none-eabi/5.4.1/../../../../arm-none-eabi/lib/armv7-m\libm.a(lib_a-s_matherr.o)
 .ARM.attributes
                0x0000069b       0x1d c:/program files (x86)/cypress/psoc creator/4.4/psoc creator/import/gnu/arm/5.4.1/bin/../lib/gcc/arm-none-eabi/5.4.1/armv7-m\libgcc.a(_arm_addsubdf3.o)
 .ARM.attributes
                0x000006b8       0x1d c:/program files (x86)/cypress/psoc creator/4.4/psoc creator/import/gnu/arm/5.4.1/bin/../lib/gcc/arm-none-eabi/5.4.1/armv7-m\libgcc.a(_arm_muldivdf3.o)
 .ARM.attributes
                0x000006d5       0x1d c:/program files (x86)/cypress/psoc creator/4.4/psoc creator/import/gnu/arm/5.4.1/bin/../lib/gcc/arm-none-eabi/5.4.1/armv7-m\libgcc.a(_arm_cmpdf2.o)
 .ARM.attributes
                0x000006f2       0x1d c:/program files (x86)/cypress/psoc creator/4.4/psoc creator/import/gnu/arm/5.4.1/bin/../lib/gcc/arm-none-eabi/5.4.1/armv7-m\libgcc.a(_arm_unorddf2.o)
 .ARM.attributes
                0x0000070f       0x1d c:/program files (x86)/cypress/psoc creator/4.4/psoc creator/import/gnu/arm/5.4.1/bin/../lib/gcc/arm-none-eabi/5.4.1/armv7-m\libgcc.a(_arm_fixdfsi.o)
 .ARM.attributes
                0x0000072c       0x1d c:/program files (x86)/cypress/psoc creator/4.4/psoc creator/import/gnu/arm/5.4.1/bin/../lib/gcc/arm-none-eabi/5.4.1/armv7-m\libgcc.a(_arm_fixunsdfsi.o)
 .ARM.attributes
                0x00000749       0x1d c:/program files (x86)/cypress/psoc creator/4.4/psoc creator/import/gnu/arm/5.4.1/bin/../lib/gcc/arm-none-eabi/5.4.1/armv7-m\libgcc.a(_arm_addsubsf3.o)
 .ARM.attributes
                0x00000766       0x1d c:/program files (x86)/cypress/psoc creator/4.4/psoc creator/import/gnu/arm/5.4.1/bin/../lib/gcc/arm-none-eabi/5.4.1/armv7-m\libgcc.a(_arm_muldivsf3.o)
 .ARM.attributes
                0x00000783       0x1d c:/program files (x86)/cypress/psoc creator/4.4/psoc creator/import/gnu/arm/5.4.1/bin/../lib/gcc/arm-none-eabi/5.4.1/armv7-m\libgcc.a(_arm_fixunssfsi.o)
 .ARM.attributes
                0x000007a0       0x2d c:/program files (x86)/cypress/psoc creator/4.4/psoc creator/import/gnu/arm/5.4.1/bin/../lib/gcc/arm-none-eabi/5.4.1/../../../../arm-none-eabi/lib/armv7-m\libg_nano.a(lib_a-errno.o)
 .ARM.attributes
                0x000007cd       0x2d c:/program files (x86)/cypress/psoc creator/4.4/psoc creator/import/gnu/arm/5.4.1/bin/../lib/gcc/arm-none-eabi/5.4.1/../../../../arm-none-eabi/lib/armv7-m\libg_nano.a(lib_a-exit.o)
 .ARM.attributes
                0x000007fa       0x2d c:/program files (x86)/cypress/psoc creator/4.4/psoc creator/import/gnu/arm/5.4.1/bin/../lib/gcc/arm-none-eabi/5.4.1/../../../../arm-none-eabi/lib/armv7-m\libg_nano.a(lib_a-impure.o)
 .ARM.attributes
                0x00000827       0x2d c:/program files (x86)/cypress/psoc creator/4.4/psoc creator/import/gnu/arm/5.4.1/bin/../lib/gcc/arm-none-eabi/5.4.1/../../../../arm-none-eabi/lib/armv7-m\libg_nano.a(lib_a-init.o)
 .ARM.attributes
                0x00000854       0x2d c:/program files (x86)/cypress/psoc creator/4.4/psoc creator/import/gnu/arm/5.4.1/bin/../lib/gcc/arm-none-eabi/5.4.1/../../../../arm-none-eabi/lib/armv7-m\libg_nano.a(lib_a-memcpy-stub.o)
 .ARM.attributes
                0x00000881       0x2d c:/program files (x86)/cypress/psoc creator/4.4/psoc creator/import/gnu/arm/5.4.1/bin/../lib/gcc/arm-none-eabi/5.4.1/../../../../arm-none-eabi/lib/armv7-m\libg_nano.a(lib_a-memset.o)
 .ARM.attributes
                0x000008ae       0x2d c:/program files (x86)/cypress/psoc creator/4.4/psoc creator/import/gnu/arm/5.4.1/bin/../lib/gcc/arm-none-eabi/5.4.1/../../../../arm-none-eabi/lib/armv7-m\libg_nano.a(lib_a-sprintf.o)
 .ARM.attributes
                0x000008db       0x2d c:/program files (x86)/cypress/psoc creator/4.4/psoc creator/import/gnu/arm/5.4.1/bin/../lib/gcc/arm-none-eabi/5.4.1/../../../../arm-none-eabi/lib/armv7-m\libg_nano.a(lib_a-nano-svfprintf.o)
 .ARM.attributes
                0x00000908       0x2d c:/program files (x86)/cypress/psoc creator/4.4/psoc creator/import/gnu/arm/5.4.1/bin/../lib/gcc/arm-none-eabi/5.4.1/../../../../arm-none-eabi/lib/armv7-m\libg_nano.a(lib_a-nano-vfprintf_i.o)
 .ARM.attributes
                0x00000935       0x2d c:/program files (x86)/cypress/psoc creator/4.4/psoc creator/import/gnu/arm/5.4.1/bin/../lib/gcc/arm-none-eabi/5.4.1/../../../../arm-none-eabi/lib/armv7-m\libg_nano.a(lib_a-memchr-stub.o)
 .ARM.attributes
                0x00000962       0x2d c:/program files (x86)/cypress/psoc creator/4.4/psoc creator/import/gnu/arm/5.4.1/bin/../lib/gcc/arm-none-eabi/5.4.1/../../../../arm-none-eabi/lib/armv7-m\libg_nano.a(lib_a-memmove.o)
 .ARM.attributes
                0x0000098f       0x2d c:/program files (x86)/cypress/psoc creator/4.4/psoc creator/import/gnu/arm/5.4.1/bin/../lib/gcc/arm-none-eabi/5.4.1/../../../../arm-none-eabi/lib/armv7-m\libg_nano.a(lib_a-nano-freer.o)
 .ARM.attributes
                0x000009bc       0x2d c:/program files (x86)/cypress/psoc creator/4.4/psoc creator/import/gnu/arm/5.4.1/bin/../lib/gcc/arm-none-eabi/5.4.1/../../../../arm-none-eabi/lib/armv7-m\libg_nano.a(lib_a-nano-mallocr.o)
 .ARM.attributes
                0x000009e9       0x2d c:/program files (x86)/cypress/psoc creator/4.4/psoc creator/import/gnu/arm/5.4.1/bin/../lib/gcc/arm-none-eabi/5.4.1/../../../../arm-none-eabi/lib/armv7-m\libg_nano.a(lib_a-nano-reallocr.o)
 .ARM.attributes
                0x00000a16       0x2d c:/program files (x86)/cypress/psoc creator/4.4/psoc creator/import/gnu/arm/5.4.1/bin/../lib/gcc/arm-none-eabi/5.4.1/../../../../arm-none-eabi/lib/armv7-m\libg_nano.a(lib_a-sbrkr.o)
 .ARM.attributes
                0x00000a43       0x2d c:/program files (x86)/cypress/psoc creator/4.4/psoc creator/import/gnu/arm/5.4.1/bin/../lib/gcc/arm-none-eabi/5.4.1/../../../../arm-none-eabi/lib/armv7-m\libg_nano.a(lib_a-mlock.o)
 .ARM.attributes
                0x00000a70       0x2d c:/program files (x86)/cypress/psoc creator/4.4/psoc creator/import/gnu/arm/5.4.1/bin/../lib/gcc/arm-none-eabi/5.4.1/../../../../arm-none-eabi/lib/armv7-m\libg_nano.a(lib_a-nano-msizer.o)
 .ARM.attributes
                0x00000a9d       0x2d c:/program files (x86)/cypress/psoc creator/4.4/psoc creator/import/gnu/arm/5.4.1/bin/../lib/gcc/arm-none-eabi/5.4.1/../../../../arm-none-eabi/lib/armv7-m\libg_nano.a(lib_a-reent.o)
 .ARM.attributes
                0x00000aca       0x2d c:/program files (x86)/cypress/psoc creator/4.4/psoc creator/import/gnu/arm/5.4.1/bin/../lib/gcc/arm-none-eabi/5.4.1/armv7-m/crtend.o
 .ARM.attributes
                0x00000af7       0x1d c:/program files (x86)/cypress/psoc creator/4.4/psoc creator/import/gnu/arm/5.4.1/bin/../lib/gcc/arm-none-eabi/5.4.1/armv7-m/crtn.o

/DISCARD/
 *(.note.GNU-stack)
OUTPUT(D:\Dropbox\DEVELOPMENT\Audio visualizations\Audio spectrum analyzer zebrawood\Firmware\audioSpectrumAnalyzer\audioSpectrumAnalyzer.cydsn\CortexM3\ARM_GCC_541\Debug\audioSpectrumAnalyzer.elf elf32-littlearm)
