ARM GAS  C:\Users\larco\AppData\Local\Temp\ccC56Bzk.s 			page 1


   1              		.syntax unified
   2              		.cpu cortex-m3
   3              		.fpu softvfp
   4              		.eabi_attribute 20, 1
   5              		.eabi_attribute 21, 1
   6              		.eabi_attribute 23, 3
   7              		.eabi_attribute 24, 1
   8              		.eabi_attribute 25, 1
   9              		.eabi_attribute 26, 1
  10              		.eabi_attribute 30, 2
  11              		.eabi_attribute 34, 1
  12              		.eabi_attribute 18, 4
  13              		.thumb
  14              		.syntax unified
  15              		.file	"DVDAC_1_DMA_dma.c"
  16              		.text
  17              	.Ltext0:
  18              		.cfi_sections	.debug_frame
  19              		.section	.text.DVDAC_1_DMA_DmaInitialize,"ax",%progbits
  20              		.align	2
  21              		.global	DVDAC_1_DMA_DmaInitialize
  22              		.thumb
  23              		.thumb_func
  24              		.type	DVDAC_1_DMA_DmaInitialize, %function
  25              	DVDAC_1_DMA_DmaInitialize:
  26              	.LFB0:
  27              		.file 1 "Generated_Source\\PSoC5\\DVDAC_1_DMA_dma.c"
   1:Generated_Source\PSoC5/DVDAC_1_DMA_dma.c **** /***************************************************************************
   2:Generated_Source\PSoC5/DVDAC_1_DMA_dma.c **** * File Name: DVDAC_1_DMA_dma.c  
   3:Generated_Source\PSoC5/DVDAC_1_DMA_dma.c **** * Version 1.70
   4:Generated_Source\PSoC5/DVDAC_1_DMA_dma.c **** *
   5:Generated_Source\PSoC5/DVDAC_1_DMA_dma.c **** *  Description:
   6:Generated_Source\PSoC5/DVDAC_1_DMA_dma.c **** *   Provides an API for the DMAC component. The API includes functions
   7:Generated_Source\PSoC5/DVDAC_1_DMA_dma.c **** *   for the DMA controller, DMA channels and Transfer Descriptors.
   8:Generated_Source\PSoC5/DVDAC_1_DMA_dma.c **** *
   9:Generated_Source\PSoC5/DVDAC_1_DMA_dma.c **** *
  10:Generated_Source\PSoC5/DVDAC_1_DMA_dma.c **** *   Note:
  11:Generated_Source\PSoC5/DVDAC_1_DMA_dma.c **** *     This module requires the developer to finish or fill in the auto
  12:Generated_Source\PSoC5/DVDAC_1_DMA_dma.c **** *     generated funcions and setup the dma channel and TD's.
  13:Generated_Source\PSoC5/DVDAC_1_DMA_dma.c **** *
  14:Generated_Source\PSoC5/DVDAC_1_DMA_dma.c **** ********************************************************************************
  15:Generated_Source\PSoC5/DVDAC_1_DMA_dma.c **** * Copyright 2008-2010, Cypress Semiconductor Corporation.  All rights reserved.
  16:Generated_Source\PSoC5/DVDAC_1_DMA_dma.c **** * You may use this file only in accordance with the license, terms, conditions, 
  17:Generated_Source\PSoC5/DVDAC_1_DMA_dma.c **** * disclaimers, and limitations in the end user license agreement accompanying 
  18:Generated_Source\PSoC5/DVDAC_1_DMA_dma.c **** * the software package with which this file was provided.
  19:Generated_Source\PSoC5/DVDAC_1_DMA_dma.c **** ********************************************************************************/
  20:Generated_Source\PSoC5/DVDAC_1_DMA_dma.c **** #include <CYLIB.H>
  21:Generated_Source\PSoC5/DVDAC_1_DMA_dma.c **** #include <CYDMAC.H>
  22:Generated_Source\PSoC5/DVDAC_1_DMA_dma.c **** #include <DVDAC_1_DMA_dma.H>
  23:Generated_Source\PSoC5/DVDAC_1_DMA_dma.c **** 
  24:Generated_Source\PSoC5/DVDAC_1_DMA_dma.c **** 
  25:Generated_Source\PSoC5/DVDAC_1_DMA_dma.c **** 
  26:Generated_Source\PSoC5/DVDAC_1_DMA_dma.c **** /****************************************************************************
  27:Generated_Source\PSoC5/DVDAC_1_DMA_dma.c **** * 
  28:Generated_Source\PSoC5/DVDAC_1_DMA_dma.c **** * The following defines are available in Cyfitter.h
  29:Generated_Source\PSoC5/DVDAC_1_DMA_dma.c **** * 
  30:Generated_Source\PSoC5/DVDAC_1_DMA_dma.c **** * 
ARM GAS  C:\Users\larco\AppData\Local\Temp\ccC56Bzk.s 			page 2


  31:Generated_Source\PSoC5/DVDAC_1_DMA_dma.c **** * 
  32:Generated_Source\PSoC5/DVDAC_1_DMA_dma.c **** * DVDAC_1_DMA__DRQ_CTL_REG
  33:Generated_Source\PSoC5/DVDAC_1_DMA_dma.c **** * 
  34:Generated_Source\PSoC5/DVDAC_1_DMA_dma.c **** * 
  35:Generated_Source\PSoC5/DVDAC_1_DMA_dma.c **** * DVDAC_1_DMA__DRQ_NUMBER
  36:Generated_Source\PSoC5/DVDAC_1_DMA_dma.c **** * 
  37:Generated_Source\PSoC5/DVDAC_1_DMA_dma.c **** * Number of TD's used by this channel.
  38:Generated_Source\PSoC5/DVDAC_1_DMA_dma.c **** * DVDAC_1_DMA__NUMBEROF_TDS
  39:Generated_Source\PSoC5/DVDAC_1_DMA_dma.c **** * 
  40:Generated_Source\PSoC5/DVDAC_1_DMA_dma.c **** * Priority of this channel.
  41:Generated_Source\PSoC5/DVDAC_1_DMA_dma.c **** * DVDAC_1_DMA__PRIORITY
  42:Generated_Source\PSoC5/DVDAC_1_DMA_dma.c **** * 
  43:Generated_Source\PSoC5/DVDAC_1_DMA_dma.c **** * True if DVDAC_1_DMA_TERMIN_SEL is used.
  44:Generated_Source\PSoC5/DVDAC_1_DMA_dma.c **** * DVDAC_1_DMA__TERMIN_EN
  45:Generated_Source\PSoC5/DVDAC_1_DMA_dma.c **** * 
  46:Generated_Source\PSoC5/DVDAC_1_DMA_dma.c **** * TERMIN interrupt line to signal terminate.
  47:Generated_Source\PSoC5/DVDAC_1_DMA_dma.c **** * DVDAC_1_DMA__TERMIN_SEL
  48:Generated_Source\PSoC5/DVDAC_1_DMA_dma.c **** * 
  49:Generated_Source\PSoC5/DVDAC_1_DMA_dma.c **** * 
  50:Generated_Source\PSoC5/DVDAC_1_DMA_dma.c **** * True if DVDAC_1_DMA_TERMOUT0_SEL is used.
  51:Generated_Source\PSoC5/DVDAC_1_DMA_dma.c **** * DVDAC_1_DMA__TERMOUT0_EN
  52:Generated_Source\PSoC5/DVDAC_1_DMA_dma.c **** * 
  53:Generated_Source\PSoC5/DVDAC_1_DMA_dma.c **** * 
  54:Generated_Source\PSoC5/DVDAC_1_DMA_dma.c **** * TERMOUT0 interrupt line to signal completion.
  55:Generated_Source\PSoC5/DVDAC_1_DMA_dma.c **** * DVDAC_1_DMA__TERMOUT0_SEL
  56:Generated_Source\PSoC5/DVDAC_1_DMA_dma.c **** * 
  57:Generated_Source\PSoC5/DVDAC_1_DMA_dma.c **** * 
  58:Generated_Source\PSoC5/DVDAC_1_DMA_dma.c **** * True if DVDAC_1_DMA_TERMOUT1_SEL is used.
  59:Generated_Source\PSoC5/DVDAC_1_DMA_dma.c **** * DVDAC_1_DMA__TERMOUT1_EN
  60:Generated_Source\PSoC5/DVDAC_1_DMA_dma.c **** * 
  61:Generated_Source\PSoC5/DVDAC_1_DMA_dma.c **** * 
  62:Generated_Source\PSoC5/DVDAC_1_DMA_dma.c **** * TERMOUT1 interrupt line to signal completion.
  63:Generated_Source\PSoC5/DVDAC_1_DMA_dma.c **** * DVDAC_1_DMA__TERMOUT1_SEL
  64:Generated_Source\PSoC5/DVDAC_1_DMA_dma.c **** * 
  65:Generated_Source\PSoC5/DVDAC_1_DMA_dma.c **** ****************************************************************************/
  66:Generated_Source\PSoC5/DVDAC_1_DMA_dma.c **** 
  67:Generated_Source\PSoC5/DVDAC_1_DMA_dma.c **** 
  68:Generated_Source\PSoC5/DVDAC_1_DMA_dma.c **** /* Zero based index of DVDAC_1_DMA dma channel */
  69:Generated_Source\PSoC5/DVDAC_1_DMA_dma.c **** uint8 DVDAC_1_DMA_DmaHandle = DMA_INVALID_CHANNEL;
  70:Generated_Source\PSoC5/DVDAC_1_DMA_dma.c **** 
  71:Generated_Source\PSoC5/DVDAC_1_DMA_dma.c **** /*********************************************************************
  72:Generated_Source\PSoC5/DVDAC_1_DMA_dma.c **** * Function Name: uint8 DVDAC_1_DMA_DmaInitalize
  73:Generated_Source\PSoC5/DVDAC_1_DMA_dma.c **** **********************************************************************
  74:Generated_Source\PSoC5/DVDAC_1_DMA_dma.c **** * Summary:
  75:Generated_Source\PSoC5/DVDAC_1_DMA_dma.c **** *   Allocates and initialises a channel of the DMAC to be used by the
  76:Generated_Source\PSoC5/DVDAC_1_DMA_dma.c **** *   caller.
  77:Generated_Source\PSoC5/DVDAC_1_DMA_dma.c **** *
  78:Generated_Source\PSoC5/DVDAC_1_DMA_dma.c **** * Parameters:
  79:Generated_Source\PSoC5/DVDAC_1_DMA_dma.c **** *   BurstCount.
  80:Generated_Source\PSoC5/DVDAC_1_DMA_dma.c **** *       
  81:Generated_Source\PSoC5/DVDAC_1_DMA_dma.c **** *       
  82:Generated_Source\PSoC5/DVDAC_1_DMA_dma.c **** *   ReqestPerBurst.
  83:Generated_Source\PSoC5/DVDAC_1_DMA_dma.c **** *       
  84:Generated_Source\PSoC5/DVDAC_1_DMA_dma.c **** *       
  85:Generated_Source\PSoC5/DVDAC_1_DMA_dma.c **** *   UpperSrcAddress.
  86:Generated_Source\PSoC5/DVDAC_1_DMA_dma.c **** *       
  87:Generated_Source\PSoC5/DVDAC_1_DMA_dma.c **** *       
ARM GAS  C:\Users\larco\AppData\Local\Temp\ccC56Bzk.s 			page 3


  88:Generated_Source\PSoC5/DVDAC_1_DMA_dma.c **** *   UpperDestAddress.
  89:Generated_Source\PSoC5/DVDAC_1_DMA_dma.c **** *       
  90:Generated_Source\PSoC5/DVDAC_1_DMA_dma.c **** *
  91:Generated_Source\PSoC5/DVDAC_1_DMA_dma.c **** * Return:
  92:Generated_Source\PSoC5/DVDAC_1_DMA_dma.c **** *   The channel that can be used by the caller for DMA activity.
  93:Generated_Source\PSoC5/DVDAC_1_DMA_dma.c **** *   DMA_INVALID_CHANNEL (0xFF) if there are no channels left. 
  94:Generated_Source\PSoC5/DVDAC_1_DMA_dma.c **** *
  95:Generated_Source\PSoC5/DVDAC_1_DMA_dma.c **** *
  96:Generated_Source\PSoC5/DVDAC_1_DMA_dma.c **** *******************************************************************/
  97:Generated_Source\PSoC5/DVDAC_1_DMA_dma.c **** uint8 DVDAC_1_DMA_DmaInitialize(uint8 BurstCount, uint8 ReqestPerBurst, uint16 UpperSrcAddress, uin
  98:Generated_Source\PSoC5/DVDAC_1_DMA_dma.c **** {
  28              		.loc 1 98 0
  29              		.cfi_startproc
  30              		@ args = 0, pretend = 0, frame = 0
  31              		@ frame_needed = 0, uses_anonymous_args = 0
  32              	.LVL0:
  33 0000 F0B5     		push	{r4, r5, r6, r7, lr}
  34              		.cfi_def_cfa_offset 20
  35              		.cfi_offset 4, -20
  36              		.cfi_offset 5, -16
  37              		.cfi_offset 6, -12
  38              		.cfi_offset 7, -8
  39              		.cfi_offset 14, -4
  40 0002 1646     		mov	r6, r2
  41 0004 1F46     		mov	r7, r3
  42 0006 83B0     		sub	sp, sp, #12
  43              		.cfi_def_cfa_offset 32
  99:Generated_Source\PSoC5/DVDAC_1_DMA_dma.c **** 
 100:Generated_Source\PSoC5/DVDAC_1_DMA_dma.c ****     /* Allocate a DMA channel. */
 101:Generated_Source\PSoC5/DVDAC_1_DMA_dma.c ****     DVDAC_1_DMA_DmaHandle = (uint8)DVDAC_1_DMA__DRQ_NUMBER;
  44              		.loc 1 101 0
  45 0008 0025     		movs	r5, #0
  46 000a 0B4C     		ldr	r4, .L3
 102:Generated_Source\PSoC5/DVDAC_1_DMA_dma.c **** 
 103:Generated_Source\PSoC5/DVDAC_1_DMA_dma.c ****     /* Configure the channel. */
 104:Generated_Source\PSoC5/DVDAC_1_DMA_dma.c ****     (void)CyDmaChSetConfiguration(DVDAC_1_DMA_DmaHandle,
  47              		.loc 1 104 0
  48 000c 2B46     		mov	r3, r5
  49              	.LVL1:
  50 000e 0A46     		mov	r2, r1
  51              	.LVL2:
  52 0010 0195     		str	r5, [sp, #4]
  53 0012 0146     		mov	r1, r0
  54              	.LVL3:
  55 0014 0095     		str	r5, [sp]
  56 0016 2846     		mov	r0, r5
  57              	.LVL4:
 101:Generated_Source\PSoC5/DVDAC_1_DMA_dma.c **** 
  58              		.loc 1 101 0
  59 0018 2570     		strb	r5, [r4]
  60              		.loc 1 104 0
  61 001a FFF7FEFF 		bl	CyDmaChSetConfiguration
  62              	.LVL5:
 105:Generated_Source\PSoC5/DVDAC_1_DMA_dma.c ****                                   BurstCount,
 106:Generated_Source\PSoC5/DVDAC_1_DMA_dma.c ****                                   ReqestPerBurst,
 107:Generated_Source\PSoC5/DVDAC_1_DMA_dma.c ****                                   (uint8)DVDAC_1_DMA__TERMOUT0_SEL,
 108:Generated_Source\PSoC5/DVDAC_1_DMA_dma.c ****                                   (uint8)DVDAC_1_DMA__TERMOUT1_SEL,
ARM GAS  C:\Users\larco\AppData\Local\Temp\ccC56Bzk.s 			page 4


 109:Generated_Source\PSoC5/DVDAC_1_DMA_dma.c ****                                   (uint8)DVDAC_1_DMA__TERMIN_SEL);
 110:Generated_Source\PSoC5/DVDAC_1_DMA_dma.c **** 
 111:Generated_Source\PSoC5/DVDAC_1_DMA_dma.c ****     /* Set the extended address for the transfers */
 112:Generated_Source\PSoC5/DVDAC_1_DMA_dma.c ****     (void)CyDmaChSetExtendedAddress(DVDAC_1_DMA_DmaHandle, UpperSrcAddress, UpperDestAddress);
  63              		.loc 1 112 0
  64 001e 3A46     		mov	r2, r7
  65 0020 3146     		mov	r1, r6
  66 0022 2078     		ldrb	r0, [r4]	@ zero_extendqisi2
  67 0024 FFF7FEFF 		bl	CyDmaChSetExtendedAddress
  68              	.LVL6:
 113:Generated_Source\PSoC5/DVDAC_1_DMA_dma.c **** 
 114:Generated_Source\PSoC5/DVDAC_1_DMA_dma.c ****     /* Set the priority for this channel */
 115:Generated_Source\PSoC5/DVDAC_1_DMA_dma.c ****     (void)CyDmaChPriority(DVDAC_1_DMA_DmaHandle, (uint8)DVDAC_1_DMA__PRIORITY);
  69              		.loc 1 115 0
  70 0028 2078     		ldrb	r0, [r4]	@ zero_extendqisi2
  71 002a 0221     		movs	r1, #2
  72 002c FFF7FEFF 		bl	CyDmaChPriority
  73              	.LVL7:
 116:Generated_Source\PSoC5/DVDAC_1_DMA_dma.c ****     
 117:Generated_Source\PSoC5/DVDAC_1_DMA_dma.c ****     return DVDAC_1_DMA_DmaHandle;
 118:Generated_Source\PSoC5/DVDAC_1_DMA_dma.c **** }
  74              		.loc 1 118 0
  75 0030 2078     		ldrb	r0, [r4]	@ zero_extendqisi2
  76 0032 03B0     		add	sp, sp, #12
  77              		.cfi_def_cfa_offset 20
  78              		@ sp needed
  79 0034 F0BD     		pop	{r4, r5, r6, r7, pc}
  80              	.L4:
  81 0036 00BF     		.align	2
  82              	.L3:
  83 0038 00000000 		.word	.LANCHOR0
  84              		.cfi_endproc
  85              	.LFE0:
  86              		.size	DVDAC_1_DMA_DmaInitialize, .-DVDAC_1_DMA_DmaInitialize
  87              		.section	.text.DVDAC_1_DMA_DmaRelease,"ax",%progbits
  88              		.align	2
  89              		.global	DVDAC_1_DMA_DmaRelease
  90              		.thumb
  91              		.thumb_func
  92              		.type	DVDAC_1_DMA_DmaRelease, %function
  93              	DVDAC_1_DMA_DmaRelease:
  94              	.LFB1:
 119:Generated_Source\PSoC5/DVDAC_1_DMA_dma.c **** 
 120:Generated_Source\PSoC5/DVDAC_1_DMA_dma.c **** /*********************************************************************
 121:Generated_Source\PSoC5/DVDAC_1_DMA_dma.c **** * Function Name: void DVDAC_1_DMA_DmaRelease
 122:Generated_Source\PSoC5/DVDAC_1_DMA_dma.c **** **********************************************************************
 123:Generated_Source\PSoC5/DVDAC_1_DMA_dma.c **** * Summary:
 124:Generated_Source\PSoC5/DVDAC_1_DMA_dma.c **** *   Frees the channel associated with DVDAC_1_DMA.
 125:Generated_Source\PSoC5/DVDAC_1_DMA_dma.c **** *
 126:Generated_Source\PSoC5/DVDAC_1_DMA_dma.c **** *
 127:Generated_Source\PSoC5/DVDAC_1_DMA_dma.c **** * Parameters:
 128:Generated_Source\PSoC5/DVDAC_1_DMA_dma.c **** *   void.
 129:Generated_Source\PSoC5/DVDAC_1_DMA_dma.c **** *
 130:Generated_Source\PSoC5/DVDAC_1_DMA_dma.c **** *
 131:Generated_Source\PSoC5/DVDAC_1_DMA_dma.c **** *
 132:Generated_Source\PSoC5/DVDAC_1_DMA_dma.c **** * Return:
 133:Generated_Source\PSoC5/DVDAC_1_DMA_dma.c **** *   void.
ARM GAS  C:\Users\larco\AppData\Local\Temp\ccC56Bzk.s 			page 5


 134:Generated_Source\PSoC5/DVDAC_1_DMA_dma.c **** *
 135:Generated_Source\PSoC5/DVDAC_1_DMA_dma.c **** *******************************************************************/
 136:Generated_Source\PSoC5/DVDAC_1_DMA_dma.c **** void DVDAC_1_DMA_DmaRelease(void) 
 137:Generated_Source\PSoC5/DVDAC_1_DMA_dma.c **** {
  95              		.loc 1 137 0
  96              		.cfi_startproc
  97              		@ args = 0, pretend = 0, frame = 0
  98              		@ frame_needed = 0, uses_anonymous_args = 0
  99              		@ link register save eliminated.
 138:Generated_Source\PSoC5/DVDAC_1_DMA_dma.c ****     /* Disable the channel */
 139:Generated_Source\PSoC5/DVDAC_1_DMA_dma.c ****     (void)CyDmaChDisable(DVDAC_1_DMA_DmaHandle);
 100              		.loc 1 139 0
 101 0000 014B     		ldr	r3, .L6
 102 0002 1878     		ldrb	r0, [r3]	@ zero_extendqisi2
 103 0004 FFF7FEBF 		b	CyDmaChDisable
 104              	.LVL8:
 105              	.L7:
 106              		.align	2
 107              	.L6:
 108 0008 00000000 		.word	.LANCHOR0
 109              		.cfi_endproc
 110              	.LFE1:
 111              		.size	DVDAC_1_DMA_DmaRelease, .-DVDAC_1_DMA_DmaRelease
 112              		.global	DVDAC_1_DMA_DmaHandle
 113              		.data
 114              		.set	.LANCHOR0,. + 0
 115              		.type	DVDAC_1_DMA_DmaHandle, %object
 116              		.size	DVDAC_1_DMA_DmaHandle, 1
 117              	DVDAC_1_DMA_DmaHandle:
 118 0000 FF       		.byte	-1
 119              		.text
 120              	.Letext0:
 121              		.file 2 "Generated_Source\\PSoC5/cytypes.h"
 122              		.file 3 "Generated_Source\\PSoC5/CYDMAC.H"
 123              		.section	.debug_info,"",%progbits
 124              	.Ldebug_info0:
 125 0000 A6010000 		.4byte	0x1a6
 126 0004 0400     		.2byte	0x4
 127 0006 00000000 		.4byte	.Ldebug_abbrev0
 128 000a 04       		.byte	0x4
 129 000b 01       		.uleb128 0x1
 130 000c 76010000 		.4byte	.LASF24
 131 0010 0C       		.byte	0xc
 132 0011 00000000 		.4byte	.LASF25
 133 0015 53000000 		.4byte	.LASF26
 134 0019 00000000 		.4byte	.Ldebug_ranges0+0
 135 001d 00000000 		.4byte	0
 136 0021 00000000 		.4byte	.Ldebug_line0
 137 0025 02       		.uleb128 0x2
 138 0026 04       		.byte	0x4
 139 0027 05       		.byte	0x5
 140 0028 696E7400 		.ascii	"int\000"
 141 002c 03       		.uleb128 0x3
 142 002d 04       		.byte	0x4
 143 002e 07       		.byte	0x7
 144 002f 69010000 		.4byte	.LASF0
 145 0033 03       		.uleb128 0x3
ARM GAS  C:\Users\larco\AppData\Local\Temp\ccC56Bzk.s 			page 6


 146 0034 08       		.byte	0x8
 147 0035 05       		.byte	0x5
 148 0036 48020000 		.4byte	.LASF1
 149 003a 03       		.uleb128 0x3
 150 003b 08       		.byte	0x8
 151 003c 04       		.byte	0x4
 152 003d 88020000 		.4byte	.LASF2
 153 0041 03       		.uleb128 0x3
 154 0042 01       		.byte	0x1
 155 0043 06       		.byte	0x6
 156 0044 AB020000 		.4byte	.LASF3
 157 0048 03       		.uleb128 0x3
 158 0049 01       		.byte	0x1
 159 004a 08       		.byte	0x8
 160 004b 2A010000 		.4byte	.LASF4
 161 004f 03       		.uleb128 0x3
 162 0050 02       		.byte	0x2
 163 0051 05       		.byte	0x5
 164 0052 75020000 		.4byte	.LASF5
 165 0056 03       		.uleb128 0x3
 166 0057 02       		.byte	0x2
 167 0058 07       		.byte	0x7
 168 0059 11010000 		.4byte	.LASF6
 169 005d 03       		.uleb128 0x3
 170 005e 04       		.byte	0x4
 171 005f 05       		.byte	0x5
 172 0060 7F020000 		.4byte	.LASF7
 173 0064 03       		.uleb128 0x3
 174 0065 04       		.byte	0x4
 175 0066 07       		.byte	0x7
 176 0067 43010000 		.4byte	.LASF8
 177 006b 03       		.uleb128 0x3
 178 006c 08       		.byte	0x8
 179 006d 07       		.byte	0x7
 180 006e 17020000 		.4byte	.LASF9
 181 0072 03       		.uleb128 0x3
 182 0073 04       		.byte	0x4
 183 0074 07       		.byte	0x7
 184 0075 3F020000 		.4byte	.LASF10
 185 0079 03       		.uleb128 0x3
 186 007a 01       		.byte	0x1
 187 007b 08       		.byte	0x8
 188 007c 70020000 		.4byte	.LASF11
 189 0080 04       		.uleb128 0x4
 190 0081 55010000 		.4byte	.LASF12
 191 0085 02       		.byte	0x2
 192 0086 E401     		.2byte	0x1e4
 193 0088 48000000 		.4byte	0x48
 194 008c 04       		.uleb128 0x4
 195 008d 62010000 		.4byte	.LASF13
 196 0091 02       		.byte	0x2
 197 0092 E501     		.2byte	0x1e5
 198 0094 56000000 		.4byte	0x56
 199 0098 03       		.uleb128 0x3
 200 0099 04       		.byte	0x4
 201 009a 04       		.byte	0x4
 202 009b 24010000 		.4byte	.LASF14
ARM GAS  C:\Users\larco\AppData\Local\Temp\ccC56Bzk.s 			page 7


 203 009f 03       		.uleb128 0x3
 204 00a0 08       		.byte	0x8
 205 00a1 04       		.byte	0x4
 206 00a2 5B010000 		.4byte	.LASF15
 207 00a6 05       		.uleb128 0x5
 208 00a7 29000000 		.4byte	.LASF27
 209 00ab 01       		.byte	0x1
 210 00ac 61       		.byte	0x61
 211 00ad 80000000 		.4byte	0x80
 212 00b1 00000000 		.4byte	.LFB0
 213 00b5 3C000000 		.4byte	.LFE0-.LFB0
 214 00b9 01       		.uleb128 0x1
 215 00ba 9C       		.byte	0x9c
 216 00bb 4D010000 		.4byte	0x14d
 217 00bf 06       		.uleb128 0x6
 218 00c0 38010000 		.4byte	.LASF16
 219 00c4 01       		.byte	0x1
 220 00c5 61       		.byte	0x61
 221 00c6 80000000 		.4byte	0x80
 222 00ca 00000000 		.4byte	.LLST0
 223 00ce 06       		.uleb128 0x6
 224 00cf 02010000 		.4byte	.LASF17
 225 00d3 01       		.byte	0x1
 226 00d4 61       		.byte	0x61
 227 00d5 80000000 		.4byte	0x80
 228 00d9 21000000 		.4byte	.LLST1
 229 00dd 06       		.uleb128 0x6
 230 00de 43000000 		.4byte	.LASF18
 231 00e2 01       		.byte	0x1
 232 00e3 61       		.byte	0x61
 233 00e4 8C000000 		.4byte	0x8c
 234 00e8 42000000 		.4byte	.LLST2
 235 00ec 06       		.uleb128 0x6
 236 00ed 2E020000 		.4byte	.LASF19
 237 00f1 01       		.byte	0x1
 238 00f2 61       		.byte	0x61
 239 00f3 8C000000 		.4byte	0x8c
 240 00f7 63000000 		.4byte	.LLST3
 241 00fb 07       		.uleb128 0x7
 242 00fc 1E000000 		.4byte	.LVL5
 243 0100 7D010000 		.4byte	0x17d
 244 0104 23010000 		.4byte	0x123
 245 0108 08       		.uleb128 0x8
 246 0109 01       		.uleb128 0x1
 247 010a 50       		.byte	0x50
 248 010b 02       		.uleb128 0x2
 249 010c 75       		.byte	0x75
 250 010d 00       		.sleb128 0
 251 010e 08       		.uleb128 0x8
 252 010f 01       		.uleb128 0x1
 253 0110 53       		.byte	0x53
 254 0111 02       		.uleb128 0x2
 255 0112 75       		.byte	0x75
 256 0113 00       		.sleb128 0
 257 0114 08       		.uleb128 0x8
 258 0115 02       		.uleb128 0x2
 259 0116 7D       		.byte	0x7d
ARM GAS  C:\Users\larco\AppData\Local\Temp\ccC56Bzk.s 			page 8


 260 0117 00       		.sleb128 0
 261 0118 02       		.uleb128 0x2
 262 0119 75       		.byte	0x75
 263 011a 00       		.sleb128 0
 264 011b 08       		.uleb128 0x8
 265 011c 02       		.uleb128 0x2
 266 011d 7D       		.byte	0x7d
 267 011e 04       		.sleb128 4
 268 011f 02       		.uleb128 0x2
 269 0120 75       		.byte	0x75
 270 0121 00       		.sleb128 0
 271 0122 00       		.byte	0
 272 0123 07       		.uleb128 0x7
 273 0124 28000000 		.4byte	.LVL6
 274 0128 88010000 		.4byte	0x188
 275 012c 3D010000 		.4byte	0x13d
 276 0130 08       		.uleb128 0x8
 277 0131 01       		.uleb128 0x1
 278 0132 51       		.byte	0x51
 279 0133 02       		.uleb128 0x2
 280 0134 76       		.byte	0x76
 281 0135 00       		.sleb128 0
 282 0136 08       		.uleb128 0x8
 283 0137 01       		.uleb128 0x1
 284 0138 52       		.byte	0x52
 285 0139 02       		.uleb128 0x2
 286 013a 77       		.byte	0x77
 287 013b 00       		.sleb128 0
 288 013c 00       		.byte	0
 289 013d 09       		.uleb128 0x9
 290 013e 30000000 		.4byte	.LVL7
 291 0142 93010000 		.4byte	0x193
 292 0146 08       		.uleb128 0x8
 293 0147 01       		.uleb128 0x1
 294 0148 51       		.byte	0x51
 295 0149 01       		.uleb128 0x1
 296 014a 32       		.byte	0x32
 297 014b 00       		.byte	0
 298 014c 00       		.byte	0
 299 014d 0A       		.uleb128 0xa
 300 014e 94020000 		.4byte	.LASF28
 301 0152 01       		.byte	0x1
 302 0153 88       		.byte	0x88
 303 0154 00000000 		.4byte	.LFB1
 304 0158 0C000000 		.4byte	.LFE1-.LFB1
 305 015c 01       		.uleb128 0x1
 306 015d 9C       		.byte	0x9c
 307 015e 6C010000 		.4byte	0x16c
 308 0162 0B       		.uleb128 0xb
 309 0163 08000000 		.4byte	.LVL8
 310 0167 9E010000 		.4byte	0x19e
 311 016b 00       		.byte	0
 312 016c 0C       		.uleb128 0xc
 313 016d EC000000 		.4byte	.LASF29
 314 0171 01       		.byte	0x1
 315 0172 45       		.byte	0x45
 316 0173 80000000 		.4byte	0x80
ARM GAS  C:\Users\larco\AppData\Local\Temp\ccC56Bzk.s 			page 9


 317 0177 05       		.uleb128 0x5
 318 0178 03       		.byte	0x3
 319 0179 00000000 		.4byte	DVDAC_1_DMA_DmaHandle
 320 017d 0D       		.uleb128 0xd
 321 017e C6020000 		.4byte	.LASF20
 322 0182 C6020000 		.4byte	.LASF20
 323 0186 03       		.byte	0x3
 324 0187 33       		.byte	0x33
 325 0188 0D       		.uleb128 0xd
 326 0189 56020000 		.4byte	.LASF21
 327 018d 56020000 		.4byte	.LASF21
 328 0191 03       		.byte	0x3
 329 0192 2D       		.byte	0x2d
 330 0193 0D       		.uleb128 0xd
 331 0194 DC000000 		.4byte	.LASF22
 332 0198 DC000000 		.4byte	.LASF22
 333 019c 03       		.byte	0x3
 334 019d 2C       		.byte	0x2c
 335 019e 0D       		.uleb128 0xd
 336 019f B7020000 		.4byte	.LASF23
 337 01a3 B7020000 		.4byte	.LASF23
 338 01a7 03       		.byte	0x3
 339 01a8 2A       		.byte	0x2a
 340 01a9 00       		.byte	0
 341              		.section	.debug_abbrev,"",%progbits
 342              	.Ldebug_abbrev0:
 343 0000 01       		.uleb128 0x1
 344 0001 11       		.uleb128 0x11
 345 0002 01       		.byte	0x1
 346 0003 25       		.uleb128 0x25
 347 0004 0E       		.uleb128 0xe
 348 0005 13       		.uleb128 0x13
 349 0006 0B       		.uleb128 0xb
 350 0007 03       		.uleb128 0x3
 351 0008 0E       		.uleb128 0xe
 352 0009 1B       		.uleb128 0x1b
 353 000a 0E       		.uleb128 0xe
 354 000b 55       		.uleb128 0x55
 355 000c 17       		.uleb128 0x17
 356 000d 11       		.uleb128 0x11
 357 000e 01       		.uleb128 0x1
 358 000f 10       		.uleb128 0x10
 359 0010 17       		.uleb128 0x17
 360 0011 00       		.byte	0
 361 0012 00       		.byte	0
 362 0013 02       		.uleb128 0x2
 363 0014 24       		.uleb128 0x24
 364 0015 00       		.byte	0
 365 0016 0B       		.uleb128 0xb
 366 0017 0B       		.uleb128 0xb
 367 0018 3E       		.uleb128 0x3e
 368 0019 0B       		.uleb128 0xb
 369 001a 03       		.uleb128 0x3
 370 001b 08       		.uleb128 0x8
 371 001c 00       		.byte	0
 372 001d 00       		.byte	0
 373 001e 03       		.uleb128 0x3
ARM GAS  C:\Users\larco\AppData\Local\Temp\ccC56Bzk.s 			page 10


 374 001f 24       		.uleb128 0x24
 375 0020 00       		.byte	0
 376 0021 0B       		.uleb128 0xb
 377 0022 0B       		.uleb128 0xb
 378 0023 3E       		.uleb128 0x3e
 379 0024 0B       		.uleb128 0xb
 380 0025 03       		.uleb128 0x3
 381 0026 0E       		.uleb128 0xe
 382 0027 00       		.byte	0
 383 0028 00       		.byte	0
 384 0029 04       		.uleb128 0x4
 385 002a 16       		.uleb128 0x16
 386 002b 00       		.byte	0
 387 002c 03       		.uleb128 0x3
 388 002d 0E       		.uleb128 0xe
 389 002e 3A       		.uleb128 0x3a
 390 002f 0B       		.uleb128 0xb
 391 0030 3B       		.uleb128 0x3b
 392 0031 05       		.uleb128 0x5
 393 0032 49       		.uleb128 0x49
 394 0033 13       		.uleb128 0x13
 395 0034 00       		.byte	0
 396 0035 00       		.byte	0
 397 0036 05       		.uleb128 0x5
 398 0037 2E       		.uleb128 0x2e
 399 0038 01       		.byte	0x1
 400 0039 3F       		.uleb128 0x3f
 401 003a 19       		.uleb128 0x19
 402 003b 03       		.uleb128 0x3
 403 003c 0E       		.uleb128 0xe
 404 003d 3A       		.uleb128 0x3a
 405 003e 0B       		.uleb128 0xb
 406 003f 3B       		.uleb128 0x3b
 407 0040 0B       		.uleb128 0xb
 408 0041 27       		.uleb128 0x27
 409 0042 19       		.uleb128 0x19
 410 0043 49       		.uleb128 0x49
 411 0044 13       		.uleb128 0x13
 412 0045 11       		.uleb128 0x11
 413 0046 01       		.uleb128 0x1
 414 0047 12       		.uleb128 0x12
 415 0048 06       		.uleb128 0x6
 416 0049 40       		.uleb128 0x40
 417 004a 18       		.uleb128 0x18
 418 004b 9742     		.uleb128 0x2117
 419 004d 19       		.uleb128 0x19
 420 004e 01       		.uleb128 0x1
 421 004f 13       		.uleb128 0x13
 422 0050 00       		.byte	0
 423 0051 00       		.byte	0
 424 0052 06       		.uleb128 0x6
 425 0053 05       		.uleb128 0x5
 426 0054 00       		.byte	0
 427 0055 03       		.uleb128 0x3
 428 0056 0E       		.uleb128 0xe
 429 0057 3A       		.uleb128 0x3a
 430 0058 0B       		.uleb128 0xb
ARM GAS  C:\Users\larco\AppData\Local\Temp\ccC56Bzk.s 			page 11


 431 0059 3B       		.uleb128 0x3b
 432 005a 0B       		.uleb128 0xb
 433 005b 49       		.uleb128 0x49
 434 005c 13       		.uleb128 0x13
 435 005d 02       		.uleb128 0x2
 436 005e 17       		.uleb128 0x17
 437 005f 00       		.byte	0
 438 0060 00       		.byte	0
 439 0061 07       		.uleb128 0x7
 440 0062 898201   		.uleb128 0x4109
 441 0065 01       		.byte	0x1
 442 0066 11       		.uleb128 0x11
 443 0067 01       		.uleb128 0x1
 444 0068 31       		.uleb128 0x31
 445 0069 13       		.uleb128 0x13
 446 006a 01       		.uleb128 0x1
 447 006b 13       		.uleb128 0x13
 448 006c 00       		.byte	0
 449 006d 00       		.byte	0
 450 006e 08       		.uleb128 0x8
 451 006f 8A8201   		.uleb128 0x410a
 452 0072 00       		.byte	0
 453 0073 02       		.uleb128 0x2
 454 0074 18       		.uleb128 0x18
 455 0075 9142     		.uleb128 0x2111
 456 0077 18       		.uleb128 0x18
 457 0078 00       		.byte	0
 458 0079 00       		.byte	0
 459 007a 09       		.uleb128 0x9
 460 007b 898201   		.uleb128 0x4109
 461 007e 01       		.byte	0x1
 462 007f 11       		.uleb128 0x11
 463 0080 01       		.uleb128 0x1
 464 0081 31       		.uleb128 0x31
 465 0082 13       		.uleb128 0x13
 466 0083 00       		.byte	0
 467 0084 00       		.byte	0
 468 0085 0A       		.uleb128 0xa
 469 0086 2E       		.uleb128 0x2e
 470 0087 01       		.byte	0x1
 471 0088 3F       		.uleb128 0x3f
 472 0089 19       		.uleb128 0x19
 473 008a 03       		.uleb128 0x3
 474 008b 0E       		.uleb128 0xe
 475 008c 3A       		.uleb128 0x3a
 476 008d 0B       		.uleb128 0xb
 477 008e 3B       		.uleb128 0x3b
 478 008f 0B       		.uleb128 0xb
 479 0090 27       		.uleb128 0x27
 480 0091 19       		.uleb128 0x19
 481 0092 11       		.uleb128 0x11
 482 0093 01       		.uleb128 0x1
 483 0094 12       		.uleb128 0x12
 484 0095 06       		.uleb128 0x6
 485 0096 40       		.uleb128 0x40
 486 0097 18       		.uleb128 0x18
 487 0098 9742     		.uleb128 0x2117
ARM GAS  C:\Users\larco\AppData\Local\Temp\ccC56Bzk.s 			page 12


 488 009a 19       		.uleb128 0x19
 489 009b 01       		.uleb128 0x1
 490 009c 13       		.uleb128 0x13
 491 009d 00       		.byte	0
 492 009e 00       		.byte	0
 493 009f 0B       		.uleb128 0xb
 494 00a0 898201   		.uleb128 0x4109
 495 00a3 00       		.byte	0
 496 00a4 11       		.uleb128 0x11
 497 00a5 01       		.uleb128 0x1
 498 00a6 9542     		.uleb128 0x2115
 499 00a8 19       		.uleb128 0x19
 500 00a9 31       		.uleb128 0x31
 501 00aa 13       		.uleb128 0x13
 502 00ab 00       		.byte	0
 503 00ac 00       		.byte	0
 504 00ad 0C       		.uleb128 0xc
 505 00ae 34       		.uleb128 0x34
 506 00af 00       		.byte	0
 507 00b0 03       		.uleb128 0x3
 508 00b1 0E       		.uleb128 0xe
 509 00b2 3A       		.uleb128 0x3a
 510 00b3 0B       		.uleb128 0xb
 511 00b4 3B       		.uleb128 0x3b
 512 00b5 0B       		.uleb128 0xb
 513 00b6 49       		.uleb128 0x49
 514 00b7 13       		.uleb128 0x13
 515 00b8 3F       		.uleb128 0x3f
 516 00b9 19       		.uleb128 0x19
 517 00ba 02       		.uleb128 0x2
 518 00bb 18       		.uleb128 0x18
 519 00bc 00       		.byte	0
 520 00bd 00       		.byte	0
 521 00be 0D       		.uleb128 0xd
 522 00bf 2E       		.uleb128 0x2e
 523 00c0 00       		.byte	0
 524 00c1 3F       		.uleb128 0x3f
 525 00c2 19       		.uleb128 0x19
 526 00c3 3C       		.uleb128 0x3c
 527 00c4 19       		.uleb128 0x19
 528 00c5 6E       		.uleb128 0x6e
 529 00c6 0E       		.uleb128 0xe
 530 00c7 03       		.uleb128 0x3
 531 00c8 0E       		.uleb128 0xe
 532 00c9 3A       		.uleb128 0x3a
 533 00ca 0B       		.uleb128 0xb
 534 00cb 3B       		.uleb128 0x3b
 535 00cc 0B       		.uleb128 0xb
 536 00cd 00       		.byte	0
 537 00ce 00       		.byte	0
 538 00cf 00       		.byte	0
 539              		.section	.debug_loc,"",%progbits
 540              	.Ldebug_loc0:
 541              	.LLST0:
 542 0000 00000000 		.4byte	.LVL0
 543 0004 18000000 		.4byte	.LVL4
 544 0008 0100     		.2byte	0x1
ARM GAS  C:\Users\larco\AppData\Local\Temp\ccC56Bzk.s 			page 13


 545 000a 50       		.byte	0x50
 546 000b 18000000 		.4byte	.LVL4
 547 000f 3C000000 		.4byte	.LFE0
 548 0013 0400     		.2byte	0x4
 549 0015 F3       		.byte	0xf3
 550 0016 01       		.uleb128 0x1
 551 0017 50       		.byte	0x50
 552 0018 9F       		.byte	0x9f
 553 0019 00000000 		.4byte	0
 554 001d 00000000 		.4byte	0
 555              	.LLST1:
 556 0021 00000000 		.4byte	.LVL0
 557 0025 14000000 		.4byte	.LVL3
 558 0029 0100     		.2byte	0x1
 559 002b 51       		.byte	0x51
 560 002c 14000000 		.4byte	.LVL3
 561 0030 3C000000 		.4byte	.LFE0
 562 0034 0400     		.2byte	0x4
 563 0036 F3       		.byte	0xf3
 564 0037 01       		.uleb128 0x1
 565 0038 51       		.byte	0x51
 566 0039 9F       		.byte	0x9f
 567 003a 00000000 		.4byte	0
 568 003e 00000000 		.4byte	0
 569              	.LLST2:
 570 0042 00000000 		.4byte	.LVL0
 571 0046 10000000 		.4byte	.LVL2
 572 004a 0100     		.2byte	0x1
 573 004c 52       		.byte	0x52
 574 004d 10000000 		.4byte	.LVL2
 575 0051 3C000000 		.4byte	.LFE0
 576 0055 0400     		.2byte	0x4
 577 0057 F3       		.byte	0xf3
 578 0058 01       		.uleb128 0x1
 579 0059 52       		.byte	0x52
 580 005a 9F       		.byte	0x9f
 581 005b 00000000 		.4byte	0
 582 005f 00000000 		.4byte	0
 583              	.LLST3:
 584 0063 00000000 		.4byte	.LVL0
 585 0067 0E000000 		.4byte	.LVL1
 586 006b 0100     		.2byte	0x1
 587 006d 53       		.byte	0x53
 588 006e 0E000000 		.4byte	.LVL1
 589 0072 3C000000 		.4byte	.LFE0
 590 0076 0400     		.2byte	0x4
 591 0078 F3       		.byte	0xf3
 592 0079 01       		.uleb128 0x1
 593 007a 53       		.byte	0x53
 594 007b 9F       		.byte	0x9f
 595 007c 00000000 		.4byte	0
 596 0080 00000000 		.4byte	0
 597              		.section	.debug_aranges,"",%progbits
 598 0000 24000000 		.4byte	0x24
 599 0004 0200     		.2byte	0x2
 600 0006 00000000 		.4byte	.Ldebug_info0
 601 000a 04       		.byte	0x4
ARM GAS  C:\Users\larco\AppData\Local\Temp\ccC56Bzk.s 			page 14


 602 000b 00       		.byte	0
 603 000c 0000     		.2byte	0
 604 000e 0000     		.2byte	0
 605 0010 00000000 		.4byte	.LFB0
 606 0014 3C000000 		.4byte	.LFE0-.LFB0
 607 0018 00000000 		.4byte	.LFB1
 608 001c 0C000000 		.4byte	.LFE1-.LFB1
 609 0020 00000000 		.4byte	0
 610 0024 00000000 		.4byte	0
 611              		.section	.debug_ranges,"",%progbits
 612              	.Ldebug_ranges0:
 613 0000 00000000 		.4byte	.LFB0
 614 0004 3C000000 		.4byte	.LFE0
 615 0008 00000000 		.4byte	.LFB1
 616 000c 0C000000 		.4byte	.LFE1
 617 0010 00000000 		.4byte	0
 618 0014 00000000 		.4byte	0
 619              		.section	.debug_line,"",%progbits
 620              	.Ldebug_line0:
 621 0000 86000000 		.section	.debug_str,"MS",%progbits,1
 621      02005800 
 621      00000201 
 621      FB0E0D00 
 621      01010101 
 622              	.LASF25:
 623 0000 47656E65 		.ascii	"Generated_Source\\PSoC5\\DVDAC_1_DMA_dma.c\000"
 623      72617465 
 623      645F536F 
 623      75726365 
 623      5C50536F 
 624              	.LASF27:
 625 0029 44564441 		.ascii	"DVDAC_1_DMA_DmaInitialize\000"
 625      435F315F 
 625      444D415F 
 625      446D6149 
 625      6E697469 
 626              	.LASF18:
 627 0043 55707065 		.ascii	"UpperSrcAddress\000"
 627      72537263 
 627      41646472 
 627      65737300 
 628              	.LASF26:
 629 0053 443A5C44 		.ascii	"D:\\Dropbox\\DEVELOPMENT\\Audio visualizations\\Aud"
 629      726F7062 
 629      6F785C44 
 629      4556454C 
 629      4F504D45 
 630 0082 696F2073 		.ascii	"io spectrum analyzer zebrawood\\Firmware\\audioSpec"
 630      70656374 
 630      72756D20 
 630      616E616C 
 630      797A6572 
 631 00b3 7472756D 		.ascii	"trumAnalyzer\\audioSpectrumAnalyzer.cydsn\000"
 631      416E616C 
 631      797A6572 
 631      5C617564 
 631      696F5370 
ARM GAS  C:\Users\larco\AppData\Local\Temp\ccC56Bzk.s 			page 15


 632              	.LASF22:
 633 00dc 4379446D 		.ascii	"CyDmaChPriority\000"
 633      61436850 
 633      72696F72 
 633      69747900 
 634              	.LASF29:
 635 00ec 44564441 		.ascii	"DVDAC_1_DMA_DmaHandle\000"
 635      435F315F 
 635      444D415F 
 635      446D6148 
 635      616E646C 
 636              	.LASF17:
 637 0102 52657165 		.ascii	"ReqestPerBurst\000"
 637      73745065 
 637      72427572 
 637      737400
 638              	.LASF6:
 639 0111 73686F72 		.ascii	"short unsigned int\000"
 639      7420756E 
 639      7369676E 
 639      65642069 
 639      6E7400
 640              	.LASF14:
 641 0124 666C6F61 		.ascii	"float\000"
 641      7400
 642              	.LASF4:
 643 012a 756E7369 		.ascii	"unsigned char\000"
 643      676E6564 
 643      20636861 
 643      7200
 644              	.LASF16:
 645 0138 42757273 		.ascii	"BurstCount\000"
 645      74436F75 
 645      6E7400
 646              	.LASF8:
 647 0143 6C6F6E67 		.ascii	"long unsigned int\000"
 647      20756E73 
 647      69676E65 
 647      6420696E 
 647      7400
 648              	.LASF12:
 649 0155 75696E74 		.ascii	"uint8\000"
 649      3800
 650              	.LASF15:
 651 015b 646F7562 		.ascii	"double\000"
 651      6C6500
 652              	.LASF13:
 653 0162 75696E74 		.ascii	"uint16\000"
 653      313600
 654              	.LASF0:
 655 0169 756E7369 		.ascii	"unsigned int\000"
 655      676E6564 
 655      20696E74 
 655      00
 656              	.LASF24:
 657 0176 474E5520 		.ascii	"GNU C11 5.4.1 20160609 (release) [ARM/embedded-5-br"
 657      43313120 
ARM GAS  C:\Users\larco\AppData\Local\Temp\ccC56Bzk.s 			page 16


 657      352E342E 
 657      31203230 
 657      31363036 
 658 01a9 616E6368 		.ascii	"anch revision 237715] -mcpu=cortex-m3 -mthumb -g -O"
 658      20726576 
 658      6973696F 
 658      6E203233 
 658      37373135 
 659 01dc 33202D66 		.ascii	"3 -ffunction-sections -ffat-lto-objects -finline-fu"
 659      66756E63 
 659      74696F6E 
 659      2D736563 
 659      74696F6E 
 660 020f 6E637469 		.ascii	"nctions\000"
 660      6F6E7300 
 661              	.LASF9:
 662 0217 6C6F6E67 		.ascii	"long long unsigned int\000"
 662      206C6F6E 
 662      6720756E 
 662      7369676E 
 662      65642069 
 663              	.LASF19:
 664 022e 55707065 		.ascii	"UpperDestAddress\000"
 664      72446573 
 664      74416464 
 664      72657373 
 664      00
 665              	.LASF10:
 666 023f 73697A65 		.ascii	"sizetype\000"
 666      74797065 
 666      00
 667              	.LASF1:
 668 0248 6C6F6E67 		.ascii	"long long int\000"
 668      206C6F6E 
 668      6720696E 
 668      7400
 669              	.LASF21:
 670 0256 4379446D 		.ascii	"CyDmaChSetExtendedAddress\000"
 670      61436853 
 670      65744578 
 670      74656E64 
 670      65644164 
 671              	.LASF11:
 672 0270 63686172 		.ascii	"char\000"
 672      00
 673              	.LASF5:
 674 0275 73686F72 		.ascii	"short int\000"
 674      7420696E 
 674      7400
 675              	.LASF7:
 676 027f 6C6F6E67 		.ascii	"long int\000"
 676      20696E74 
 676      00
 677              	.LASF2:
 678 0288 6C6F6E67 		.ascii	"long double\000"
 678      20646F75 
 678      626C6500 
ARM GAS  C:\Users\larco\AppData\Local\Temp\ccC56Bzk.s 			page 17


 679              	.LASF28:
 680 0294 44564441 		.ascii	"DVDAC_1_DMA_DmaRelease\000"
 680      435F315F 
 680      444D415F 
 680      446D6152 
 680      656C6561 
 681              	.LASF3:
 682 02ab 7369676E 		.ascii	"signed char\000"
 682      65642063 
 682      68617200 
 683              	.LASF23:
 684 02b7 4379446D 		.ascii	"CyDmaChDisable\000"
 684      61436844 
 684      69736162 
 684      6C6500
 685              	.LASF20:
 686 02c6 4379446D 		.ascii	"CyDmaChSetConfiguration\000"
 686      61436853 
 686      6574436F 
 686      6E666967 
 686      75726174 
 687              		.ident	"GCC: (GNU Tools for ARM Embedded Processors) 5.4.1 20160609 (release) [ARM/embedded-5-bran
